Archive member included because of file (symbol)

build/z1/contiki-ng-z1.a(uart0-putchar.o)
                              build/z1/obj/contiki-main.o (putchar)
build/z1/contiki-ng-z1.a(platform.o)
                              build/z1/obj/contiki-main.o (platform_init_stage_one)
build/z1/contiki-ng-z1.a(msp430.o)
                              build/z1/contiki-ng-z1.a(platform.o) (msp430_dco_required)
build/z1/contiki-ng-z1.a(clock.o)
                              build/z1/obj/contiki-main.o (clock_init)
build/z1/contiki-ng-z1.a(watchdog.o)
                              build/z1/obj/contiki-main.o (watchdog_start)
build/z1/contiki-ng-z1.a(rtimer-arch.o)
                              build/z1/contiki-ng-z1.a(platform.o) (rtimer_arch_now)
build/z1/contiki-ng-z1.a(serial-shell.o)
                              build/z1/obj/contiki-main.o (serial_shell_init)
build/z1/contiki-ng-z1.a(orchestra-rule-)
                              udp-server.o (unicast_per_neighbor_rpl_ns)
build/z1/contiki-ng-z1.a(orchestra-rule-)
                              udp-server.o (default_common)
build/z1/contiki-ng-z1.a(orchestra.o)
                              udp-server.o (orchestra_init)
build/z1/contiki-ng-z1.a(orchestra-rule-)
                              udp-server.o (eb_per_time_source)
build/z1/contiki-ng-z1.a(autostart.o)
                              build/z1/obj/contiki-main.o (autostart_start)
build/z1/contiki-ng-z1.a(ctimer.o)
                              build/z1/obj/contiki-main.o (ctimer_init)
build/z1/contiki-ng-z1.a(energest.o)
                              build/z1/obj/contiki-main.o (energest_init)
build/z1/contiki-ng-z1.a(etimer.o)
                              build/z1/contiki-ng-z1.a(clock.o) (etimer_request_poll)
build/z1/contiki-ng-z1.a(log.o)
                              build/z1/obj/contiki-main.o (log_6addr)
build/z1/contiki-ng-z1.a(rtimer.o)
                              build/z1/obj/contiki-main.o (rtimer_init)
build/z1/contiki-ng-z1.a(node-id.o)
                              build/z1/obj/contiki-main.o (node_id_init)
build/z1/contiki-ng-z1.a(process.o)
                              build/z1/contiki-ng-z1.a(ctimer.o) (process_current)
build/z1/contiki-ng-z1.a(timer.o)
                              build/z1/contiki-ng-z1.a(etimer.o) (timer_set)
build/z1/contiki-ng-z1.a(stack-check.o)
                              build/z1/obj/contiki-main.o (stack_check_init)
build/z1/contiki-ng-z1.a(list.o)
                              build/z1/contiki-ng-z1.a(ctimer.o) (list_init)
build/z1/contiki-ng-z1.a(random.o)
                              build/z1/contiki-ng-z1.a(platform.o) (random_init)
build/z1/contiki-ng-z1.a(serial-line.o)
                              build/z1/contiki-ng-z1.a(serial-shell.o) (serial_line_event_message)
build/z1/contiki-ng-z1.a(queuebuf.o)
                              build/z1/obj/contiki-main.o (queuebuf_init)
build/z1/contiki-ng-z1.a(packetbuf.o)
                              build/z1/contiki-ng-z1.a(queuebuf.o) (packetbuf_copyto)
build/z1/contiki-ng-z1.a(netstack.o)
                              build/z1/obj/contiki-main.o (netstack_init)
build/z1/contiki-ng-z1.a(linkaddr.o)
                              build/z1/contiki-ng-z1.a(platform.o) (linkaddr_copy)
build/z1/contiki-ng-z1.a(tsch.o)
                              build/z1/contiki-ng-z1.a(orchestra-rule-) (tsch_broadcast_address)
build/z1/contiki-ng-z1.a(tsch-queue.o)
                              build/z1/contiki-ng-z1.a(tsch.o) (tsch_queue_get_nbr)
build/z1/contiki-ng-z1.a(tsch-schedule.o)
                              build/z1/contiki-ng-z1.a(tsch.o) (tsch_schedule_get_slotframe_by_handle)
build/z1/contiki-ng-z1.a(tsch-slot-opera)
                              build/z1/contiki-ng-z1.a(tsch.o) (dequeued_ringbuf)
build/z1/contiki-ng-z1.a(tsch-packet.o)
                              build/z1/contiki-ng-z1.a(tsch-slot-opera) (tsch_packet_create_eack)
build/z1/contiki-ng-z1.a(tsch-security.o)
                              build/z1/contiki-ng-z1.a(tsch.o) (tsch_security_set_packetbuf_attr)
build/z1/contiki-ng-z1.a(tsch-rpl.o)
                              build/z1/contiki-ng-z1.a(tsch.o) (tsch_rpl_callback_ka_sent)
build/z1/contiki-ng-z1.a(tsch-adaptive-t)
                              build/z1/contiki-ng-z1.a(tsch-slot-opera) (tsch_timesync_adaptive_compensate)
build/z1/contiki-ng-z1.a(uip-ds6.o)
                              build/z1/obj/contiki-main.o (uip_ds6_get_link_local)
build/z1/contiki-ng-z1.a(uiplib.o)
                              build/z1/contiki-ng-z1.a(log.o) (uiplib_ipaddr_snprint)
build/z1/contiki-ng-z1.a(uip-ds6-route.o)
                              build/z1/contiki-ng-z1.a(uip-ds6.o) (uip_ds6_route_init)
build/z1/contiki-ng-z1.a(tcpip.o)
                              build/z1/obj/contiki-main.o (tcpip_process)
build/z1/contiki-ng-z1.a(uip6.o)
                              build/z1/contiki-ng-z1.a(tcpip.o) (uip_aligned_buf)
build/z1/contiki-ng-z1.a(uip-ds6-nbr.o)
[...]
Memory Configuration

Name             Origin             Length             Attributes
sfr              0x0000000000000000 0x0000000000000010
peripheral_8bit  0x0000000000000010 0x00000000000000f0
peripheral_16bit 0x0000000000000100 0x0000000000000100
ram_mirror       0x0000000000000200 0x0000000000000800 xw
infomem          0x0000000000001000 0x0000000000000100
infod            0x0000000000001000 0x0000000000000040
infoc            0x0000000000001040 0x0000000000000040
infob            0x0000000000001080 0x0000000000000040
infoa            0x00000000000010c0 0x0000000000000040
ram              0x0000000000001100 0x0000000000002000 xw
rom              0x0000000000003100 0x000000000000cebe xr
vectors          0x000000000000ffc0 0x0000000000000040
far_rom          0x0000000000010000 0x000000000000a000
bsl              0x0000000000000000 0x0000000000000000
ram2             0x0000000000000000 0x0000000000000000 xw
usbram           0x0000000000000000 0x0000000000000000 xw
*default*        0x0000000000000000 0xffffffffffffffff

Linker script and memory map

LOAD /opt/compiler/mspgcc-4.7.3/bin/../lib/gcc/msp430/4.7.3/mcpu-430x/mmpy-16/msr20/mc20/crt0ivtbl32.o
                0x0000000000000041                __P1SEL2 = 0x41
                0x0000000000000045                __P5SEL2 = 0x45
                0x0000000000002910                _stack = _end
LOAD udp-server.o
LOAD build/z1/obj/contiki-main.o
LOAD build/z1/contiki-ng-z1.a
LOAD /opt/compiler/mspgcc-4.7.3/bin/../lib/gcc/msp430/4.7.3/mcpu-430x/mmpy-16/msr20/mc20/libgcc.a
LOAD /opt/compiler/mspgcc-4.7.3/bin/../lib/gcc/msp430/4.7.3/../../../../msp430/lib/mcpu-430x/mmpy-16/msr20/mc20/libc.a
LOAD /opt/compiler/mspgcc-4.7.3/bin/../lib/gcc/msp430/4.7.3/mcpu-430x/mmpy-16/msr20/mc20/libgcc.a
LOAD /opt/compiler/mspgcc-4.7.3/bin/../lib/gcc/msp430/4.7.3/mcpu-430x/mmpy-16/msr20/mc20/libcrt0.a
                0x0000000000000040                PROVIDE (__info_segment_size, 0x40)
                0x0000000000001000                PROVIDE (__infod, 0x1000)
                0x0000000000001040                PROVIDE (__infoc, 0x1040)
                0x0000000000001080                PROVIDE (__infob, 0x1080)
                0x00000000000010c0                PROVIDE (__infoa, 0x10c0)
                0x0000000000000000                __IE1 = 0x0
                0x0000000000000002                __IFG1 = 0x2
                0x0000000000000001                __IE2 = 0x1
                0x0000000000000003                __IFG2 = 0x3
                0x0000000000000006                __UC1IE = 0x6
                0x0000000000000007                __UC1IFG = 0x7
                0x00000000000001a0                __ADC12CTL0 = 0x1a0
                0x00000000000001a2                __ADC12CTL1 = 0x1a2
                0x00000000000001a4                __ADC12IFG = 0x1a4
                0x00000000000001a6                __ADC12IE = 0x1a6
                0x00000000000001a8                __ADC12IV = 0x1a8
                0x0000000000000140                __ADC12MEM0 = 0x140
                0x0000000000000142                __ADC12MEM1 = 0x142
                0x0000000000000144                __ADC12MEM2 = 0x144
                0x0000000000000146                __ADC12MEM3 = 0x146
                0x0000000000000148                __ADC12MEM4 = 0x148
                0x000000000000014a                __ADC12MEM5 = 0x14a
                0x000000000000014c                __ADC12MEM6 = 0x14c
                0x000000000000014e                __ADC12MEM7 = 0x14e
                0x0000000000000150                __ADC12MEM8 = 0x150
                0x0000000000000152                __ADC12MEM9 = 0x152
                0x0000000000000154                __ADC12MEM10 = 0x154
                0x0000000000000156                __ADC12MEM11 = 0x156
                0x0000000000000158                __ADC12MEM12 = 0x158
                0x000000000000015a                __ADC12MEM13 = 0x15a
                0x000000000000015c                __ADC12MEM14 = 0x15c
                0x000000000000015e                __ADC12MEM15 = 0x15e
                0x0000000000000080                __ADC12MCTL0 = 0x80
                0x0000000000000081                __ADC12MCTL1 = 0x81
                0x0000000000000082                __ADC12MCTL2 = 0x82
                0x0000000000000083                __ADC12MCTL3 = 0x83
                0x0000000000000084                __ADC12MCTL4 = 0x84
                0x0000000000000085                __ADC12MCTL5 = 0x85
                0x0000000000000086                __ADC12MCTL6 = 0x86
                0x0000000000000087                __ADC12MCTL7 = 0x87
                0x0000000000000088                __ADC12MCTL8 = 0x88
                0x0000000000000089                __ADC12MCTL9 = 0x89
                0x000000000000008a                __ADC12MCTL10 = 0x8a
                0x000000000000008b                __ADC12MCTL11 = 0x8b
                0x000000000000008c                __ADC12MCTL12 = 0x8c
                0x000000000000008d                __ADC12MCTL13 = 0x8d
                0x000000000000008e                __ADC12MCTL14 = 0x8e
                0x000000000000008f                __ADC12MCTL15 = 0x8f
                0x0000000000000056                __DCOCTL = 0x56
                0x0000000000000057                __BCSCTL1 = 0x57
                0x0000000000000058                __BCSCTL2 = 0x58
                0x0000000000000053                __BCSCTL3 = 0x53
                0x0000000000000059                __CACTL1 = 0x59
                0x000000000000005a                __CACTL2 = 0x5a
                0x000000000000005b                __CAPD = 0x5b
                0x00000000000001c0                __DAC12_0CTL = 0x1c0
                0x00000000000001c2                __DAC12_1CTL = 0x1c2
                0x00000000000001c8                __DAC12_0DAT = 0x1c8
                0x00000000000001ca                __DAC12_1DAT = 0x1ca
                0x0000000000000122                __DMACTL0 = 0x122
                0x0000000000000124                __DMACTL1 = 0x124
                0x0000000000000126                __DMAIV = 0x126
                0x00000000000001d0                __DMA0CTL = 0x1d0
                0x00000000000001dc                __DMA1CTL = 0x1dc
                0x00000000000001e8                __DMA2CTL = 0x1e8
                0x00000000000001d2                __DMA0SA = 0x1d2
                0x00000000000001d2                __DMA0SAL = 0x1d2
                0x00000000000001d6                __DMA0DA = 0x1d6
                0x00000000000001d6                __DMA0DAL = 0x1d6
                0x00000000000001da                __DMA0SZ = 0x1da
                0x00000000000001de                __DMA1SA = 0x1de
                0x00000000000001de                __DMA1SAL = 0x1de
                0x00000000000001e2                __DMA1DA = 0x1e2
                0x00000000000001e2                __DMA1DAL = 0x1e2
                0x00000000000001e6                __DMA1SZ = 0x1e6
                0x00000000000001ea                __DMA2SA = 0x1ea
                0x00000000000001ea                __DMA2SAL = 0x1ea
                0x00000000000001ee                __DMA2DA = 0x1ee
                0x00000000000001ee                __DMA2DAL = 0x1ee
                0x00000000000001f2                __DMA2SZ = 0x1f2
                0x0000000000000128                __FCTL1 = 0x128
                0x000000000000012a                __FCTL2 = 0x12a
                0x000000000000012c                __FCTL3 = 0x12c
                0x00000000000001be                __FCTL4 = 0x1be
                0x0000000000000130                __MPY = 0x130
                0x0000000000000132                __MPYS = 0x132
                0x0000000000000134                __MAC = 0x134
                0x0000000000000136                __MACS = 0x136
                0x0000000000000138                __OP2 = 0x138
                0x000000000000013a                __RESLO = 0x13a
                0x000000000000013c                __RESHI = 0x13c
                0x000000000000013e                __SUMEXT = 0x13e
                0x0000000000000020                __P1IN = 0x20
                0x0000000000000021                __P1OUT = 0x21
                0x0000000000000022                __P1DIR = 0x22
                0x0000000000000023                __P1IFG = 0x23
                0x0000000000000024                __P1IES = 0x24
                0x0000000000000025                __P1IE = 0x25
                0x0000000000000026                __P1SEL = 0x26
                0x0000000000000027                __P1REN = 0x27
                0x0000000000000028                __P2IN = 0x28
                0x0000000000000029                __P2OUT = 0x29
                0x000000000000002a                __P2DIR = 0x2a
                0x000000000000002b                __P2IFG = 0x2b
                0x000000000000002c                __P2IES = 0x2c
                0x000000000000002d                __P2IE = 0x2d
                0x000000000000002e                __P2SEL = 0x2e
                0x000000000000002f                __P2REN = 0x2f
                0x0000000000000018                __P3IN = 0x18
                0x0000000000000019                __P3OUT = 0x19
                0x000000000000001a                __P3DIR = 0x1a
                0x000000000000001b                __P3SEL = 0x1b
                0x0000000000000010                __P3REN = 0x10
                0x000000000000001c                __P4IN = 0x1c
                0x000000000000001d                __P4OUT = 0x1d
                0x000000000000001e                __P4DIR = 0x1e
                0x000000000000001f                __P4SEL = 0x1f
                0x0000000000000011                __P4REN = 0x11
                0x0000000000000030                __P5IN = 0x30
                0x0000000000000031                __P5OUT = 0x31
                0x0000000000000032                __P5DIR = 0x32
                0x0000000000000033                __P5SEL = 0x33
                0x0000000000000012                __P5REN = 0x12
                0x0000000000000034                __P6IN = 0x34
                0x0000000000000035                __P6OUT = 0x35
                0x0000000000000036                __P6DIR = 0x36
                0x0000000000000037                __P6SEL = 0x37
                0x0000000000000013                __P6REN = 0x13
                0x0000000000000038                __P7IN = 0x38
                0x000000000000003a                __P7OUT = 0x3a
                0x000000000000003c                __P7DIR = 0x3c
                0x000000000000003e                __P7SEL = 0x3e
                0x0000000000000014                __P7REN = 0x14
                0x0000000000000039                __P8IN = 0x39
                0x000000000000003b                __P8OUT = 0x3b
                0x000000000000003d                __P8DIR = 0x3d
                0x000000000000003f                __P8SEL = 0x3f
                0x0000000000000015                __P8REN = 0x15
                0x0000000000000038                __PAIN = 0x38
                0x000000000000003a                __PAOUT = 0x3a
                0x000000000000003c                __PADIR = 0x3c
                0x000000000000003e                __PASEL = 0x3e
                0x0000000000000014                __PAREN = 0x14
                0x0000000000000055                __SVSCTL = 0x55
                0x000000000000012e                __TAIV = 0x12e
                0x0000000000000160                __TACTL = 0x160
                0x0000000000000162                __TACCTL0 = 0x162
                0x0000000000000164                __TACCTL1 = 0x164
                0x0000000000000166                __TACCTL2 = 0x166
                0x0000000000000170                __TAR = 0x170
                0x0000000000000172                __TACCR0 = 0x172
                0x0000000000000174                __TACCR1 = 0x174
                0x0000000000000176                __TACCR2 = 0x176
                0x000000000000011e                __TBIV = 0x11e
                0x0000000000000180                __TBCTL = 0x180
                0x0000000000000182                __TBCCTL0 = 0x182
                0x0000000000000184                __TBCCTL1 = 0x184
                0x0000000000000186                __TBCCTL2 = 0x186
                0x0000000000000188                __TBCCTL3 = 0x188
                0x000000000000018a                __TBCCTL4 = 0x18a
                0x000000000000018c                __TBCCTL5 = 0x18c
                0x000000000000018e                __TBCCTL6 = 0x18e
                0x0000000000000190                __TBR = 0x190
                0x0000000000000192                __TBCCR0 = 0x192
                0x0000000000000194                __TBCCR1 = 0x194
                0x0000000000000196                __TBCCR2 = 0x196
                0x0000000000000198                __TBCCR3 = 0x198
                0x000000000000019a                __TBCCR4 = 0x19a
                0x000000000000019c                __TBCCR5 = 0x19c
                0x000000000000019e                __TBCCR6 = 0x19e
                0x0000000000000060                __UCA0CTL0 = 0x60
                0x0000000000000061                __UCA0CTL1 = 0x61
                0x0000000000000062                __UCA0BR0 = 0x62
                0x0000000000000063                __UCA0BR1 = 0x63
                0x0000000000000064                __UCA0MCTL = 0x64
                0x0000000000000065                __UCA0STAT = 0x65
                0x0000000000000066                __UCA0RXBUF = 0x66
                0x0000000000000067                __UCA0TXBUF = 0x67
                0x000000000000005d                __UCA0ABCTL = 0x5d
                0x000000000000005e                __UCA0IRTCTL = 0x5e
                0x000000000000005f                __UCA0IRRCTL = 0x5f
                0x0000000000000068                __UCB0CTL0 = 0x68
                0x0000000000000069                __UCB0CTL1 = 0x69
                0x000000000000006a                __UCB0BR0 = 0x6a
                0x000000000000006b                __UCB0BR1 = 0x6b
                0x000000000000006c                __UCB0I2CIE = 0x6c
                0x000000000000006d                __UCB0STAT = 0x6d
                0x000000000000006e                __UCB0RXBUF = 0x6e
                0x000000000000006f                __UCB0TXBUF = 0x6f
                0x0000000000000118                __UCB0I2COA = 0x118
                0x000000000000011a                __UCB0I2CSA = 0x11a
                0x00000000000000d0                __UCA1CTL0 = 0xd0
                0x00000000000000d1                __UCA1CTL1 = 0xd1
                0x00000000000000d2                __UCA1BR0 = 0xd2
                0x00000000000000d3                __UCA1BR1 = 0xd3
                0x00000000000000d4                __UCA1MCTL = 0xd4
                0x00000000000000d5                __UCA1STAT = 0xd5
                0x00000000000000d6                __UCA1RXBUF = 0xd6
                0x00000000000000d7                __UCA1TXBUF = 0xd7
                0x00000000000000cd                __UCA1ABCTL = 0xcd
                0x00000000000000ce                __UCA1IRTCTL = 0xce
                0x00000000000000cf                __UCA1IRRCTL = 0xcf
                0x00000000000000d8                __UCB1CTL0 = 0xd8
                0x00000000000000d9                __UCB1CTL1 = 0xd9
                0x00000000000000da                __UCB1BR0 = 0xda
                0x00000000000000db                __UCB1BR1 = 0xdb
                0x00000000000000dc                __UCB1I2CIE = 0xdc
                0x00000000000000dd                __UCB1STAT = 0xdd
                0x00000000000000de                __UCB1RXBUF = 0xde
                0x00000000000000df                __UCB1TXBUF = 0xdf
                0x000000000000017c                __UCB1I2COA = 0x17c
                0x000000000000017e                __UCB1I2CSA = 0x17e
                0x0000000000000120                __WDTCTL = 0x120
                0x00000000000010c0                __TLV_CHECKSUM = 0x10c0
                0x00000000000010f6                __TLV_DCO_30_TAG = 0x10f6
                0x00000000000010f7                __TLV_DCO_30_LEN = 0x10f7
                0x00000000000010da                __TLV_ADC12_1_TAG = 0x10da
                0x00000000000010db                __TLV_ADC12_1_LEN = 0x10db
                0x00000000000010f8                __CALDCO_16MHZ = 0x10f8
                0x00000000000010f9                __CALBC1_16MHZ = 0x10f9
                0x00000000000010fa                __CALDCO_12MHZ = 0x10fa
                0x00000000000010fb                __CALBC1_12MHZ = 0x10fb
                0x00000000000010fc                __CALDCO_8MHZ = 0x10fc
                0x00000000000010fd                __CALBC1_8MHZ = 0x10fd
                0x00000000000010fe                __CALDCO_1MHZ = 0x10fe
                0x00000000000010ff                __CALBC1_1MHZ = 0x10ff

.hash
 *(.hash)

.dynsym
 *(.dynsym)

.dynstr
 *(.dynstr)

.gnu.version
 *(.gnu.version)

.gnu.version_d
 *(.gnu.version_d)

.gnu.version_r
 *(.gnu.version_r)

.rel.init
 *(.rel.init)

.rela.init
 *(.rela.init)

.rel.fini
 *(.rel.fini)

.rela.fini
 *(.rela.fini)

.rel.text
 *(.rel.text .rel.text.* .rel.gnu.linkonce.t.*)

.rela.text
 *(.rela.text .rela.text.* .rela.gnu.linkonce.t.*)

.rel.rodata
 *(.rel.rodata .rel.rodata.* .rel.gnu.linkonce.r.*)

.rela.rodata
 *(.rela.rodata .rela.rodata.* .rela.gnu.linkonce.r.*)

.rel.data
 *(.rel.data .rel.data.* .rel.gnu.linkonce.d.*)

.rela.data
 *(.rela.data .rela.data.* .rela.gnu.linkonce.d.*)

.rel.bss
 *(.rel.bss .rel.bss.* .rel.gnu.linkonce.b.*)

.rela.bss
 *(.rela.bss .rela.bss.* .rela.gnu.linkonce.b.*)

.rel.ctors
 *(.rel.ctors)

.rela.ctors
 *(.rela.ctors)

.rel.dtors
 *(.rel.dtors)

.rela.dtors
 *(.rela.dtors)

.rel.got
 *(.rel.got)

.rela.got
 *(.rela.got)

.rel.plt
 *(.rel.plt)

.rela.plt
 *(.rela.plt)

.text           0x0000000000003100     0xb578
                0x0000000000003100                . = ALIGN (0x2)
 *(.init .init.*)
 *(.init0)
 .init0         0x0000000000003100        0x0 /opt/compiler/mspgcc-4.7.3/bin/../lib/gcc/msp430/4.7.3/mcpu-430x/mmpy-16/msr20/mc20/libcrt0.a(_reset_vector__.o)
                0x0000000000003100                _reset_vector__
 *(.init1)
 .init1         0x0000000000003100        0xc /opt/compiler/mspgcc-4.7.3/bin/../lib/gcc/msp430/4.7.3/mcpu-430x/mmpy-16/msr20/mc20/libcrt0.a(__watchdog_support.o)
                0x0000000000003100                __watchdog_support
 *(.init2)
 .init2         0x000000000000310c        0x4 /opt/compiler/mspgcc-4.7.3/bin/../lib/gcc/msp430/4.7.3/mcpu-430x/mmpy-16/msr20/mc20/libcrt0.a(__init_stack.o)
                0x000000000000310c                __init_stack
 *(.init3)
 .init3         0x0000000000003110        0x0 /opt/compiler/mspgcc-4.7.3/bin/../lib/gcc/msp430/4.7.3/mcpu-430x/mmpy-16/msr20/mc20/libcrt0.a(__low_level_init.o)
                0x0000000000003110                __low_level_init
 *(.init4)
 .init4         0x0000000000003110       0x18 /opt/compiler/mspgcc-4.7.3/bin/../lib/gcc/msp430/4.7.3/mcpu-430x/mmpy-16/msr20/mc20/libcrt0.a(_copy_data.o)
                0x0000000000003110                __do_copy_data
 .init4         0x0000000000003128       0x16 /opt/compiler/mspgcc-4.7.3/bin/../lib/gcc/msp430/4.7.3/mcpu-430x/mmpy-16/msr20/mc20/libcrt0.a(_clear_bss.o)
                0x0000000000003128                __do_clear_bss
 *(.init5)
 *(.init6)
 *(.init7)
 *(.init8)
 *(.init9)
 .init9         0x000000000000313e      0x238 build/z1/obj/contiki-main.o
                0x000000000000313e                main
 *(.fini9)
 .fini9         0x0000000000003376        0x0 /opt/compiler/mspgcc-4.7.3/bin/../lib/gcc/msp430/4.7.3/mcpu-430x/mmpy-16/msr20/mc20/libcrt0.a(__stop_progExec__.o)
                0x0000000000003376                __stop_progExec__
 *(.fini8)
 *(.fini7)
 *(.fini6)
 *(.fini5)
 *(.fini4)
 *(.fini3)
 *(.fini2)
 *(.fini1)
 *(.fini0)
 .fini0         0x0000000000003376        0x6 /opt/compiler/mspgcc-4.7.3/bin/../lib/gcc/msp430/4.7.3/mcpu-430x/mmpy-16/msr20/mc20/libcrt0.a(_endless_loop__.o)
                0x0000000000003376                _endless_loop__
 *(.fini .fini.*)
                0x000000000000337c                . = ALIGN (0x2)
                0x000000000000337c                __ctors_start = .
 *(.ctors)
                0x000000000000337c                __ctors_end = .
                0x000000000000337c                __dtors_start = .
 *(.dtors)
                0x000000000000337c                __dtors_end = .
                0x000000000000337c                . = ALIGN (0x2)
 *(.text .text.* .gnu.linkonce.t.*)
 .text          0x000000000000337c        0x4 /opt/compiler/mspgcc-4.7.3/bin/../lib/gcc/msp430/4.7.3/mcpu-430x/mmpy-16/msr20/mc20/crt0ivtbl32.o
                0x000000000000337c                __isr_14
                0x000000000000337c                __isr_4
                0x000000000000337c                __isr_29
                0x000000000000337c                __isr_11
                0x000000000000337c                __isr_5
                0x000000000000337c                __isr_2
                0x000000000000337c                __isr_10
                0x000000000000337c                __isr_7
                0x000000000000337c                __isr_0
                0x000000000000337c                __isr_8
                0x000000000000337c                __isr_20
                0x000000000000337c                __isr_3
                0x000000000000337c                __isr_12
                0x000000000000337c                __isr_13
                0x000000000000337c                __isr_27
                0x000000000000337c                __isr_9
                0x000000000000337c                __isr_30
                0x000000000000337c                __isr_6
                0x000000000000337c                __isr_22
                0x000000000000337c                __isr_1
                0x000000000000337c                __isr_15
                0x000000000000337c                __isr_21
 .text.libgcc   0x0000000000003380       0x26 /opt/compiler/mspgcc-4.7.3/bin/../lib/gcc/msp430/4.7.3/mcpu-430x/mmpy-16/msr20/mc20/libgcc.a(_mulsi3.o)
                0x0000000000003380                __mulsi3
 .text.libgcc   0x00000000000033a6       0x26 /opt/compiler/mspgcc-4.7.3/bin/../lib/gcc/msp430/4.7.3/mcpu-430x/mmpy-16/msr20/mc20/libgcc.a(_mulsidi3.o)
                0x00000000000033a6                __mulsidi3
 .text.libgcc   0x00000000000033cc       0x58 /opt/compiler/mspgcc-4.7.3/bin/../lib/gcc/msp430/4.7.3/mcpu-430x/mmpy-16/msr20/mc20/libgcc.a(_muldi3.o)
                0x00000000000033cc                __muldi3
                0x00000000000033e6                __xabi_muldi3
 .text.libgcc   0x0000000000003424       0x22 /opt/compiler/mspgcc-4.7.3/bin/../lib/gcc/msp430/4.7.3/mcpu-430x/mmpy-16/msr20/mc20/libgcc.a(_udivmod16.o)
                0x0000000000003424                __udivhi3
                0x0000000000003424                __ext_udivmod16
                0x000000000000343e                __umodhi3
 .text.libgcc   0x0000000000003446       0x3a /opt/compiler/mspgcc-4.7.3/bin/../lib/gcc/msp430/4.7.3/mcpu-430x/mmpy-16/msr20/mc20/libgcc.a(_divmod16.o)
                0x0000000000003446                __ext_divmod16
                0x0000000000003446                __divhi3
                0x0000000000003478                __modhi3
 .text.libgcc   0x0000000000003480       0x38 /opt/compiler/mspgcc-4.7.3/bin/../lib/gcc/msp430/4.7.3/mcpu-430x/mmpy-16/msr20/mc20/libgcc.a(_udivmod32.o)
                0x0000000000003480                __udivsi3
                0x0000000000003480                __ext_udivmod32
                0x00000000000034ae                __umodsi3
 .text.libgcc   0x00000000000034b8       0x4c /opt/compiler/mspgcc-4.7.3/bin/../lib/gcc/msp430/4.7.3/mcpu-430x/mmpy-16/msr20/mc20/libgcc.a(_divmod32.o)
                0x00000000000034b8                __ext_divmod32
                0x00000000000034b8                __divsi3
                0x00000000000034fa                __modsi3
 .text.libgcc   0x0000000000003504       0x9e /opt/compiler/mspgcc-4.7.3/bin/../lib/gcc/msp430/4.7.3/mcpu-430x/mmpy-16/msr20/mc20/libgcc.a(_divmod64.o)
                0x0000000000003504                __xabi_divmod64
                0x0000000000003566                __divdi3
                0x0000000000003580                __moddi3
 .text.libgcc   0x00000000000035a2       0xbc /opt/compiler/mspgcc-4.7.3/bin/../lib/gcc/msp430/4.7.3/mcpu-430x/mmpy-16/msr20/mc20/libgcc.a(_udivmod64.o)
                0x00000000000035a2                __xabi_udivmod64
                0x00000000000035f4                __udivdi3
                0x000000000000360e                __umoddi3
                0x0000000000003630                __udivmoddi4
 .text.ldiv     0x000000000000365e       0x12 /opt/compiler/mspgcc-4.7.3/bin/../lib/gcc/msp430/4.7.3/../../../../msp430/lib/mcpu-430x/mmpy-16/msr20/mc20/libc.a(ldiv.o)
                0x000000000000365e                ldiv
 .text.crt0     0x0000000000003670        0x2 /opt/compiler/mspgcc-4.7.3/bin/../lib/gcc/msp430/4.7.3/mcpu-430x/mmpy-16/msr20/mc20/libcrt0.a(_unexpected_.o)
                0x0000000000003670                _unexpected_
 *(.near.text .near.text.*)
 .near.text.timera1
                0x0000000000003672       0xd0 build/z1/contiki-ng-z1.a(clock.o)
                0x0000000000003672                __isr_24
                0x0000000000003672                timera1
 .near.text.watchdog_interrupt
                0x0000000000003742        0x6 build/z1/contiki-ng-z1.a(watchdog.o)
                0x0000000000003742                __isr_26
                0x0000000000003742                watchdog_interrupt
 .near.text.timera0
                0x0000000000003748       0x22 build/z1/contiki-ng-z1.a(rtimer-arch.o)
                0x0000000000003748                __isr_25
                0x0000000000003748                timera0
 .near.text.cc2420_timerb1_interrupt
                0x000000000000376a       0x26 build/z1/contiki-ng-z1.a(cc2420-arch-sfd)
                0x000000000000376a                cc2420_timerb1_interrupt
                0x000000000000376a                __isr_28
 .near.text.uart0_rx_interrupt
                0x0000000000003790       0x2a build/z1/contiki-ng-z1.a(uart0.o)
                0x0000000000003790                __isr_23
                0x0000000000003790                uart0_rx_interrupt
 .near.text.port1_isr
                0x00000000000037ba       0x84 build/z1/contiki-ng-z1.a(adxl345.o)
                0x00000000000037ba                port1_isr
                0x00000000000037ba                __isr_18
 .near.text.i2c_tx_interrupt
                0x000000000000383e       0x84 build/z1/contiki-ng-z1.a(i2cmaster.o)
                0x000000000000383e                __isr_16
                0x000000000000383e                i2c_tx_interrupt
 .near.text.i2c_rx_interrupt
                0x00000000000038c2       0x14 build/z1/contiki-ng-z1.a(i2cmaster.o)
                0x00000000000038c2                i2c_rx_interrupt
                0x00000000000038c2                __isr_17
 .near.text.irq_p2
                0x00000000000038d6       0x3c build/z1/contiki-ng-z1.a(button-sensor.o)
                0x00000000000038d6                irq_p2
                0x00000000000038d6                __isr_19
 .any.text.process_thread_udp_server_process
                0x0000000000003912       0x3c udp-server.o
 .any.text.udp_rx_callback
                0x000000000000394e       0x44 udp-server.o
 .any.text.putchar
                0x0000000000003992       0x10 build/z1/contiki-ng-z1.a(uart0-putchar.o)
                0x0000000000003992                putchar
 .any.text.energest_switch
                0x00000000000039a2       0x58 build/z1/contiki-ng-z1.a(platform.o)
 .any.text.platform_init_stage_one
                0x00000000000039fa       0x12 build/z1/contiki-ng-z1.a(platform.o)
                0x00000000000039fa                platform_init_stage_one
 .any.text.platform_init_stage_two
                0x0000000000003a0c       0xba build/z1/contiki-ng-z1.a(platform.o)
                0x0000000000003a0c                platform_init_stage_two
 .any.text.platform_init_stage_three
                0x0000000000003ac6       0x64 build/z1/contiki-ng-z1.a(platform.o)
                0x0000000000003ac6                platform_init_stage_three
 .any.text.platform_idle
                0x0000000000003b2a       0x48 build/z1/contiki-ng-z1.a(platform.o)
                0x0000000000003b2a                platform_idle
 .any.text.msp430_init_dco
                0x0000000000003b72       0x28 build/z1/contiki-ng-z1.a(msp430.o)
                0x0000000000003b72                msp430_init_dco
 .any.text.splhigh_
                0x0000000000003b9a        0x8 build/z1/contiki-ng-z1.a(msp430.o)
                0x0000000000003b9a                splhigh_
 .any.text.msp430_sync_dco
                0x0000000000003ba2       0x6e build/z1/contiki-ng-z1.a(msp430.o)
                0x0000000000003ba2                msp430_sync_dco
 .any.text.msp430_cpu_init
                0x0000000000003c10       0x2e build/z1/contiki-ng-z1.a(msp430.o)
                0x0000000000003c10                msp430_cpu_init
 .any.text.clock_time
                0x0000000000003c3e       0x1a build/z1/contiki-ng-z1.a(clock.o)
                0x0000000000003c3e                clock_time
 .any.text.clock_init
                0x0000000000003c58       0x28 build/z1/contiki-ng-z1.a(clock.o)
                0x0000000000003c58                clock_init
 .any.text.clock_delay
                0x0000000000003c80        0xc build/z1/contiki-ng-z1.a(clock.o)
                0x0000000000003c80                clock_delay
 .any.text.clock_wait
                0x0000000000003c8c       0x24 build/z1/contiki-ng-z1.a(clock.o)
                0x0000000000003c8c                clock_wait
 .any.text.clock_seconds
                0x0000000000003cb0       0x1a build/z1/contiki-ng-z1.a(clock.o)
                0x0000000000003cb0                clock_seconds
 .any.text.watchdog_start
                0x0000000000003cca       0x14 build/z1/contiki-ng-z1.a(watchdog.o)
                0x0000000000003cca                watchdog_start
 .any.text.watchdog_periodic
                0x0000000000003cde       0x12 build/z1/contiki-ng-z1.a(watchdog.o)
                0x0000000000003cde                watchdog_periodic
 .any.text.watchdog_stop
                0x0000000000003cf0       0x16 build/z1/contiki-ng-z1.a(watchdog.o)
                0x0000000000003cf0                watchdog_stop
 .any.text.watchdog_init
                0x0000000000003d06       0x12 build/z1/contiki-ng-z1.a(watchdog.o)
                0x0000000000003d06                watchdog_init
 .any.text.watchdog_reboot
                0x0000000000003d18        0x6 build/z1/contiki-ng-z1.a(watchdog.o)
                0x0000000000003d18                watchdog_reboot
 .any.text.rtimer_arch_init
                0x0000000000003d1e        0xe build/z1/contiki-ng-z1.a(rtimer-arch.o)
                0x0000000000003d1e                rtimer_arch_init
 .any.text.rtimer_arch_now
                0x0000000000003d2c        0xe build/z1/contiki-ng-z1.a(rtimer-arch.o)
                0x0000000000003d2c                rtimer_arch_now
 .any.text.rtimer_arch_schedule
                0x0000000000003d3a        0x6 build/z1/contiki-ng-z1.a(rtimer-arch.o)
                0x0000000000003d3a                rtimer_arch_schedule
 .any.text.process_thread_serial_shell_process
                0x0000000000003d40       0x62 build/z1/contiki-ng-z1.a(serial-shell.o)
 .any.text.serial_shell_output
                0x0000000000003da2        0xe build/z1/contiki-ng-z1.a(serial-shell.o)
 .any.text.serial_shell_init
                0x0000000000003db0        0xc build/z1/contiki-ng-z1.a(serial-shell.o)
                0x0000000000003db0                serial_shell_init
 .any.text.child_added
                0x0000000000003dbc        0x2 build/z1/contiki-ng-z1.a(orchestra-rule-)
 .any.text.child_removed
                0x0000000000003dbe        0x2 build/z1/contiki-ng-z1.a(orchestra-rule-)
 .any.text.new_time_source
                0x0000000000003dc0        0x2 build/z1/contiki-ng-z1.a(orchestra-rule-)
 .any.text.select_packet
                0x0000000000003dc2       0x76 build/z1/contiki-ng-z1.a(orchestra-rule-)
 .any.text.init
                0x0000000000003e38       0x54 build/z1/contiki-ng-z1.a(orchestra-rule-)
 .any.text.select_packet
                0x0000000000003e8c       0x16 build/z1/contiki-ng-z1.a(orchestra-rule-)
 .any.text.init
                0x0000000000003ea2       0x22 build/z1/contiki-ng-z1.a(orchestra-rule-)
 .any.text.orchestra_packet_received
                0x0000000000003ec4        0x2 build/z1/contiki-ng-z1.a(orchestra.o)
 .any.text.orchestra_packet_sent
                0x0000000000003ec6       0x4e build/z1/contiki-ng-z1.a(orchestra.o)
 .any.text.orchestra_callback_packet_ready
                0x0000000000003f14       0x6c build/z1/contiki-ng-z1.a(orchestra.o)
                0x0000000000003f14                orchestra_callback_packet_ready
 .any.text.orchestra_callback_new_time_source
                0x0000000000003f80       0x2e build/z1/contiki-ng-z1.a(orchestra.o)
                0x0000000000003f80                orchestra_callback_new_time_source
 .any.text.orchestra_init
                0x0000000000003fae       0x54 build/z1/contiki-ng-z1.a(orchestra.o)
                0x0000000000003fae                orchestra_init
 .any.text.init
                0x0000000000004002       0x3c build/z1/contiki-ng-z1.a(orchestra-rule-)
 .any.text.select_packet
                0x000000000000403e       0x3c build/z1/contiki-ng-z1.a(orchestra-rule-)
 .any.text.new_time_source
                0x000000000000407a       0xa0 build/z1/contiki-ng-z1.a(orchestra-rule-)
 .any.text.autostart_start
                0x000000000000411a       0x16 build/z1/contiki-ng-z1.a(autostart.o)
                0x000000000000411a                autostart_start
 .any.text.process_thread_ctimer_process
                0x0000000000004130       0xa0 build/z1/contiki-ng-z1.a(ctimer.o)
 .any.text.ctimer_init
                0x00000000000041d0       0x18 build/z1/contiki-ng-z1.a(ctimer.o)
                0x00000000000041d0                ctimer_init
 .any.text.ctimer_set_with_process
                0x00000000000041e8       0x4a build/z1/contiki-ng-z1.a(ctimer.o)
                0x00000000000041e8                ctimer_set_with_process
 .any.text.ctimer_set
                0x0000000000004232       0x10 build/z1/contiki-ng-z1.a(ctimer.o)
                0x0000000000004232                ctimer_set
 .any.text.ctimer_reset
                0x0000000000004242       0x2c build/z1/contiki-ng-z1.a(ctimer.o)
                0x0000000000004242                ctimer_reset
 .any.text.ctimer_stop
                0x000000000000426e       0x28 build/z1/contiki-ng-z1.a(ctimer.o)
                0x000000000000426e                ctimer_stop
 .any.text.ctimer_expired
                0x0000000000004296       0x30 build/z1/contiki-ng-z1.a(ctimer.o)
                0x0000000000004296                ctimer_expired
 .any.text.energest_init
                0x00000000000042c6        0x2 build/z1/contiki-ng-z1.a(energest.o)
                0x00000000000042c6                energest_init
 .any.text.energest_flush
                0x00000000000042c8       0x44 build/z1/contiki-ng-z1.a(energest.o)
                0x00000000000042c8                energest_flush
 .any.text.update_time
                0x000000000000430c       0x70 build/z1/contiki-ng-z1.a(etimer.o)
 .any.text.etimer_request_poll
                0x000000000000437c        0xa build/z1/contiki-ng-z1.a(etimer.o)
                0x000000000000437c                etimer_request_poll
 .any.text.process_thread_etimer_process
                0x0000000000004386       0xc4 build/z1/contiki-ng-z1.a(etimer.o)
 .any.text.add_timer
                0x000000000000444a       0x40 build/z1/contiki-ng-z1.a(etimer.o)
 .any.text.etimer_set
                0x000000000000448a       0x12 build/z1/contiki-ng-z1.a(etimer.o)
                0x000000000000448a                etimer_set
 .any.text.etimer_reset
                0x000000000000449c       0x12 build/z1/contiki-ng-z1.a(etimer.o)
                0x000000000000449c                etimer_reset
 .any.text.etimer_expired
                0x00000000000044ae        0xe build/z1/contiki-ng-z1.a(etimer.o)
                0x00000000000044ae                etimer_expired
 .any.text.etimer_pending
                0x00000000000044bc        0xc build/z1/contiki-ng-z1.a(etimer.o)
                0x00000000000044bc                etimer_pending
 .any.text.etimer_next_expiration_time
                0x00000000000044c8       0x16 build/z1/contiki-ng-z1.a(etimer.o)
                0x00000000000044c8                etimer_next_expiration_time
 .any.text.etimer_stop
                0x00000000000044de       0x3e build/z1/contiki-ng-z1.a(etimer.o)
                0x00000000000044de                etimer_stop
 .any.text.log_6addr
                0x000000000000451c       0x32 build/z1/contiki-ng-z1.a(log.o)
                0x000000000000451c                log_6addr
 .any.text.log_lladdr
                0x000000000000454e       0x40 build/z1/contiki-ng-z1.a(log.o)
                0x000000000000454e                log_lladdr
 .any.text.log_set_level
                0x000000000000458e       0x4c build/z1/contiki-ng-z1.a(log.o)
                0x000000000000458e                log_set_level
 .any.text.log_get_level
                0x00000000000045da       0x42 build/z1/contiki-ng-z1.a(log.o)
                0x00000000000045da                log_get_level
 .any.text.log_level_to_str
                0x000000000000461c       0x14 build/z1/contiki-ng-z1.a(log.o)
                0x000000000000461c                log_level_to_str
 .any.text.rtimer_init
                0x0000000000004630        0x6 build/z1/contiki-ng-z1.a(rtimer.o)
                0x0000000000004630                rtimer_init
 .any.text.rtimer_set
                0x0000000000004636       0x24 build/z1/contiki-ng-z1.a(rtimer.o)
                0x0000000000004636                rtimer_set
 .any.text.rtimer_run_next
                0x000000000000465a       0x26 build/z1/contiki-ng-z1.a(rtimer.o)
                0x000000000000465a                rtimer_run_next
 .any.text.node_id_init
                0x0000000000004680       0x14 build/z1/contiki-ng-z1.a(node-id.o)
                0x0000000000004680                node_id_init
 .any.text.call_process
                0x0000000000004694       0x40 build/z1/contiki-ng-z1.a(process.o)
 .any.text.exit_process
                0x00000000000046d4       0x88 build/z1/contiki-ng-z1.a(process.o)
 .any.text.do_poll
                0x000000000000475c       0x30 build/z1/contiki-ng-z1.a(process.o)
 .any.text.process_alloc_event
                0x000000000000478c        0xe build/z1/contiki-ng-z1.a(process.o)
                0x000000000000478c                process_alloc_event
 .any.text.process_init
                0x000000000000479a       0x1c build/z1/contiki-ng-z1.a(process.o)
                0x000000000000479a                process_init
 .any.text.process_run
                0x00000000000047b6       0x8c build/z1/contiki-ng-z1.a(process.o)
                0x00000000000047b6                process_run
 .any.text.process_nevents
                0x0000000000004842        0xe build/z1/contiki-ng-z1.a(process.o)
                0x0000000000004842                process_nevents
 .any.text.process_post
                0x0000000000004850       0x4a build/z1/contiki-ng-z1.a(process.o)
                0x0000000000004850                process_post
 .any.text.process_post_synch
                0x000000000000489a       0x12 build/z1/contiki-ng-z1.a(process.o)
                0x000000000000489a                process_post_synch
 .any.text.process_start
                0x00000000000048ac       0x36 build/z1/contiki-ng-z1.a(process.o)
                0x00000000000048ac                process_start
 .any.text.process_poll
                0x00000000000048e2       0x18 build/z1/contiki-ng-z1.a(process.o)
                0x00000000000048e2                process_poll
 .any.text.timer_set
                0x00000000000048fa       0x1c build/z1/contiki-ng-z1.a(timer.o)
                0x00000000000048fa                timer_set
 .any.text.timer_expired
                0x0000000000004916       0x2a build/z1/contiki-ng-z1.a(timer.o)
                0x0000000000004916                timer_expired
 .any.text.timer_reset
                0x0000000000004940       0x1c build/z1/contiki-ng-z1.a(timer.o)
                0x0000000000004940                timer_reset
 .any.text.stack_check_init
                0x000000000000495c       0x2e build/z1/contiki-ng-z1.a(stack-check.o)
                0x000000000000495c                stack_check_init
 .any.text.stack_check_get_usage
                0x000000000000498a       0x54 build/z1/contiki-ng-z1.a(stack-check.o)
                0x000000000000498a                stack_check_get_usage
 .any.text.process_thread_stack_check_process
                0x00000000000049de       0xd2 build/z1/contiki-ng-z1.a(stack-check.o)
 .any.text.list_init
                0x0000000000004ab0        0x6 build/z1/contiki-ng-z1.a(list.o)
                0x0000000000004ab0                list_init
 .any.text.list_head
                0x0000000000004ab6        0x4 build/z1/contiki-ng-z1.a(list.o)
                0x0000000000004ab6                list_head
 .any.text.list_tail
                0x0000000000004aba       0x12 build/z1/contiki-ng-z1.a(list.o)
                0x0000000000004aba                list_tail
 .any.text.list_remove
                0x0000000000004acc       0x34 build/z1/contiki-ng-z1.a(list.o)
                0x0000000000004acc                list_remove
 .any.text.list_push
                0x0000000000004b00       0x16 build/z1/contiki-ng-z1.a(list.o)
                0x0000000000004b00                list_push
 .any.text.list_add
                0x0000000000004b16       0x26 build/z1/contiki-ng-z1.a(list.o)
                0x0000000000004b16                list_add
 .any.text.list_item_next
                0x0000000000004b3c        0xc build/z1/contiki-ng-z1.a(list.o)
                0x0000000000004b3c                list_item_next
 .any.text.random_init
                0x0000000000004b48        0x6 build/z1/contiki-ng-z1.a(random.o)
                0x0000000000004b48                random_init
 .any.text.random_rand
                0x0000000000004b4e        0x6 build/z1/contiki-ng-z1.a(random.o)
                0x0000000000004b4e                random_rand
 .any.text.queuebuf_init
                0x0000000000004b54       0x12 build/z1/contiki-ng-z1.a(queuebuf.o)
                0x0000000000004b54                queuebuf_init
 .any.text.queuebuf_new_from_packetbuf
                0x0000000000004b66       0x4e build/z1/contiki-ng-z1.a(queuebuf.o)
                0x0000000000004b66                queuebuf_new_from_packetbuf
 .any.text.queuebuf_free
                0x0000000000004bb4       0x2a build/z1/contiki-ng-z1.a(queuebuf.o)
                0x0000000000004bb4                queuebuf_free
 .any.text.queuebuf_to_packetbuf
                0x0000000000004bde       0x32 build/z1/contiki-ng-z1.a(queuebuf.o)
                0x0000000000004bde                queuebuf_to_packetbuf
 .any.text.queuebuf_dataptr
                0x0000000000004c10       0x1c build/z1/contiki-ng-z1.a(queuebuf.o)
                0x0000000000004c10                queuebuf_dataptr
 .any.text.queuebuf_datalen
                0x0000000000004c2c        0x8 build/z1/contiki-ng-z1.a(queuebuf.o)
                0x0000000000004c2c                queuebuf_datalen
 .any.text.queuebuf_attr
                0x0000000000004c34        0xe build/z1/contiki-ng-z1.a(queuebuf.o)
                0x0000000000004c34                queuebuf_attr
 .any.text.packetbuf_hdrreduce
                0x0000000000004c42       0x1a build/z1/contiki-ng-z1.a(packetbuf.o)
                0x0000000000004c42                packetbuf_hdrreduce
 .any.text.packetbuf_set_datalen
                0x0000000000004c5c        0x6 build/z1/contiki-ng-z1.a(packetbuf.o)
                0x0000000000004c5c                packetbuf_set_datalen
 .any.text.packetbuf_hdrptr
                0x0000000000004c62        0x6 build/z1/contiki-ng-z1.a(packetbuf.o)
                0x0000000000004c62                packetbuf_hdrptr
 .any.text.packetbuf_datalen
                0x0000000000004c68        0x6 build/z1/contiki-ng-z1.a(packetbuf.o)
                0x0000000000004c68                packetbuf_datalen
 .any.text.packetbuf_hdrlen
                0x0000000000004c6e        0xa build/z1/contiki-ng-z1.a(packetbuf.o)
                0x0000000000004c6e                packetbuf_hdrlen
 .any.text.packetbuf_dataptr
                0x0000000000004c78        0xc build/z1/contiki-ng-z1.a(packetbuf.o)
                0x0000000000004c78                packetbuf_dataptr
 .any.text.packetbuf_copyto
                0x0000000000004c84       0x3a build/z1/contiki-ng-z1.a(packetbuf.o)
                0x0000000000004c84                packetbuf_copyto
 .any.text.packetbuf_totlen
                0x0000000000004cbe        0xc build/z1/contiki-ng-z1.a(packetbuf.o)
                0x0000000000004cbe                packetbuf_totlen
 .any.text.packetbuf_hdralloc
                0x0000000000004cca       0x3c build/z1/contiki-ng-z1.a(packetbuf.o)
                0x0000000000004cca                packetbuf_hdralloc
 .any.text.packetbuf_remaininglen
                0x0000000000004d06        0xe build/z1/contiki-ng-z1.a(packetbuf.o)
                0x0000000000004d06                packetbuf_remaininglen
 .any.text.packetbuf_attr_clear
                0x0000000000004d14       0x28 build/z1/contiki-ng-z1.a(packetbuf.o)
                0x0000000000004d14                packetbuf_attr_clear
 .any.text.packetbuf_clear
                0x0000000000004d3c       0x12 build/z1/contiki-ng-z1.a(packetbuf.o)
                0x0000000000004d3c                packetbuf_clear
 .any.text.packetbuf_copyfrom
                0x0000000000004d4e       0x2a build/z1/contiki-ng-z1.a(packetbuf.o)
                0x0000000000004d4e                packetbuf_copyfrom
 .any.text.packetbuf_attr_copyto
                0x0000000000004d78       0x22 build/z1/contiki-ng-z1.a(packetbuf.o)
                0x0000000000004d78                packetbuf_attr_copyto
 .any.text.packetbuf_attr_copyfrom
                0x0000000000004d9a       0x24 build/z1/contiki-ng-z1.a(packetbuf.o)
                0x0000000000004d9a                packetbuf_attr_copyfrom
 .any.text.packetbuf_set_attr
                0x0000000000004dbe        0xc build/z1/contiki-ng-z1.a(packetbuf.o)
                0x0000000000004dbe                packetbuf_set_attr
 .any.text.packetbuf_attr
                0x0000000000004dca        0xa build/z1/contiki-ng-z1.a(packetbuf.o)
                0x0000000000004dca                packetbuf_attr
 .any.text.packetbuf_set_addr
                0x0000000000004dd4       0x14 build/z1/contiki-ng-z1.a(packetbuf.o)
                0x0000000000004dd4                packetbuf_set_addr
 .any.text.packetbuf_addr
                0x0000000000004de8        0xe build/z1/contiki-ng-z1.a(packetbuf.o)
                0x0000000000004de8                packetbuf_addr
 .any.text.packetbuf_holds_broadcast
                0x0000000000004df6        0xe build/z1/contiki-ng-z1.a(packetbuf.o)
                0x0000000000004df6                packetbuf_holds_broadcast
 .any.text.netstack_process_ip_callback
                0x0000000000004e04       0x46 build/z1/contiki-ng-z1.a(netstack.o)
                0x0000000000004e04                netstack_process_ip_callback
 .any.text.netstack_init
                0x0000000000004e4a        0xe build/z1/contiki-ng-z1.a(netstack.o)
                0x0000000000004e4a                netstack_init
 .any.text.linkaddr_copy
                0x0000000000004e58        0x8 build/z1/contiki-ng-z1.a(linkaddr.o)
                0x0000000000004e58                linkaddr_copy
 .any.text.linkaddr_cmp
                0x0000000000004e60       0x12 build/z1/contiki-ng-z1.a(linkaddr.o)
                0x0000000000004e60                linkaddr_cmp
 .any.text.linkaddr_set_node_addr
                0x0000000000004e72        0xc build/z1/contiki-ng-z1.a(linkaddr.o)
                0x0000000000004e72                linkaddr_set_node_addr
 .any.text.turn_off
                0x0000000000004e7e        0x8 build/z1/contiki-ng-z1.a(tsch.o)
 .any.text.max_payload
                0x0000000000004e86       0x36 build/z1/contiki-ng-z1.a(tsch.o)
 .any.text.send_packet
                0x0000000000004ebc       0xa8 build/z1/contiki-ng-z1.a(tsch.o)
 .any.text.tsch_reset
                0x0000000000004f64       0xa2 build/z1/contiki-ng-z1.a(tsch.o)
 .any.text.tsch_init
                0x0000000000005006       0xae build/z1/contiki-ng-z1.a(tsch.o)
 .any.text.process_thread_tsch_send_eb_process
                0x00000000000050b4      0x162 build/z1/contiki-ng-z1.a(tsch.o)
 .any.text.turn_on
                0x0000000000005216       0x36 build/z1/contiki-ng-z1.a(tsch.o)
 .any.text.packet_input
                0x000000000000524c       0x26 build/z1/contiki-ng-z1.a(tsch.o)
 .any.text.keepalive_send
                0x0000000000005272       0x38 build/z1/contiki-ng-z1.a(tsch.o)
 .any.text.convert_slots_to_rate
                0x00000000000052aa       0x3a build/z1/contiki-ng-z1.a(tsch.o)
                0x00000000000052aa                convert_slots_to_rate
 .any.text.tsch_set_coordinator
                0x00000000000052e4       0x1a build/z1/contiki-ng-z1.a(tsch.o)
                0x00000000000052e4                tsch_set_coordinator
 .any.text.tsch_set_pan_secured
                0x00000000000052fe        0x6 build/z1/contiki-ng-z1.a(tsch.o)
                0x00000000000052fe                tsch_set_pan_secured
 .any.text.tsch_set_join_priority
                0x0000000000005304        0x6 build/z1/contiki-ng-z1.a(tsch.o)
                0x0000000000005304                tsch_set_join_priority
 .any.text.tsch_set_eb_period
                0x000000000000530a       0x1a build/z1/contiki-ng-z1.a(tsch.o)
                0x000000000000530a                tsch_set_eb_period
 .any.text.tsch_schedule_keepalive
                0x0000000000005324       0x20 build/z1/contiki-ng-z1.a(tsch.o)
                0x0000000000005324                tsch_schedule_keepalive
 .any.text.tsch_set_ka_timeout
                0x0000000000005344       0x10 build/z1/contiki-ng-z1.a(tsch.o)
                0x0000000000005344                tsch_set_ka_timeout
 .any.text.find_shared_timeslot_children
                0x0000000000005354       0x56 build/z1/contiki-ng-z1.a(tsch.o)
                0x0000000000005354                find_shared_timeslot_children
 .any.text.tsch_disassociate
                0x00000000000053aa       0x18 build/z1/contiki-ng-z1.a(tsch.o)
                0x00000000000053aa                tsch_disassociate
 .any.text.process_thread_tsch_pending_events_process
                0x00000000000053c2      0x31c build/z1/contiki-ng-z1.a(tsch.o)
 .any.text.keepalive_packet_sent
                0x00000000000056de       0x86 build/z1/contiki-ng-z1.a(tsch.o)
 .any.text.tsch_scan
                0x0000000000005764      0x362 build/z1/contiki-ng-z1.a(tsch.o)
                0x0000000000005764                tsch_scan
 .any.text.process_thread_tsch_process
                0x0000000000005ac6       0xae build/z1/contiki-ng-z1.a(tsch.o)
 .any.text.tsch_queue_get_nbr
                0x0000000000005b74       0x3c build/z1/contiki-ng-z1.a(tsch-queue.o)
                0x0000000000005b74                tsch_queue_get_nbr
 .any.text.tsch_queue_add_nbr
                0x0000000000005bb0       0x88 build/z1/contiki-ng-z1.a(tsch-queue.o)
                0x0000000000005bb0                tsch_queue_add_nbr
 .any.text.tsch_queue_get_time_source
                0x0000000000005c38       0x28 build/z1/contiki-ng-z1.a(tsch-queue.o)
                0x0000000000005c38                tsch_queue_get_time_source
 .any.text.tsch_queue_update_time_source
                0x0000000000005c60       0x6c build/z1/contiki-ng-z1.a(tsch-queue.o)
                0x0000000000005c60                tsch_queue_update_time_source
 .any.text.tsch_queue_add_packet
                0x0000000000005ccc       0x94 build/z1/contiki-ng-z1.a(tsch-queue.o)
                0x0000000000005ccc                tsch_queue_add_packet
 .any.text.tsch_queue_packet_count
                0x0000000000005d60       0x26 build/z1/contiki-ng-z1.a(tsch-queue.o)
                0x0000000000005d60                tsch_queue_packet_count
 .any.text.tsch_queue_remove_packet_from_queue
                0x0000000000005d86       0x32 build/z1/contiki-ng-z1.a(tsch-queue.o)
                0x0000000000005d86                tsch_queue_remove_packet_from_queue
 .any.text.tsch_queue_free_packet
                0x0000000000005db8       0x1c build/z1/contiki-ng-z1.a(tsch-queue.o)
                0x0000000000005db8                tsch_queue_free_packet
 .any.text.tsch_queue_is_empty
                0x0000000000005dd4       0x2c build/z1/contiki-ng-z1.a(tsch-queue.o)
                0x0000000000005dd4                tsch_queue_is_empty
 .any.text.tsch_queue_flush_nbr_queue
                0x0000000000005e00       0x3c build/z1/contiki-ng-z1.a(tsch-queue.o)
 .any.text.tsch_queue_reset
                0x0000000000005e3c       0x36 build/z1/contiki-ng-z1.a(tsch-queue.o)
                0x0000000000005e3c                tsch_queue_reset
 .any.text.tsch_queue_free_unused_neighbors
                0x0000000000005e72       0x64 build/z1/contiki-ng-z1.a(tsch-queue.o)
                0x0000000000005e72                tsch_queue_free_unused_neighbors
 .any.text.tsch_queue_get_packet_for_nbr
                0x0000000000005ed6       0x88 build/z1/contiki-ng-z1.a(tsch-queue.o)
                0x0000000000005ed6                tsch_queue_get_packet_for_nbr
 .any.text.tsch_queue_get_unicast_packet_for_any
                0x0000000000005f5e       0x50 build/z1/contiki-ng-z1.a(tsch-queue.o)
                0x0000000000005f5e                tsch_queue_get_unicast_packet_for_any
 .any.text.tsch_queue_backoff_inc
                0x0000000000005fae       0x44 build/z1/contiki-ng-z1.a(tsch-queue.o)
                0x0000000000005fae                tsch_queue_backoff_inc
 .any.text.tsch_queue_packet_sent
                0x0000000000005ff2       0x6e build/z1/contiki-ng-z1.a(tsch-queue.o)
                0x0000000000005ff2                tsch_queue_packet_sent
 .any.text.tsch_queue_update_all_backoff_windows
                0x0000000000006060       0x56 build/z1/contiki-ng-z1.a(tsch-queue.o)
                0x0000000000006060                tsch_queue_update_all_backoff_windows
 .any.text.tsch_queue_init
                0x00000000000060b6       0x36 build/z1/contiki-ng-z1.a(tsch-queue.o)
                0x00000000000060b6                tsch_queue_init
 .any.text.tsch_schedule_get_slotframe_by_handle
                0x00000000000060ec       0x2e build/z1/contiki-ng-z1.a(tsch-schedule.o)
                0x00000000000060ec                tsch_schedule_get_slotframe_by_handle
 .any.text.tsch_schedule_add_slotframe
                0x000000000000611a       0x74 build/z1/contiki-ng-z1.a(tsch-schedule.o)
                0x000000000000611a                tsch_schedule_add_slotframe
 .any.text.tsch_schedule_remove_link
                0x000000000000618e       0x76 build/z1/contiki-ng-z1.a(tsch-schedule.o)
                0x000000000000618e                tsch_schedule_remove_link
 .any.text.tsch_schedule_get_link_by_just_timeslot
                0x0000000000006204       0x34 build/z1/contiki-ng-z1.a(tsch-schedule.o)
                0x0000000000006204                tsch_schedule_get_link_by_just_timeslot
 .any.text.tsch_schedule_get_link_by_timeslot
                0x0000000000006238       0x44 build/z1/contiki-ng-z1.a(tsch-schedule.o)
                0x0000000000006238                tsch_schedule_get_link_by_timeslot
 .any.text.tsch_schedule_remove_link_by_timeslot
                0x000000000000627c       0x14 build/z1/contiki-ng-z1.a(tsch-schedule.o)
                0x000000000000627c                tsch_schedule_remove_link_by_timeslot
 .any.text.dtsf_check_TX_timeslot
                0x0000000000006290       0x54 build/z1/contiki-ng-z1.a(tsch-schedule.o)
                0x0000000000006290                dtsf_check_TX_timeslot
 .any.text.tsch_schedule_add_link
                0x00000000000062e4      0x23a build/z1/contiki-ng-z1.a(tsch-schedule.o)
                0x00000000000062e4                tsch_schedule_add_link
 .any.text.tsch_schedule_get_next_active_link
                0x000000000000651e      0x19e build/z1/contiki-ng-z1.a(tsch-schedule.o)
                0x000000000000651e                tsch_schedule_get_next_active_link
 .any.text.tsch_schedule_init
                0x00000000000066bc       0x2c build/z1/contiki-ng-z1.a(tsch-schedule.o)
                0x00000000000066bc                tsch_schedule_init
 .any.text.tsch_schedule_slotframe_head
                0x00000000000066e8        0xa build/z1/contiki-ng-z1.a(tsch-schedule.o)
                0x00000000000066e8                tsch_schedule_slotframe_head
 .any.text.tsch_schedule_slotframe_next
                0x00000000000066f2        0x6 build/z1/contiki-ng-z1.a(tsch-schedule.o)
                0x00000000000066f2                tsch_schedule_slotframe_next
 .any.text.tsch_radio_on.part.0
                0x00000000000066f8        0x6 build/z1/contiki-ng-z1.a(tsch-slot-opera)
 .any.text.tsch_radio_off.part.1
                0x00000000000066fe        0x6 build/z1/contiki-ng-z1.a(tsch-slot-opera)
 .any.text.tsch_schedule_slot_operation.isra.2
                0x0000000000006704       0x5e build/z1/contiki-ng-z1.a(tsch-slot-opera)
 .any.text.get_packet_and_neighbor_for_link.constprop.5
                0x0000000000006762       0x68 build/z1/contiki-ng-z1.a(tsch-slot-opera)
 .any.text.tsch_tx_slot.constprop.4
                0x00000000000067ca      0x45c build/z1/contiki-ng-z1.a(tsch-slot-opera)
 .any.text.tsch_is_locked
                0x0000000000006c26        0x6 build/z1/contiki-ng-z1.a(tsch-slot-opera)
                0x0000000000006c26                tsch_is_locked
 .any.text.tsch_get_lock
                0x0000000000006c2c       0x42 build/z1/contiki-ng-z1.a(tsch-slot-opera)
                0x0000000000006c2c                tsch_get_lock
 .any.text.tsch_release_lock
                0x0000000000006c6e        0x6 build/z1/contiki-ng-z1.a(tsch-slot-opera)
                0x0000000000006c6e                tsch_release_lock
 .any.text.tsch_calculate_channel
                0x0000000000006c74       0x68 build/z1/contiki-ng-z1.a(tsch-slot-opera)
                0x0000000000006c74                tsch_calculate_channel
 .any.text.tsch_slot_operation
                0x0000000000006cdc      0x6b0 build/z1/contiki-ng-z1.a(tsch-slot-opera)
 .any.text.tsch_get_network_uptime_ticks
                0x000000000000738c       0xa0 build/z1/contiki-ng-z1.a(tsch-slot-opera)
                0x000000000000738c                tsch_get_network_uptime_ticks
 .any.text.tsch_slot_operation_start
                0x000000000000742c       0x86 build/z1/contiki-ng-z1.a(tsch-slot-opera)
                0x000000000000742c                tsch_slot_operation_start
 .any.text.tsch_slot_operation_sync
                0x00000000000074b2       0x42 build/z1/contiki-ng-z1.a(tsch-slot-opera)
                0x00000000000074b2                tsch_slot_operation_sync
 .any.text.tsch_packet_eackbuf_attr
                0x00000000000074f4        0xa build/z1/contiki-ng-z1.a(tsch-packet.o)
                0x00000000000074f4                tsch_packet_eackbuf_attr
 .any.text.tsch_packet_create_eack
                0x00000000000074fe       0xb6 build/z1/contiki-ng-z1.a(tsch-packet.o)
                0x00000000000074fe                tsch_packet_create_eack
 .any.text.tsch_packet_parse_eack
                0x00000000000075b4       0xb6 build/z1/contiki-ng-z1.a(tsch-packet.o)
                0x00000000000075b4                tsch_packet_parse_eack
 .any.text.tsch_packet_create_eb
                0x000000000000766a      0x19a build/z1/contiki-ng-z1.a(tsch-packet.o)
                0x000000000000766a                tsch_packet_create_eb
 .any.text.tsch_packet_update_eb
                0x0000000000007804       0x42 build/z1/contiki-ng-z1.a(tsch-packet.o)
                0x0000000000007804                tsch_packet_update_eb
 .any.text.tsch_packet_parse_eb
                0x0000000000007846       0x7c build/z1/contiki-ng-z1.a(tsch-packet.o)
                0x0000000000007846                tsch_packet_parse_eb
 .any.text.tsch_packet_set_frame_pending
                0x00000000000078c2        0x8 build/z1/contiki-ng-z1.a(tsch-packet.o)
                0x00000000000078c2                tsch_packet_set_frame_pending
 .any.text.tsch_packet_get_frame_pending
                0x00000000000078ca        0x8 build/z1/contiki-ng-z1.a(tsch-packet.o)
                0x00000000000078ca                tsch_packet_get_frame_pending
 .any.text.tsch_security_set_packetbuf_attr
                0x00000000000078d2        0x2 build/z1/contiki-ng-z1.a(tsch-security.o)
                0x00000000000078d2                tsch_security_set_packetbuf_attr
 .any.text.tsch_rpl_callback_ka_sent
                0x00000000000078d4       0x1a build/z1/contiki-ng-z1.a(tsch-rpl.o)
                0x00000000000078d4                tsch_rpl_callback_ka_sent
 .any.text.tsch_rpl_callback_joining_network
                0x00000000000078ee        0x2 build/z1/contiki-ng-z1.a(tsch-rpl.o)
                0x00000000000078ee                tsch_rpl_callback_joining_network
 .any.text.tsch_rpl_callback_leaving_network
                0x00000000000078f0        0xe build/z1/contiki-ng-z1.a(tsch-rpl.o)
                0x00000000000078f0                tsch_rpl_callback_leaving_network
 .any.text.tsch_rpl_callback_new_dio_interval
                0x00000000000078fe       0x46 build/z1/contiki-ng-z1.a(tsch-rpl.o)
                0x00000000000078fe                tsch_rpl_callback_new_dio_interval
 .any.text.tsch_rpl_callback_parent_switch
                0x0000000000007944       0x1a build/z1/contiki-ng-z1.a(tsch-rpl.o)
                0x0000000000007944                tsch_rpl_callback_parent_switch
 .any.text.tsch_rpl_check_dodag_joined
                0x000000000000795e        0x6 build/z1/contiki-ng-z1.a(tsch-rpl.o)
                0x000000000000795e                tsch_rpl_check_dodag_joined
 .any.text.tsch_adaptive_timesync_get_drift_ppm
                0x0000000000007964       0x22 build/z1/contiki-ng-z1.a(tsch-adaptive-t)
                0x0000000000007964                tsch_adaptive_timesync_get_drift_ppm
 .any.text.tsch_timesync_adaptive_compensate
                0x0000000000007986      0x20c build/z1/contiki-ng-z1.a(tsch-adaptive-t)
                0x0000000000007986                tsch_timesync_adaptive_compensate
 .any.text.tsch_adaptive_timesync_reset
                0x0000000000007b92       0x22 build/z1/contiki-ng-z1.a(tsch-adaptive-t)
                0x0000000000007b92                tsch_adaptive_timesync_reset
 .any.text.tsch_timesync_update
                0x0000000000007bb4      0x184 build/z1/contiki-ng-z1.a(tsch-adaptive-t)
                0x0000000000007bb4                tsch_timesync_update
 .any.text.uip_ds6_default_prefix
                0x0000000000007d38        0x6 build/z1/contiki-ng-z1.a(uip-ds6.o)
                0x0000000000007d38                uip_ds6_default_prefix
 .any.text.uip_ds6_list_loop
                0x0000000000007d3e       0x72 build/z1/contiki-ng-z1.a(uip-ds6.o)
                0x0000000000007d3e                uip_ds6_list_loop
 .any.text.uip_ds6_prefix_add
                0x0000000000007db0       0x70 build/z1/contiki-ng-z1.a(uip-ds6.o)
                0x0000000000007db0                uip_ds6_prefix_add
 .any.text.uip_ds6_is_addr_onlink
                0x0000000000007e20       0x42 build/z1/contiki-ng-z1.a(uip-ds6.o)
                0x0000000000007e20                uip_ds6_is_addr_onlink
 .any.text.uip_ds6_addr_lookup
                0x0000000000007e62       0x2a build/z1/contiki-ng-z1.a(uip-ds6.o)
                0x0000000000007e62                uip_ds6_addr_lookup
 .any.text.uip_ds6_get_link_local
                0x0000000000007e8c       0x3e build/z1/contiki-ng-z1.a(uip-ds6.o)
                0x0000000000007e8c                uip_ds6_get_link_local
 .any.text.uip_ds6_maddr_add
                0x0000000000007eca       0x48 build/z1/contiki-ng-z1.a(uip-ds6.o)
                0x0000000000007eca                uip_ds6_maddr_add
 .any.text.uip_ds6_addr_add
                0x0000000000007f12       0xb4 build/z1/contiki-ng-z1.a(uip-ds6.o)
                0x0000000000007f12                uip_ds6_addr_add
 .any.text.uip_ds6_maddr_rm
                0x0000000000007fc6        0xa build/z1/contiki-ng-z1.a(uip-ds6.o)
                0x0000000000007fc6                uip_ds6_maddr_rm
 .any.text.uip_ds6_maddr_lookup
                0x0000000000007fd0       0x2a build/z1/contiki-ng-z1.a(uip-ds6.o)
                0x0000000000007fd0                uip_ds6_maddr_lookup
 .any.text.uip_ds6_addr_rm
                0x0000000000007ffa       0x54 build/z1/contiki-ng-z1.a(uip-ds6.o)
                0x0000000000007ffa                uip_ds6_addr_rm
 .any.text.uip_ds6_periodic
                0x000000000000804e       0x46 build/z1/contiki-ng-z1.a(uip-ds6.o)
                0x000000000000804e                uip_ds6_periodic
 .any.text.uip_ds6_set_addr_iid
                0x0000000000008094       0x14 build/z1/contiki-ng-z1.a(uip-ds6.o)
                0x0000000000008094                uip_ds6_set_addr_iid
 .any.text.uip_ds6_set_lladdr_from_iid
                0x00000000000080a8       0x14 build/z1/contiki-ng-z1.a(uip-ds6.o)
                0x00000000000080a8                uip_ds6_set_lladdr_from_iid
 .any.text.get_match_length
                0x00000000000080bc       0x3c build/z1/contiki-ng-z1.a(uip-ds6.o)
                0x00000000000080bc                get_match_length
 .any.text.uip_ds6_select_src
                0x00000000000080f8       0x9a build/z1/contiki-ng-z1.a(uip-ds6.o)
                0x00000000000080f8                uip_ds6_select_src
 .any.text.uip_ds6_compute_reachable_time
                0x0000000000008192       0x36 build/z1/contiki-ng-z1.a(uip-ds6.o)
                0x0000000000008192                uip_ds6_compute_reachable_time
 .any.text.uip_ds6_init
                0x00000000000081c8      0x164 build/z1/contiki-ng-z1.a(uip-ds6.o)
                0x00000000000081c8                uip_ds6_init
 .any.text.uiplib_ip6addrconv
                0x000000000000832c       0xfa build/z1/contiki-ng-z1.a(uiplib.o)
                0x000000000000832c                uiplib_ip6addrconv
 .any.text.uiplib_ipaddr_snprint
                0x0000000000008426      0x114 build/z1/contiki-ng-z1.a(uiplib.o)
                0x0000000000008426                uiplib_ipaddr_snprint
 .any.text.uip_ds6_route_init
                0x000000000000853a       0x12 build/z1/contiki-ng-z1.a(uip-ds6-route.o)
                0x000000000000853a                uip_ds6_route_init
 .any.text.uip_ds6_route_nexthop
                0x000000000000854c        0x4 build/z1/contiki-ng-z1.a(uip-ds6-route.o)
                0x000000000000854c                uip_ds6_route_nexthop
 .any.text.uip_ds6_route_lookup
                0x0000000000008550        0x4 build/z1/contiki-ng-z1.a(uip-ds6-route.o)
                0x0000000000008550                uip_ds6_route_lookup
 .any.text.uip_ds6_route_rm
                0x0000000000008554        0x2 build/z1/contiki-ng-z1.a(uip-ds6-route.o)
                0x0000000000008554                uip_ds6_route_rm
 .any.text.uip_ds6_defrt_rm
                0x0000000000008556       0x38 build/z1/contiki-ng-z1.a(uip-ds6-route.o)
                0x0000000000008556                uip_ds6_defrt_rm
 .any.text.uip_ds6_defrt_lookup
                0x000000000000858e       0x3c build/z1/contiki-ng-z1.a(uip-ds6-route.o)
                0x000000000000858e                uip_ds6_defrt_lookup
 .any.text.uip_ds6_defrt_add
                0x00000000000085ca       0x66 build/z1/contiki-ng-z1.a(uip-ds6-route.o)
                0x00000000000085ca                uip_ds6_defrt_add
 .any.text.uip_ds6_defrt_choose
                0x0000000000008630       0x36 build/z1/contiki-ng-z1.a(uip-ds6-route.o)
                0x0000000000008630                uip_ds6_defrt_choose
 .any.text.uip_ds6_defrt_periodic
                0x0000000000008666       0x38 build/z1/contiki-ng-z1.a(uip-ds6-route.o)
                0x0000000000008666                uip_ds6_defrt_periodic
 .any.text.tcpip_output
                0x000000000000869e       0x22 build/z1/contiki-ng-z1.a(tcpip.o)
                0x000000000000869e                tcpip_output
 .any.text.udp_new
                0x00000000000086c0       0x1a build/z1/contiki-ng-z1.a(tcpip.o)
                0x00000000000086c0                udp_new
 .any.text.tcpip_input
                0x00000000000086da       0x1e build/z1/contiki-ng-z1.a(tcpip.o)
                0x00000000000086da                tcpip_input
 .any.text.tcpip_ipv6_output
                0x00000000000086f8      0x112 build/z1/contiki-ng-z1.a(tcpip.o)
                0x00000000000086f8                tcpip_ipv6_output
 .any.text.packet_input.part.3
                0x000000000000880a       0x12 build/z1/contiki-ng-z1.a(tcpip.o)
 .any.text.process_thread_tcpip_process
                0x000000000000881c       0xc2 build/z1/contiki-ng-z1.a(tcpip.o)
 .any.text.tcpip_uipcall
                0x00000000000088de       0x2a build/z1/contiki-ng-z1.a(tcpip.o)
                0x00000000000088de                tcpip_uipcall
 .any.text.chksum
                0x0000000000008908       0x32 build/z1/contiki-ng-z1.a(uip6.o)
 .any.text.upper_layer_chksum
                0x000000000000893a       0x54 build/z1/contiki-ng-z1.a(uip6.o)
 .any.text.ext_hdr_options_process
                0x000000000000898e       0x92 build/z1/contiki-ng-z1.a(uip6.o)
 .any.text.uip_check_mtu
                0x0000000000008a20       0x1e build/z1/contiki-ng-z1.a(uip6.o)
 .any.text.uip_update_ttl
                0x0000000000008a3e       0x24 build/z1/contiki-ng-z1.a(uip6.o)
 .any.text.uip_icmp6chksum
                0x0000000000008a62        0xa build/z1/contiki-ng-z1.a(uip6.o)
                0x0000000000008a62                uip_icmp6chksum
 .any.text.uip_udpchksum
                0x0000000000008a6c        0xa build/z1/contiki-ng-z1.a(uip6.o)
                0x0000000000008a6c                uip_udpchksum
 .any.text.uip_init
                0x0000000000008a76       0x24 build/z1/contiki-ng-z1.a(uip6.o)
                0x0000000000008a76                uip_init
 .any.text.uip_remove_ext_hdr
                0x0000000000008a9a       0x5e build/z1/contiki-ng-z1.a(uip6.o)
                0x0000000000008a9a                uip_remove_ext_hdr
 .any.text.uip_udp_new
                0x0000000000008af8       0x84 build/z1/contiki-ng-z1.a(uip6.o)
                0x0000000000008af8                uip_udp_new
 .any.text.uip_process
                0x0000000000008b7c      0x4b6 build/z1/contiki-ng-z1.a(uip6.o)
                0x0000000000008b7c                uip_process
 .any.text.uip_htonl
                0x0000000000009032       0x2a build/z1/contiki-ng-z1.a(uip6.o)
                0x0000000000009032                uip_htonl
 .any.text.uip_ds6_nbr_rm
                0x000000000000905c       0x1e build/z1/contiki-ng-z1.a(uip-ds6-nbr.o)
                0x000000000000905c                uip_ds6_nbr_rm
 .any.text.uip_ds6_neighbors_init
                0x000000000000907a       0x12 build/z1/contiki-ng-z1.a(uip-ds6-nbr.o)
                0x000000000000907a                uip_ds6_neighbors_init
 .any.text.uip_ds6_nbr_add
                0x000000000000908c       0x36 build/z1/contiki-ng-z1.a(uip-ds6-nbr.o)
                0x000000000000908c                uip_ds6_nbr_add
 .any.text.uip_ds6_nbr_get_ipaddr
                0x00000000000090c2        0x2 build/z1/contiki-ng-z1.a(uip-ds6-nbr.o)
                0x00000000000090c2                uip_ds6_nbr_get_ipaddr
 .any.text.uip_ds6_nbr_get_ll
                0x00000000000090c4        0xc build/z1/contiki-ng-z1.a(uip-ds6-nbr.o)
                0x00000000000090c4                uip_ds6_nbr_get_ll
 .any.text.uip_ds6_nbr_head
                0x00000000000090d0        0xa build/z1/contiki-ng-z1.a(uip-ds6-nbr.o)
                0x00000000000090d0                uip_ds6_nbr_head
 .any.text.uip_ds6_nbr_next
                0x00000000000090da        0xc build/z1/contiki-ng-z1.a(uip-ds6-nbr.o)
                0x00000000000090da                uip_ds6_nbr_next
 .any.text.uip_ds6_nbr_lookup
                0x00000000000090e6       0x36 build/z1/contiki-ng-z1.a(uip-ds6-nbr.o)
                0x00000000000090e6                uip_ds6_nbr_lookup
 .any.text.uip_ds6_nbr_ll_lookup
                0x000000000000911c        0xc build/z1/contiki-ng-z1.a(uip-ds6-nbr.o)
                0x000000000000911c                uip_ds6_nbr_ll_lookup
 .any.text.uip_ds6_nbr_update_ll
                0x0000000000009128       0x6e build/z1/contiki-ng-z1.a(uip-ds6-nbr.o)
                0x0000000000009128                uip_ds6_nbr_update_ll
 .any.text.uip_ds6_nbr_ipaddr_from_lladdr
                0x0000000000009196        0x6 build/z1/contiki-ng-z1.a(uip-ds6-nbr.o)
                0x0000000000009196                uip_ds6_nbr_ipaddr_from_lladdr
 .any.text.uip_ds6_nbr_lladdr_from_ipaddr
                0x000000000000919c       0x12 build/z1/contiki-ng-z1.a(uip-ds6-nbr.o)
                0x000000000000919c                uip_ds6_nbr_lladdr_from_ipaddr
 .any.text.uip_ds6_link_callback
                0x00000000000091ae        0x2 build/z1/contiki-ng-z1.a(uip-ds6-nbr.o)
                0x00000000000091ae                uip_ds6_link_callback
 .any.text.ns_input
                0x00000000000091b0      0x27e build/z1/contiki-ng-z1.a(uip-nd6.o)
 .any.text.uip_nd6_init
                0x000000000000942e        0xa build/z1/contiki-ng-z1.a(uip-nd6.o)
                0x000000000000942e                uip_nd6_init
 .any.text.process_thread_simple_udp_process
                0x0000000000009438       0xa8 build/z1/contiki-ng-z1.a(simple-udp.o)
 .any.text.simple_udp_register
                0x00000000000094e0       0x88 build/z1/contiki-ng-z1.a(simple-udp.o)
                0x00000000000094e0                simple_udp_register
 .any.text.addr_context_lookup_by_number
                0x0000000000009568       0x16 build/z1/contiki-ng-z1.a(sicslowpan.o)
 .any.text.sicslowpan_init
                0x000000000000957e       0x18 build/z1/contiki-ng-z1.a(sicslowpan.o)
                0x000000000000957e                sicslowpan_init
 .any.text.set_packet_attrs
                0x0000000000009596       0x66 build/z1/contiki-ng-z1.a(sicslowpan.o)
 .any.text.compress_addr_64
                0x00000000000095fc       0x9a build/z1/contiki-ng-z1.a(sicslowpan.o)
 .any.text.addr_context_lookup_by_prefix
                0x0000000000009696       0x20 build/z1/contiki-ng-z1.a(sicslowpan.o)
 .any.text.output
                0x00000000000096b6      0x67e build/z1/contiki-ng-z1.a(sicslowpan.o)
 .any.text.packet_sent
                0x0000000000009d34       0x4e build/z1/contiki-ng-z1.a(sicslowpan.o)
 .any.text.uncompress_addr
                0x0000000000009d82       0x96 build/z1/contiki-ng-z1.a(sicslowpan.o)
 .any.text.input
                0x0000000000009e18      0x586 build/z1/contiki-ng-z1.a(sicslowpan.o)
 .any.text.netstack_sniffer_add
                0x000000000000a39e        0x6 build/z1/contiki-ng-z1.a(sicslowpan.o)
                0x000000000000a39e                netstack_sniffer_add
 .any.text.remove_neighbor
                0x000000000000a3a4       0x24 build/z1/contiki-ng-z1.a(rpl-neighbor.o)
 .any.text.rpl_neighbor_count
                0x000000000000a3c8       0x2c build/z1/contiki-ng-z1.a(rpl-neighbor.o)
                0x000000000000a3c8                rpl_neighbor_count
 .any.text.rpl_neighbor_get_from_lladdr
                0x000000000000a3f4        0xc build/z1/contiki-ng-z1.a(rpl-neighbor.o)
                0x000000000000a3f4                rpl_neighbor_get_from_lladdr
 .any.text.rpl_neighbor_is_acceptable_parent
                0x000000000000a400       0x20 build/z1/contiki-ng-z1.a(rpl-neighbor.o)
                0x000000000000a400                rpl_neighbor_is_acceptable_parent
 .any.text.rpl_neighbor_get_link_metric
                0x000000000000a420       0x18 build/z1/contiki-ng-z1.a(rpl-neighbor.o)
                0x000000000000a420                rpl_neighbor_get_link_metric
 .any.text.rpl_neighbor_rank_via_nbr
                0x000000000000a438       0x18 build/z1/contiki-ng-z1.a(rpl-neighbor.o)
                0x000000000000a438                rpl_neighbor_rank_via_nbr
 .any.text.rpl_neighbor_get_lladdr
                0x000000000000a450        0xc build/z1/contiki-ng-z1.a(rpl-neighbor.o)
                0x000000000000a450                rpl_neighbor_get_lladdr
 .any.text.rpl_neighbor_get_ipaddr
                0x000000000000a45c        0xa build/z1/contiki-ng-z1.a(rpl-neighbor.o)
                0x000000000000a45c                rpl_neighbor_get_ipaddr
 .any.text.rpl_neighbor_get_link_stats
                0x000000000000a466        0xa build/z1/contiki-ng-z1.a(rpl-neighbor.o)
                0x000000000000a466                rpl_neighbor_get_link_stats
 .any.text.rpl_neighbor_is_fresh
                0x000000000000a470        0xa build/z1/contiki-ng-z1.a(rpl-neighbor.o)
                0x000000000000a470                rpl_neighbor_is_fresh
 .any.text.best_parent
                0x000000000000a47a       0x9c build/z1/contiki-ng-z1.a(rpl-neighbor.o)
 .any.text.rpl_neighbor_snprint
                0x000000000000a516      0x1f0 build/z1/contiki-ng-z1.a(rpl-neighbor.o)
                0x000000000000a516                rpl_neighbor_snprint
 .any.text.rpl_neighbor_is_parent
                0x000000000000a706       0x18 build/z1/contiki-ng-z1.a(rpl-neighbor.o)
                0x000000000000a706                rpl_neighbor_is_parent
 .any.text.rpl_neighbor_set_preferred_parent
                0x000000000000a71e       0x56 build/z1/contiki-ng-z1.a(rpl-neighbor.o)
                0x000000000000a71e                rpl_neighbor_set_preferred_parent
 .any.text.rpl_neighbor_remove_all
                0x000000000000a774       0x30 build/z1/contiki-ng-z1.a(rpl-neighbor.o)
                0x000000000000a774                rpl_neighbor_remove_all
 .any.text.rpl_neighbor_get_from_ipaddr
                0x000000000000a7a4       0x14 build/z1/contiki-ng-z1.a(rpl-neighbor.o)
                0x000000000000a7a4                rpl_neighbor_get_from_ipaddr
 .any.text.rpl_neighbor_select_best
                0x000000000000a7b8       0x54 build/z1/contiki-ng-z1.a(rpl-neighbor.o)
                0x000000000000a7b8                rpl_neighbor_select_best
 .any.text.rpl_neighbor_init
                0x000000000000a80c       0x12 build/z1/contiki-ng-z1.a(rpl-neighbor.o)
                0x000000000000a80c                rpl_neighbor_init
 .any.text.init_dag
                0x000000000000a81e       0x78 build/z1/contiki-ng-z1.a(rpl-dag.o)
 .any.text.process_dio_init_dag
                0x000000000000a896       0xb0 build/z1/contiki-ng-z1.a(rpl-dag.o)
 .any.text.rpl_dag_get_root_ipaddr
                0x000000000000a946       0x1e build/z1/contiki-ng-z1.a(rpl-dag.o)
                0x000000000000a946                rpl_dag_get_root_ipaddr
 .any.text.rpl_dag_leave
                0x000000000000a964       0x4a build/z1/contiki-ng-z1.a(rpl-dag.o)
                0x000000000000a964                rpl_dag_leave
 .any.text.rpl_dag_poison_and_leave
                0x000000000000a9ae        0xc build/z1/contiki-ng-z1.a(rpl-dag.o)
                0x000000000000a9ae                rpl_dag_poison_and_leave
 .any.text.rpl_dag_periodic
                0x000000000000a9ba       0x6a build/z1/contiki-ng-z1.a(rpl-dag.o)
                0x000000000000a9ba                rpl_dag_periodic
 .any.text.rpl_is_addr_in_our_dag
                0x000000000000aa24       0x26 build/z1/contiki-ng-z1.a(rpl-dag.o)
                0x000000000000aa24                rpl_is_addr_in_our_dag
 .any.text.rpl_refresh_routes
                0x000000000000aa4a       0x20 build/z1/contiki-ng-z1.a(rpl-dag.o)
                0x000000000000aa4a                rpl_refresh_routes
 .any.text.rpl_local_repair
                0x000000000000aa6a       0x2a build/z1/contiki-ng-z1.a(rpl-dag.o)
                0x000000000000aa6a                rpl_local_repair
 .any.text.rpl_global_repair
                0x000000000000aa94       0x2e build/z1/contiki-ng-z1.a(rpl-dag.o)
                0x000000000000aa94                rpl_global_repair
 .any.text.rpl_dag_ready_to_advertise
                0x000000000000aac2       0x22 build/z1/contiki-ng-z1.a(rpl-dag.o)
                0x000000000000aac2                rpl_dag_ready_to_advertise
 .any.text.rpl_dag_update_state
                0x000000000000aae4      0x138 build/z1/contiki-ng-z1.a(rpl-dag.o)
                0x000000000000aae4                rpl_dag_update_state
 .any.text.rpl_process_dio
                0x000000000000ac1c      0x19e build/z1/contiki-ng-z1.a(rpl-dag.o)
                0x000000000000ac1c                rpl_process_dio
 .any.text.rpl_process_dis
                0x000000000000adba       0x2a build/z1/contiki-ng-z1.a(rpl-dag.o)
                0x000000000000adba                rpl_process_dis
 .any.text.rpl_process_dao
                0x000000000000ade4       0x66 build/z1/contiki-ng-z1.a(rpl-dag.o)
                0x000000000000ade4                rpl_process_dao
 .any.text.rpl_process_dao_ack
                0x000000000000ae4a       0x50 build/z1/contiki-ng-z1.a(rpl-dag.o)
                0x000000000000ae4a                rpl_process_dao_ack
 .any.text.rpl_process_hbh
                0x000000000000ae9a       0x26 build/z1/contiki-ng-z1.a(rpl-dag.o)
                0x000000000000ae9a                rpl_process_hbh
 .any.text.rpl_dag_init_root
                0x000000000000aec0       0xaa build/z1/contiki-ng-z1.a(rpl-dag.o)
                0x000000000000aec0                rpl_dag_init_root
 .any.text.rpl_dag_init
                0x000000000000af6a       0x10 build/z1/contiki-ng-z1.a(rpl-dag.o)
                0x000000000000af6a                rpl_dag_init
 .any.text.handle_state_update
                0x000000000000af7a        0x6 build/z1/contiki-ng-z1.a(rpl-timers.o)
 .any.text.handle_leaving_timer
                0x000000000000af80        0xc build/z1/contiki-ng-z1.a(rpl-timers.o)
 .any.text.schedule_dao_retransmission
                0x000000000000af8c       0x30 build/z1/contiki-ng-z1.a(rpl-timers.o)
 .any.text.handle_unicast_dio_timer
                0x000000000000afbc       0x12 build/z1/contiki-ng-z1.a(rpl-timers.o)
 .any.text.send_new_dao
                0x000000000000afce       0x28 build/z1/contiki-ng-z1.a(rpl-timers.o)
 .any.text.resend_dao
                0x000000000000aff6       0x24 build/z1/contiki-ng-z1.a(rpl-timers.o)
 .any.text.handle_dao_ack_timer
                0x000000000000b01a       0x12 build/z1/contiki-ng-z1.a(rpl-timers.o)
 .any.text.new_dio_interval
                0x000000000000b02c       0xae build/z1/contiki-ng-z1.a(rpl-timers.o)
 .any.text.handle_dio_timer
                0x000000000000b0da       0x6e build/z1/contiki-ng-z1.a(rpl-timers.o)
 .any.text.rpl_timers_schedule_periodic_dis
                0x000000000000b148       0x3c build/z1/contiki-ng-z1.a(rpl-timers.o)
                0x000000000000b148                rpl_timers_schedule_periodic_dis
 .any.text.handle_periodic_timer
                0x000000000000b184       0x3a build/z1/contiki-ng-z1.a(rpl-timers.o)
 .any.text.handle_dis_timer
                0x000000000000b1be       0x26 build/z1/contiki-ng-z1.a(rpl-timers.o)
 .any.text.rpl_timers_dio_reset
                0x000000000000b1e4       0x2e build/z1/contiki-ng-z1.a(rpl-timers.o)
                0x000000000000b1e4                rpl_timers_dio_reset
 .any.text.rpl_timers_schedule_unicast_dio
                0x000000000000b212       0x20 build/z1/contiki-ng-z1.a(rpl-timers.o)
                0x000000000000b212                rpl_timers_schedule_unicast_dio
 .any.text.rpl_timers_schedule_dao
                0x000000000000b232       0x38 build/z1/contiki-ng-z1.a(rpl-timers.o)
                0x000000000000b232                rpl_timers_schedule_dao
 .any.text.rpl_timers_schedule_dao_ack
                0x000000000000b26a       0x34 build/z1/contiki-ng-z1.a(rpl-timers.o)
                0x000000000000b26a                rpl_timers_schedule_dao_ack
 .any.text.rpl_timers_notify_dao_ack
                0x000000000000b29e       0x7e build/z1/contiki-ng-z1.a(rpl-timers.o)
                0x000000000000b29e                rpl_timers_notify_dao_ack
 .any.text.get_probing_delay
                0x000000000000b31c       0x1c build/z1/contiki-ng-z1.a(rpl-timers.o)
                0x000000000000b31c                get_probing_delay
 .any.text.get_probing_target
                0x000000000000b338       0xda build/z1/contiki-ng-z1.a(rpl-timers.o)
                0x000000000000b338                get_probing_target
 .any.text.rpl_schedule_probing
                0x000000000000b412       0x20 build/z1/contiki-ng-z1.a(rpl-timers.o)
                0x000000000000b412                rpl_schedule_probing
 .any.text.handle_probing_timer
                0x000000000000b432       0x26 build/z1/contiki-ng-z1.a(rpl-timers.o)
 .any.text.rpl_schedule_probing_now
                0x000000000000b458       0x24 build/z1/contiki-ng-z1.a(rpl-timers.o)
                0x000000000000b458                rpl_schedule_probing_now
 .any.text.rpl_timers_unschedule_leaving
                0x000000000000b47c       0x1c build/z1/contiki-ng-z1.a(rpl-timers.o)
                0x000000000000b47c                rpl_timers_unschedule_leaving
 .any.text.rpl_timers_schedule_leaving
                0x000000000000b498       0x2a build/z1/contiki-ng-z1.a(rpl-timers.o)
                0x000000000000b498                rpl_timers_schedule_leaving
 .any.text.rpl_timers_init
                0x000000000000b4c2       0x1c build/z1/contiki-ng-z1.a(rpl-timers.o)
                0x000000000000b4c2                rpl_timers_init
 .any.text.rpl_timers_stop_dag_timers
                0x000000000000b4de       0x4c build/z1/contiki-ng-z1.a(rpl-timers.o)
                0x000000000000b4de                rpl_timers_stop_dag_timers
 .any.text.rpl_timers_unschedule_state_update
                0x000000000000b52a       0x10 build/z1/contiki-ng-z1.a(rpl-timers.o)
                0x000000000000b52a                rpl_timers_unschedule_state_update
 .any.text.rpl_timers_schedule_state_update
                0x000000000000b53a       0x1c build/z1/contiki-ng-z1.a(rpl-timers.o)
                0x000000000000b53a                rpl_timers_schedule_state_update
 .any.text.rpl_has_joined
                0x000000000000b556       0x12 build/z1/contiki-ng-z1.a(rpl.o)
                0x000000000000b556                rpl_has_joined
 .any.text.rpl_is_reachable
                0x000000000000b568       0x12 build/z1/contiki-ng-z1.a(rpl.o)
                0x000000000000b568                rpl_is_reachable
 .any.text.neighbor_state_changed
                0x000000000000b57a        0x2 build/z1/contiki-ng-z1.a(rpl.o)
 .any.text.drop_route
                0x000000000000b57c        0x2 build/z1/contiki-ng-z1.a(rpl.o)
 .any.text.rpl_get_leaf_only
                0x000000000000b57e        0x6 build/z1/contiki-ng-z1.a(rpl.o)
                0x000000000000b57e                rpl_get_leaf_only
 .any.text.get_sr_node_ipaddr
                0x000000000000b584       0x30 build/z1/contiki-ng-z1.a(rpl.o)
 .any.text.init
                0x000000000000b5b4       0x42 build/z1/contiki-ng-z1.a(rpl.o)
 .any.text.set_ip_from_prefix
                0x000000000000b5f6       0x30 build/z1/contiki-ng-z1.a(rpl.o)
 .any.text.rpl_link_callback
                0x000000000000b626       0x1e build/z1/contiki-ng-z1.a(rpl.o)
                0x000000000000b626                rpl_link_callback
 .any.text.rpl_lollipop_greater_than
                0x000000000000b644       0x3c build/z1/contiki-ng-z1.a(rpl.o)
                0x000000000000b644                rpl_lollipop_greater_than
 .any.text.rpl_get_global_address
                0x000000000000b680       0x8c build/z1/contiki-ng-z1.a(rpl.o)
                0x000000000000b680                rpl_get_global_address
 .any.text.rpl_reset_prefix
                0x000000000000b70c       0x24 build/z1/contiki-ng-z1.a(rpl.o)
                0x000000000000b70c                rpl_reset_prefix
 .any.text.rpl_set_prefix_from_addr
                0x000000000000b730       0x80 build/z1/contiki-ng-z1.a(rpl.o)
                0x000000000000b730                rpl_set_prefix_from_addr
 .any.text.reset
                0x000000000000b7b0        0x2 build/z1/contiki-ng-z1.a(rpl-mrhof.o)
 .any.text.update_metric_container
                0x000000000000b7b2        0x6 build/z1/contiki-ng-z1.a(rpl-mrhof.o)
 .any.text.nbr_link_metric
                0x000000000000b7b8       0x12 build/z1/contiki-ng-z1.a(rpl-mrhof.o)
 .any.text.nbr_has_usable_link
                0x000000000000b7ca       0x14 build/z1/contiki-ng-z1.a(rpl-mrhof.o)
 .any.text.nbr_path_cost
                0x000000000000b7de       0x34 build/z1/contiki-ng-z1.a(rpl-mrhof.o)
 .any.text.within_hysteresis
                0x000000000000b812       0x4c build/z1/contiki-ng-z1.a(rpl-mrhof.o)
 .any.text.nbr_is_acceptable_parent
                0x000000000000b85e       0x28 build/z1/contiki-ng-z1.a(rpl-mrhof.o)
 .any.text.rank_via_nbr
                0x000000000000b886       0x40 build/z1/contiki-ng-z1.a(rpl-mrhof.o)
 .any.text.best_parent
                0x000000000000b8c6       0x74 build/z1/contiki-ng-z1.a(rpl-mrhof.o)
 .any.text.get32
                0x000000000000b93a       0x3e build/z1/contiki-ng-z1.a(rpl-icmp6.o)
 .any.text.set32
                0x000000000000b978       0x2a build/z1/contiki-ng-z1.a(rpl-icmp6.o)
 .any.text.get16
                0x000000000000b9a2        0xe build/z1/contiki-ng-z1.a(rpl-icmp6.o)
 .any.text.set16
                0x000000000000b9b0       0x10 build/z1/contiki-ng-z1.a(rpl-icmp6.o)
 .any.text.dao_ack_input
                0x000000000000b9c0       0x30 build/z1/contiki-ng-z1.a(rpl-icmp6.o)
 .any.text.dao_input
                0x000000000000b9f0      0x166 build/z1/contiki-ng-z1.a(rpl-icmp6.o)
 .any.text.dio_input
                0x000000000000bb56      0x292 build/z1/contiki-ng-z1.a(rpl-icmp6.o)
 .any.text.dis_input
                0x000000000000bde8       0x1e build/z1/contiki-ng-z1.a(rpl-icmp6.o)
 .any.text.rpl_icmp6_update_nbr_table
                0x000000000000be06       0x2e build/z1/contiki-ng-z1.a(rpl-icmp6.o)
                0x000000000000be06                rpl_icmp6_update_nbr_table
 .any.text.rpl_icmp6_dis_output
                0x000000000000be34       0x34 build/z1/contiki-ng-z1.a(rpl-icmp6.o)
                0x000000000000be34                rpl_icmp6_dis_output
 .any.text.rpl_icmp6_dio_output
                0x000000000000be68      0x228 build/z1/contiki-ng-z1.a(rpl-icmp6.o)
                0x000000000000be68                rpl_icmp6_dio_output
 .any.text.rpl_icmp6_dao_output
                0x000000000000c090       0xd6 build/z1/contiki-ng-z1.a(rpl-icmp6.o)
                0x000000000000c090                rpl_icmp6_dao_output
 .any.text.rpl_icmp6_dao_ack_output
                0x000000000000c166       0x46 build/z1/contiki-ng-z1.a(rpl-icmp6.o)
                0x000000000000c166                rpl_icmp6_dao_ack_output
 .any.text.rpl_icmp6_init
                0x000000000000c1ac       0x22 build/z1/contiki-ng-z1.a(rpl-icmp6.o)
                0x000000000000c1ac                rpl_icmp6_init
 .any.text.rpl_dag_root_set_prefix
                0x000000000000c1ce       0x5e build/z1/contiki-ng-z1.a(rpl-dag-root.o)
                0x000000000000c1ce                rpl_dag_root_set_prefix
 .any.text.rpl_dag_root_start
                0x000000000000c22c       0x82 build/z1/contiki-ng-z1.a(rpl-dag-root.o)
                0x000000000000c22c                rpl_dag_root_start
 .any.text.rpl_dag_root_is_root
                0x000000000000c2ae       0x14 build/z1/contiki-ng-z1.a(rpl-dag-root.o)
                0x000000000000c2ae                rpl_dag_root_is_root
 .any.text.init_platform
                0x000000000000c2c2        0xc build/z1/contiki-ng-z1.a(contiki-z1-plat)
                0x000000000000c2c2                init_platform
 .any.text.leds_init
                0x000000000000c2ce        0x6 build/z1/contiki-ng-z1.a(leds.o)
                0x000000000000c2ce                leds_init
 .any.text.leds_on
                0x000000000000c2d4       0x12 build/z1/contiki-ng-z1.a(leds.o)
                0x000000000000c2d4                leds_on
 .any.text.leds_off
                0x000000000000c2e6       0x12 build/z1/contiki-ng-z1.a(leds.o)
                0x000000000000c2e6                leds_off
 .any.text.wait_ready
                0x000000000000c2f8       0x46 build/z1/contiki-ng-z1.a(xmem.o)
 .any.text.xmem_init
                0x000000000000c33e       0x1e build/z1/contiki-ng-z1.a(xmem.o)
                0x000000000000c33e                xmem_init
 .any.text.xmem_pread
                0x000000000000c35c       0x88 build/z1/contiki-ng-z1.a(xmem.o)
                0x000000000000c35c                xmem_pread
 .any.text.spi_init
                0x000000000000c3e4       0x32 build/z1/contiki-ng-z1.a(spi-legacy.o)
                0x000000000000c3e4                spi_init
 .any.text.set_object
                0x000000000000c416        0x4 build/z1/contiki-ng-z1.a(cc2420.o)
 .any.text.strobe
                0x000000000000c41a       0x1a build/z1/contiki-ng-z1.a(cc2420.o)
 .any.text.getreg
                0x000000000000c434       0x46 build/z1/contiki-ng-z1.a(cc2420.o)
 .any.text.setreg
                0x000000000000c47a       0x44 build/z1/contiki-ng-z1.a(cc2420.o)
 .any.text.write_ram
                0x000000000000c4be       0x72 build/z1/contiki-ng-z1.a(cc2420.o)
 .any.text.write_fifo_buf