Archive member included to satisfy reference by file (symbol)

/usr/lib/gcc/arm-none-eabi/9.2.1/thumb/v7-m/nofp/libgcc.a(_arm_mulsf3.o)
                              build/zoul/firefly/obj/tsch.o (__aeabi_fmul)
/usr/lib/gcc/arm-none-eabi/9.2.1/thumb/v7-m/nofp/libgcc.a(_arm_addsubsf3.o)
                              build/zoul/firefly/obj/tsch.o (__aeabi_fsub)
/usr/lib/gcc/arm-none-eabi/9.2.1/thumb/v7-m/nofp/libgcc.a(_arm_cmpsf2.o)
                              build/zoul/firefly/obj/tsch-schedule.o (__aeabi_fcmpeq)
/usr/lib/gcc/arm-none-eabi/9.2.1/thumb/v7-m/nofp/libgcc.a(_arm_fixsfsi.o)
                              build/zoul/firefly/obj/tsch.o (__aeabi_f2iz)
/usr/lib/gcc/arm-none-eabi/9.2.1/thumb/v7-m/nofp/libgcc.a(_aeabi_ldivmod.o)
                              build/zoul/firefly/obj/spi-legacy.o (__aeabi_ldivmod)
/usr/lib/gcc/arm-none-eabi/9.2.1/thumb/v7-m/nofp/libgcc.a(_aeabi_uldivmod.o)
                              build/zoul/firefly/obj/spi-legacy.o (__aeabi_uldivmod)
/usr/lib/gcc/arm-none-eabi/9.2.1/thumb/v7-m/nofp/libgcc.a(_udivmoddi4.o)
                              /usr/lib/gcc/arm-none-eabi/9.2.1/thumb/v7-m/nofp/libgcc.a(_aeabi_ldivmod.o) (__udivmoddi4)
/usr/lib/gcc/arm-none-eabi/9.2.1/thumb/v7-m/nofp/libgcc.a(_dvmd_tls.o)
                              /usr/lib/gcc/arm-none-eabi/9.2.1/thumb/v7-m/nofp/libgcc.a(_aeabi_ldivmod.o) (__aeabi_ldiv0)
/usr/lib/gcc/arm-none-eabi/9.2.1/../../../arm-none-eabi/lib/thumb/v7-m/nofp/libc.a(lib_a-memcmp.o)
                              build/zoul/firefly/obj/sixp-trans.o (memcmp)
/usr/lib/gcc/arm-none-eabi/9.2.1/../../../arm-none-eabi/lib/thumb/v7-m/nofp/libc.a(lib_a-memcpy.o)
                              build/zoul/firefly/obj/ecc-algorithm.o (memcpy)
/usr/lib/gcc/arm-none-eabi/9.2.1/../../../arm-none-eabi/lib/thumb/v7-m/nofp/libc.a(lib_a-memmove.o)
                              build/zoul/firefly/obj/tsch-packet.o (memmove)
/usr/lib/gcc/arm-none-eabi/9.2.1/../../../arm-none-eabi/lib/thumb/v7-m/nofp/libc.a(lib_a-memset.o)
                              build/zoul/firefly/obj/udma.o (memset)
/usr/lib/gcc/arm-none-eabi/9.2.1/../../../arm-none-eabi/lib/thumb/v7-m/nofp/libc.a(lib_a-reent.o)
                              build/zoul/firefly/obj/syscalls.o (errno)
/usr/lib/gcc/arm-none-eabi/9.2.1/../../../arm-none-eabi/lib/thumb/v7-m/nofp/libc.a(lib_a-strcat.o)
                              build/zoul/firefly/obj/tsch-schedule.o (strcat)
/usr/lib/gcc/arm-none-eabi/9.2.1/../../../arm-none-eabi/lib/thumb/v7-m/nofp/libc.a(lib_a-strchr.o)
                              build/zoul/firefly/obj/shell.o (strchr)
/usr/lib/gcc/arm-none-eabi/9.2.1/../../../arm-none-eabi/lib/thumb/v7-m/nofp/libc.a(lib_a-strcmp.o)
                              build/zoul/firefly/obj/cfs-coffee.o (strcmp)
/usr/lib/gcc/arm-none-eabi/9.2.1/../../../arm-none-eabi/lib/thumb/v7-m/nofp/libc.a(lib_a-strcpy.o)
                              /usr/lib/gcc/arm-none-eabi/9.2.1/../../../arm-none-eabi/lib/thumb/v7-m/nofp/libc.a(lib_a-strcat.o) (strcpy)
/usr/lib/gcc/arm-none-eabi/9.2.1/../../../arm-none-eabi/lib/thumb/v7-m/nofp/libc.a(lib_a-strlen-stub.o)
                              build/zoul/firefly/obj/sensors.o (strlen)
/usr/lib/gcc/arm-none-eabi/9.2.1/../../../arm-none-eabi/lib/thumb/v7-m/nofp/libc.a(lib_a-strncmp.o)
                              build/zoul/firefly/obj/sensors.o (strncmp)
/usr/lib/gcc/arm-none-eabi/9.2.1/../../../arm-none-eabi/lib/thumb/v7-m/nofp/libc.a(lib_a-strncpy.o)
                              build/zoul/firefly/obj/cfs-coffee.o (strncpy)
/usr/lib/gcc/arm-none-eabi/9.2.1/../../../arm-none-eabi/lib/thumb/v7-m/nofp/libc.a(lib_a-strtol.o)
                              build/zoul/firefly/obj/shell-commands.o (strtol)
/usr/lib/gcc/arm-none-eabi/9.2.1/../../../arm-none-eabi/lib/thumb/v7-m/nofp/libc.a(lib_a-ctype_.o)
                              /usr/lib/gcc/arm-none-eabi/9.2.1/../../../arm-none-eabi/lib/thumb/v7-m/nofp/libc.a(lib_a-strtol.o) (_ctype_)
/usr/lib/gcc/arm-none-eabi/9.2.1/../../../arm-none-eabi/lib/thumb/v7-m/nofp/libc.a(lib_a-errno.o)
                              /usr/lib/gcc/arm-none-eabi/9.2.1/../../../arm-none-eabi/lib/thumb/v7-m/nofp/libc.a(lib_a-strtol.o) (__errno)
/usr/lib/gcc/arm-none-eabi/9.2.1/../../../arm-none-eabi/lib/thumb/v7-m/nofp/libc.a(lib_a-freer.o)
                              /usr/lib/gcc/arm-none-eabi/9.2.1/../../../arm-none-eabi/lib/thumb/v7-m/nofp/libc.a(lib_a-reent.o) (_free_r)
/usr/lib/gcc/arm-none-eabi/9.2.1/../../../arm-none-eabi/lib/thumb/v7-m/nofp/libc.a(lib_a-impure.o)
                              /usr/lib/gcc/arm-none-eabi/9.2.1/../../../arm-none-eabi/lib/thumb/v7-m/nofp/libc.a(lib_a-reent.o) (_impure_ptr)
/usr/lib/gcc/arm-none-eabi/9.2.1/../../../arm-none-eabi/lib/thumb/v7-m/nofp/libc.a(lib_a-mallocr.o)
                              /usr/lib/gcc/arm-none-eabi/9.2.1/../../../arm-none-eabi/lib/thumb/v7-m/nofp/libc.a(lib_a-freer.o) (__malloc_current_mallinfo)
[...]
Memory Configuration

Name             Origin             Length             Attributes
FLASH_FW         0x0000000000202000 0x000000000007dfd4 xr
FLASH_CCA        0x000000000027ffd4 0x000000000000002c xr
NRSRAM           0x0000000020000000 0x0000000000004000 xrw
FRSRAM           0x0000000020004000 0x0000000000004000 xrw
*default*        0x0000000000000000 0xffffffffffffffff

Linker script and memory map

LOAD build/zoul/firefly/obj/startup-gcc.o
LOAD build/zoul/firefly/obj/platform.o
LOAD build/zoul/firefly/obj/leds-arch.o
LOAD build/zoul/firefly/obj/leds.o
LOAD build/zoul/firefly/obj/cc1200-zoul-arch.o
LOAD build/zoul/firefly/obj/adc-zoul.o
LOAD build/zoul/firefly/obj/board-buttons.o
LOAD build/zoul/firefly/obj/zoul-sensors.o
LOAD build/zoul/firefly/obj/board.o
LOAD build/zoul/firefly/obj/soc.o
LOAD build/zoul/firefly/obj/clock.o
LOAD build/zoul/firefly/obj/rtimer-arch.o
LOAD build/zoul/firefly/obj/uart.o
LOAD build/zoul/firefly/obj/watchdog.o
LOAD build/zoul/firefly/obj/nvic.o
LOAD build/zoul/firefly/obj/sys-ctrl.o
LOAD build/zoul/firefly/obj/gpio.o
LOAD build/zoul/firefly/obj/ioc.o
LOAD build/zoul/firefly/obj/spi-legacy.o
LOAD build/zoul/firefly/obj/adc.o
LOAD build/zoul/firefly/obj/spi-arch.o
LOAD build/zoul/firefly/obj/crypto.o
LOAD build/zoul/firefly/obj/aes.o
LOAD build/zoul/firefly/obj/ecb.o
LOAD build/zoul/firefly/obj/cbc.o
LOAD build/zoul/firefly/obj/ctr.o
LOAD build/zoul/firefly/obj/cbc-mac.o
LOAD build/zoul/firefly/obj/gcm.o
LOAD build/zoul/firefly/obj/ccm.o
LOAD build/zoul/firefly/obj/sha256.o
LOAD build/zoul/firefly/obj/gpio-hal-arch.o
LOAD build/zoul/firefly/obj/cc2538-aes-128.o
LOAD build/zoul/firefly/obj/cc2538-ccm-star.o
LOAD build/zoul/firefly/obj/cc2538-rf.o
LOAD build/zoul/firefly/obj/udma.o
LOAD build/zoul/firefly/obj/lpm.o
LOAD build/zoul/firefly/obj/int-master.o
LOAD build/zoul/firefly/obj/pka.o
LOAD build/zoul/firefly/obj/bignum-driver.o
LOAD build/zoul/firefly/obj/ecc-driver.o
LOAD build/zoul/firefly/obj/ecc-algorithm.o
LOAD build/zoul/firefly/obj/ecc-curve.o
LOAD build/zoul/firefly/obj/dbg.o
LOAD build/zoul/firefly/obj/ieee-addr.o
LOAD build/zoul/firefly/obj/slip-arch.o
LOAD build/zoul/firefly/obj/slip.o
LOAD build/zoul/firefly/obj/i2c.o
LOAD build/zoul/firefly/obj/cc2538-temp-sensor.o
LOAD build/zoul/firefly/obj/vdd3-sensor.o
LOAD build/zoul/firefly/obj/cfs-coffee.o
LOAD build/zoul/firefly/obj/cfs-coffee-arch.o
LOAD build/zoul/firefly/obj/pwm.o
LOAD build/zoul/firefly/obj/usb-core.o
LOAD build/zoul/firefly/obj/cdc-acm.o
LOAD build/zoul/firefly/obj/usb-arch.o
LOAD build/zoul/firefly/obj/usb-serial.o
LOAD build/zoul/firefly/obj/cdc-acm-descriptors.o
LOAD build/zoul/firefly/obj/shell.o
LOAD build/zoul/firefly/obj/shell-commands.o
LOAD build/zoul/firefly/obj/serial-shell.o
LOAD build/zoul/firefly/obj/sixp.o
LOAD build/zoul/firefly/obj/sixtop.o
LOAD build/zoul/firefly/obj/sixp-trans.o
LOAD build/zoul/firefly/obj/sixp-pkt.o
LOAD build/zoul/firefly/obj/sixp-nbr.o
LOAD build/zoul/firefly/obj/contiki-main.o
LOAD build/zoul/firefly/obj/autostart.o
LOAD build/zoul/firefly/obj/ctimer.o
LOAD build/zoul/firefly/obj/log.o
LOAD build/zoul/firefly/obj/energest.o
LOAD build/zoul/firefly/obj/etimer.o
LOAD build/zoul/firefly/obj/node-id.o
LOAD build/zoul/firefly/obj/mutex.o
LOAD build/zoul/firefly/obj/stimer.o
LOAD build/zoul/firefly/obj/compower.o
LOAD build/zoul/firefly/obj/atomic.o
LOAD build/zoul/firefly/obj/rtimer.o
LOAD build/zoul/firefly/obj/process.o
LOAD build/zoul/firefly/obj/timer.o
LOAD build/zoul/firefly/obj/stack-check.o
LOAD build/zoul/firefly/obj/dbl-circ-list.o
LOAD build/zoul/firefly/obj/crc16.o
LOAD build/zoul/firefly/obj/ifft.o
LOAD build/zoul/firefly/obj/sensors.o
LOAD build/zoul/firefly/obj/ccm-star.o
LOAD build/zoul/firefly/obj/dbl-list.o
LOAD build/zoul/firefly/obj/ringbufindex.o
LOAD build/zoul/firefly/obj/list.o
LOAD build/zoul/firefly/obj/circular-list.o
LOAD build/zoul/firefly/obj/aes-128.o
LOAD build/zoul/firefly/obj/trickle-timer.o
LOAD build/zoul/firefly/obj/memb.o
LOAD build/zoul/firefly/obj/heapmem.o
LOAD build/zoul/firefly/obj/random.o
LOAD build/zoul/firefly/obj/hexconv.o
LOAD build/zoul/firefly/obj/assert.o
LOAD build/zoul/firefly/obj/ringbuf.o
LOAD build/zoul/firefly/obj/button-hal.o
LOAD build/zoul/firefly/obj/serial-line.o
LOAD build/zoul/firefly/obj/spi.o
LOAD build/zoul/firefly/obj/nullradio.o
LOAD build/zoul/firefly/obj/gpio-hal.o
LOAD build/zoul/firefly/obj/queuebuf.o
LOAD build/zoul/firefly/obj/nbr-table.o
LOAD build/zoul/firefly/obj/packetbuf.o
LOAD build/zoul/firefly/obj/netstack.o
LOAD build/zoul/firefly/obj/linkaddr.o
LOAD build/zoul/firefly/obj/net-debug.o
LOAD build/zoul/firefly/obj/link-stats.o
LOAD build/zoul/firefly/obj/mac-sequence.o
LOAD build/zoul/firefly/obj/mac.o
LOAD build/zoul/firefly/obj/frame802154e-ie.o
LOAD build/zoul/firefly/obj/framer-802154.o
LOAD build/zoul/firefly/obj/nullframer.o
LOAD build/zoul/firefly/obj/frame802154.o
LOAD build/zoul/firefly/obj/syscalls.o
LOAD build/zoul/firefly/obj/strformat.o
LOAD build/zoul/firefly/obj/printf.o
LOAD build/zoul/firefly/obj/sprintf.o
LOAD build/zoul/firefly/obj/snprintf.o
LOAD build/zoul/firefly/obj/puts.o
LOAD build/zoul/firefly/obj/putchar.o
LOAD build/zoul/firefly/obj/cc1200-868-fsk-1-2kbps.o
LOAD build/zoul/firefly/obj/cc1200.o
LOAD build/zoul/firefly/obj/cc1200-802154g-863-870-fsk-50kbps.o
LOAD build/zoul/firefly/obj/cc1200-868-4gfsk-1000kbps.o
LOAD build/zoul/firefly/obj/rgb-led.o
LOAD build/zoul/firefly/obj/tsch-queue.o
LOAD build/zoul/firefly/obj/tsch-timeslot-timing.o
LOAD build/zoul/firefly/obj/tsch-schedule.o
LOAD build/zoul/firefly/obj/tsch-slot-operation.o
LOAD build/zoul/firefly/obj/tsch-packet.o
LOAD build/zoul/firefly/obj/tsch-security.o
LOAD build/zoul/firefly/obj/tsch-stats.o
LOAD build/zoul/firefly/obj/tsch-rpl.o
LOAD build/zoul/firefly/obj/tsch-adaptive-timesync.o
LOAD build/zoul/firefly/obj/tsch.o
LOAD build/zoul/firefly/obj/tsch-log.o
LOAD build/zoul/firefly/obj/uipbuf.o
LOAD build/zoul/firefly/obj/uip-icmp6.o
LOAD build/zoul/firefly/obj/uip-sr.o
LOAD build/zoul/firefly/obj/uip-ds6.o
LOAD build/zoul/firefly/obj/uip-packetqueue.o
LOAD build/zoul/firefly/obj/tcp-socket.o
LOAD build/zoul/firefly/obj/uiplib.o
LOAD build/zoul/firefly/obj/tcpip.o
LOAD build/zoul/firefly/obj/ip64-addr.o
LOAD build/zoul/firefly/obj/uip-udp-packet.o
LOAD build/zoul/firefly/obj/uip-ds6-route.o
LOAD build/zoul/firefly/obj/psock.o
LOAD build/zoul/firefly/obj/uip6.o
LOAD build/zoul/firefly/obj/uip-ds6-nbr.o
LOAD build/zoul/firefly/obj/uip-nameserver.o
LOAD build/zoul/firefly/obj/uip-nd6.o
LOAD build/zoul/firefly/obj/udp-socket.o
LOAD build/zoul/firefly/obj/simple-udp.o
LOAD build/zoul/firefly/obj/sicslowpan.o
LOAD build/zoul/firefly/obj/rpl-nbr-policy.o
LOAD build/zoul/firefly/obj/rpl-of0.o
LOAD build/zoul/firefly/obj/rpl-neighbor.o
LOAD build/zoul/firefly/obj/rpl-dag.o
LOAD build/zoul/firefly/obj/rpl-timers.o
LOAD build/zoul/firefly/obj/rpl-ext-header.o
LOAD build/zoul/firefly/obj/rpl.o
LOAD build/zoul/firefly/obj/rpl-mrhof.o
LOAD build/zoul/firefly/obj/rpl-icmp6.o
LOAD build/zoul/firefly/obj/rpl-dag-root.o
LOAD udp-server.o
LOAD build/zoul/firefly/obj/sf-simple.o
START GROUP
LOAD /usr/lib/gcc/arm-none-eabi/9.2.1/../../../arm-none-eabi/lib/thumb/v7-m/nofp/libm.a
END GROUP
START GROUP
LOAD /usr/lib/gcc/arm-none-eabi/9.2.1/thumb/v7-m/nofp/libgcc.a
LOAD /usr/lib/gcc/arm-none-eabi/9.2.1/../../../arm-none-eabi/lib/thumb/v7-m/nofp/libc.a
END GROUP

.text           0x0000000000202000    0x139a7
                0x0000000000202000                _text = .
 *(SORT_BY_ALIGNMENT(.vectors))
 .vectors       0x0000000000202000      0x28c build/zoul/firefly/obj/startup-gcc.o
                0x0000000000202000                vectors
 *(SORT_BY_ALIGNMENT(.text*))
 .text.reset_handler
                0x000000000020228c       0x40 build/zoul/firefly/obj/startup-gcc.o
                0x000000000020228c                reset_handler
 .text.platform_init_stage_two
                0x00000000002022cc       0x58 build/zoul/firefly/obj/platform.o
                0x00000000002022cc                platform_init_stage_two
 .text.platform_init_stage_three
                0x0000000000202324       0x8c build/zoul/firefly/obj/platform.o
                0x0000000000202324                platform_init_stage_three
 .text.radio_phy_overhead
                0x00000000002023b0       0x18 build/zoul/firefly/obj/platform.o
                0x00000000002023b0                radio_phy_overhead
 .text.radio_byte_air_time
                0x00000000002023c8       0x18 build/zoul/firefly/obj/platform.o
                0x00000000002023c8                radio_byte_air_time
 .text.radio_delay_before_tx
                0x00000000002023e0       0x18 build/zoul/firefly/obj/platform.o
                0x00000000002023e0                radio_delay_before_tx
 .text.radio_delay_before_rx
                0x00000000002023f8       0x18 build/zoul/firefly/obj/platform.o
                0x00000000002023f8                radio_delay_before_rx
 .text.radio_delay_before_detect
                0x0000000000202410       0x18 build/zoul/firefly/obj/platform.o
                0x0000000000202410                radio_delay_before_detect
 .text.radio_tsch_timeslot_timing
                0x0000000000202428       0x1c build/zoul/firefly/obj/platform.o
                0x0000000000202428                radio_tsch_timeslot_timing
 .text.leds_on  0x0000000000202444       0x50 build/zoul/firefly/obj/leds.o
                0x0000000000202444                leds_on
 .text.leds_off
                0x0000000000202494       0x48 build/zoul/firefly/obj/leds.o
                0x0000000000202494                leds_off
 .text.leds_init
                0x00000000002024dc       0x48 build/zoul/firefly/obj/leds.o
                0x00000000002024dc                leds_init
 .text.soc_get_rev
                0x0000000000202524       0x18 build/zoul/firefly/obj/soc.o
                0x0000000000202524                soc_get_rev
 .text.soc_print_info
                0x000000000020253c       0x10 build/zoul/firefly/obj/soc.o
                0x000000000020253c                soc_print_info
 .text.update_ticks
                0x000000000020254c       0x54 build/zoul/firefly/obj/clock.o
 .text.clock_init
                0x00000000002025a0       0x4c build/zoul/firefly/obj/clock.o
                0x00000000002025a0                clock_init
 .text.clock_time
                0x00000000002025ec       0x14 build/zoul/firefly/obj/clock.o
                0x00000000002025ec                clock_time
 .text.clock_seconds
                0x0000000000202600       0x14 build/zoul/firefly/obj/clock.o
                0x0000000000202600                clock_seconds
 .text.clock_delay_usec
                0x0000000000202614       0x1c build/zoul/firefly/obj/clock.o
                0x0000000000202614                clock_delay_usec
 .text.clock_adjust
                0x0000000000202630       0x20 build/zoul/firefly/obj/clock.o
                0x0000000000202630                clock_adjust
 .text.rtimer_arch_next_trigger
                0x0000000000202650        0xc build/zoul/firefly/obj/rtimer-arch.o
                0x0000000000202650                rtimer_arch_next_trigger
 .text.rtimer_arch_now
                0x000000000020265c       0x24 build/zoul/firefly/obj/rtimer-arch.o
                0x000000000020265c                rtimer_arch_now
 .text.rtimer_arch_schedule
                0x0000000000202680       0x58 build/zoul/firefly/obj/rtimer-arch.o
                0x0000000000202680                rtimer_arch_schedule
 .text.rtimer_isr
                0x00000000002026d8       0x2c build/zoul/firefly/obj/rtimer-arch.o
                0x00000000002026d8                rtimer_isr
 .text.permit_pm1
                0x0000000000202704       0x24 build/zoul/firefly/obj/uart.o
 .text.uart_isr
                0x0000000000202728       0x60 build/zoul/firefly/obj/uart.o
 .text.uart_init
                0x0000000000202788      0x198 build/zoul/firefly/obj/uart.o
                0x0000000000202788                uart_init
 .text.uart_set_input
                0x0000000000202920       0x10 build/zoul/firefly/obj/uart.o
                0x0000000000202920                uart_set_input
 .text.uart_write_byte
                0x0000000000202930       0x1c build/zoul/firefly/obj/uart.o
                0x0000000000202930                uart_write_byte
 .text.watchdog_init
                0x000000000020294c        0xc build/zoul/firefly/obj/watchdog.o
                0x000000000020294c                watchdog_init
 .text.watchdog_start
                0x0000000000202958        0xc build/zoul/firefly/obj/watchdog.o
                0x0000000000202958                watchdog_start
 .text.watchdog_periodic
                0x0000000000202964       0x10 build/zoul/firefly/obj/watchdog.o
                0x0000000000202964                watchdog_periodic
 .text.watchdog_reboot
                0x0000000000202974       0x10 build/zoul/firefly/obj/watchdog.o
                0x0000000000202974                watchdog_reboot
 .text.nvic_init
                0x0000000000202984       0x10 build/zoul/firefly/obj/nvic.o
                0x0000000000202984                nvic_init
 .text.sys_ctrl_init
                0x0000000000202994       0x74 build/zoul/firefly/obj/sys-ctrl.o
                0x0000000000202994                sys_ctrl_init
 .text.gpio_port_isr
                0x0000000000202a08       0x48 build/zoul/firefly/obj/gpio.o
 .text.ioc_init
                0x0000000000202a50       0x1c build/zoul/firefly/obj/ioc.o
                0x0000000000202a50                ioc_init
 .text.ioc_set_over
                0x0000000000202a6c       0x14 build/zoul/firefly/obj/ioc.o
                0x0000000000202a6c                ioc_set_over
 .text.ioc_set_sel
                0x0000000000202a80       0x14 build/zoul/firefly/obj/ioc.o
                0x0000000000202a80                ioc_set_sel
 .text.adc_get  0x0000000000202a94       0x70 build/zoul/firefly/obj/adc.o
                0x0000000000202a94                adc_get
 .text.permit_pm1
                0x0000000000202b04       0x10 build/zoul/firefly/obj/crypto.o
 .text.crypto_isr
                0x0000000000202b14       0x28 build/zoul/firefly/obj/crypto.o
                0x0000000000202b14                crypto_isr
 .text.crypto_enable
                0x0000000000202b3c       0x20 build/zoul/firefly/obj/crypto.o
                0x0000000000202b3c                crypto_enable
 .text.crypto_init
                0x0000000000202b5c       0x3c build/zoul/firefly/obj/crypto.o
                0x0000000000202b5c                crypto_init
 .text.crypto_disable
                0x0000000000202b98       0x20 build/zoul/firefly/obj/crypto.o
                0x0000000000202b98                crypto_disable
 .text.gpio_hal_arch_no_port_pin_cfg_set
                0x0000000000202bb8       0xc8 build/zoul/firefly/obj/gpio-hal-arch.o
                0x0000000000202bb8                gpio_hal_arch_no_port_pin_cfg_set
 .text.receiving_packet
                0x0000000000202c80       0x18 build/zoul/firefly/obj/cc2538-rf.o
 .text.pending_packet
                0x0000000000202c98       0x10 build/zoul/firefly/obj/cc2538-rf.o
 .text.energest_switch
                0x0000000000202ca8       0x54 build/zoul/firefly/obj/cc2538-rf.o
 .text.set_poll_mode
                0x0000000000202cfc       0x98 build/zoul/firefly/obj/cc2538-rf.o
 .text.set_object
                0x0000000000202d94       0x30 build/zoul/firefly/obj/cc2538-rf.o
 .text.read     0x0000000000202dc4       0xdc build/zoul/firefly/obj/cc2538-rf.o
 .text.get_object
                0x0000000000202ea0      0x144 build/zoul/firefly/obj/cc2538-rf.o
 .text.off      0x0000000000202fe4       0x70 build/zoul/firefly/obj/cc2538-rf.o
 .text.on       0x0000000000203054       0x44 build/zoul/firefly/obj/cc2538-rf.o
 .text.set_channel
                0x0000000000203098       0x38 build/zoul/firefly/obj/cc2538-rf.o
 .text.init     0x00000000002030d0       0xe8 build/zoul/firefly/obj/cc2538-rf.o
 .text.get_value
                0x00000000002031b8      0x17c build/zoul/firefly/obj/cc2538-rf.o
 .text.channel_clear
                0x0000000000203334       0x3c build/zoul/firefly/obj/cc2538-rf.o
 .text.prepare  0x0000000000203370       0x68 build/zoul/firefly/obj/cc2538-rf.o
 .text.process_thread_cc2538_rf_process
                0x00000000002033d8       0x90 build/zoul/firefly/obj/cc2538-rf.o
 .text.transmit
                0x0000000000203468       0xb4 build/zoul/firefly/obj/cc2538-rf.o
 .text.set_value
                0x000000000020351c      0x188 build/zoul/firefly/obj/cc2538-rf.o
 .text.cc2538_rf_rx_tx_isr
                0x00000000002036a4       0x24 build/zoul/firefly/obj/cc2538-rf.o
                0x00000000002036a4                cc2538_rf_rx_tx_isr
 .text.cc2538_rf_err_isr
                0x00000000002036c8       0x28 build/zoul/firefly/obj/cc2538-rf.o
                0x00000000002036c8                cc2538_rf_err_isr
 .text.udma_init
                0x00000000002036f0       0x34 build/zoul/firefly/obj/udma.o
                0x00000000002036f0                udma_init
 .text.udma_set_channel_src
                0x0000000000203724       0x10 build/zoul/firefly/obj/udma.o
                0x0000000000203724                udma_set_channel_src
 .text.udma_set_channel_dst
                0x0000000000203734       0x14 build/zoul/firefly/obj/udma.o
                0x0000000000203734                udma_set_channel_dst
 .text.udma_set_channel_control_word
                0x0000000000203748       0x14 build/zoul/firefly/obj/udma.o
                0x0000000000203748                udma_set_channel_control_word
 .text.udma_channel_enable
                0x000000000020375c       0x18 build/zoul/firefly/obj/udma.o
                0x000000000020375c                udma_channel_enable
 .text.udma_channel_mask_set
                0x0000000000203774       0x18 build/zoul/firefly/obj/udma.o
                0x0000000000203774                udma_channel_mask_set
 .text.udma_channel_sw_request
                0x000000000020378c       0x18 build/zoul/firefly/obj/udma.o
                0x000000000020378c                udma_channel_sw_request
 .text.udma_channel_get_mode
                0x00000000002037a4       0x1c build/zoul/firefly/obj/udma.o
                0x00000000002037a4                udma_channel_get_mode
 .text.udma_isr
                0x00000000002037c0       0x10 build/zoul/firefly/obj/udma.o
                0x00000000002037c0                udma_isr
 .text.udma_err_isr
                0x00000000002037d0        0xc build/zoul/firefly/obj/udma.o
                0x00000000002037d0                udma_err_isr
 .text.select_32_mhz_xosc
                0x00000000002037dc       0x2c build/zoul/firefly/obj/lpm.o
 .text.energest_switch
                0x0000000000203808       0x54 build/zoul/firefly/obj/lpm.o
 .text.lpm_exit
                0x000000000020385c       0x44 build/zoul/firefly/obj/lpm.o
                0x000000000020385c                lpm_exit
 .text.lpm_enter
                0x00000000002038a0       0xcc build/zoul/firefly/obj/lpm.o
                0x00000000002038a0                lpm_enter
 .text.lpm_register_peripheral
                0x000000000020396c       0x24 build/zoul/firefly/obj/lpm.o
                0x000000000020396c                lpm_register_peripheral
 .text.lpm_init
                0x0000000000203990       0x24 build/zoul/firefly/obj/lpm.o
                0x0000000000203990                lpm_init
 .text.pka_isr  0x00000000002039b4       0x28 build/zoul/firefly/obj/pka.o
                0x00000000002039b4                pka_isr
 .text.ieee_addr_cpy_to
                0x00000000002039dc       0x60 build/zoul/firefly/obj/ieee-addr.o
                0x00000000002039dc                ieee_addr_cpy_to
 .text.submit_setup
                0x0000000000203a3c       0x24 build/zoul/firefly/obj/usb-core.o
 .text.notify_user
                0x0000000000203a60       0x1c build/zoul/firefly/obj/usb-core.o
 .text.usb_set_global_event_process
                0x0000000000203a7c        0xc build/zoul/firefly/obj/usb-core.o
                0x0000000000203a7c                usb_set_global_event_process
 .text.usb_get_global_events
                0x0000000000203a88       0x10 build/zoul/firefly/obj/usb-core.o
                0x0000000000203a88                usb_get_global_events
 .text.usb_send_ctrl_response
                0x0000000000203a98       0x3c build/zoul/firefly/obj/usb-core.o
                0x0000000000203a98                usb_send_ctrl_response
 .text.usb_error_stall
                0x0000000000203ad4       0x10 build/zoul/firefly/obj/usb-core.o
                0x0000000000203ad4                usb_error_stall
 .text.usb_send_ctrl_status
                0x0000000000203ae4       0x24 build/zoul/firefly/obj/usb-core.o
                0x0000000000203ae4                usb_send_ctrl_status
 .text.handle_standard_requests
                0x0000000000203b08      0x164 build/zoul/firefly/obj/usb-core.o
 .text.process_thread_usb_process
                0x0000000000203c6c      0x14c build/zoul/firefly/obj/usb-core.o
 .text.usb_get_ctrl_data
                0x0000000000203db8       0x44 build/zoul/firefly/obj/usb-core.o
                0x0000000000203db8                usb_get_ctrl_data
 .text.usb_register_request_handler
                0x0000000000203dfc       0x18 build/zoul/firefly/obj/usb-core.o
                0x0000000000203dfc                usb_register_request_handler
 .text.usb_setup
                0x0000000000203e14       0x30 build/zoul/firefly/obj/usb-core.o
                0x0000000000203e14                usb_setup
 .text.notify_user
                0x0000000000203e44       0x1c build/zoul/firefly/obj/cdc-acm.o
 .text.handle_cdc_acm_requests
                0x0000000000203e60       0x84 build/zoul/firefly/obj/cdc-acm.o
 .text.set_line_encoding
                0x0000000000203ee4       0x2c build/zoul/firefly/obj/cdc-acm.o
 .text.usb_cdc_acm_setup
                0x0000000000203f10        0xc build/zoul/firefly/obj/cdc-acm.o
                0x0000000000203f10                usb_cdc_acm_setup
 .text.usb_cdc_acm_get_events
                0x0000000000203f1c       0x10 build/zoul/firefly/obj/cdc-acm.o
                0x0000000000203f1c                usb_cdc_acm_get_events
 .text.usb_cdc_acm_get_line_state
                0x0000000000203f2c        0xc build/zoul/firefly/obj/cdc-acm.o
                0x0000000000203f2c                usb_cdc_acm_get_line_state
 .text.usb_cdc_acm_set_event_process
                0x0000000000203f38        0xc build/zoul/firefly/obj/cdc-acm.o
                0x0000000000203f38                usb_cdc_acm_set_event_process
 .text.disable_irq
                0x0000000000203f44       0x1c build/zoul/firefly/obj/usb-arch.o
 .text.restore_irq
                0x0000000000203f60       0x10 build/zoul/firefly/obj/usb-arch.o
 .text.permit_pm1
                0x0000000000203f70       0x10 build/zoul/firefly/obj/usb-arch.o
 .text.ep_setup
                0x0000000000203f80       0xb0 build/zoul/firefly/obj/usb-arch.o
 .text.notify_process
                0x0000000000204030       0x1c build/zoul/firefly/obj/usb-arch.o
 .text.set_stall
                0x000000000020404c       0x58 build/zoul/firefly/obj/usb-arch.o
 .text.write_hw_buffer
                0x00000000002040a4       0x5c build/zoul/firefly/obj/usb-arch.o
 .text.ep0_tx   0x0000000000204100       0xc0 build/zoul/firefly/obj/usb-arch.o
 .text.fill_buffers
                0x00000000002041c0      0x108 build/zoul/firefly/obj/usb-arch.o
 .text.ep0_interrupt_handler
                0x00000000002042c8      0x174 build/zoul/firefly/obj/usb-arch.o
 .text.out_ep_interrupt_handler
                0x000000000020443c       0xb8 build/zoul/firefly/obj/usb-arch.o
 .text.usb_set_ep_event_process
                0x00000000002044f4       0x14 build/zoul/firefly/obj/usb-arch.o
                0x00000000002044f4                usb_set_ep_event_process
 .text.usb_arch_set_global_event_process
                0x0000000000204508        0xc build/zoul/firefly/obj/usb-arch.o
                0x0000000000204508                usb_arch_set_global_event_process
 .text.usb_arch_get_global_events
                0x0000000000204514       0x20 build/zoul/firefly/obj/usb-arch.o
                0x0000000000204514                usb_arch_get_global_events
 .text.usb_get_ep_events
                0x0000000000204534       0x2c build/zoul/firefly/obj/usb-arch.o
                0x0000000000204534                usb_get_ep_events
 .text.usb_submit_recv_buffer
                0x0000000000204560       0x98 build/zoul/firefly/obj/usb-arch.o
                0x0000000000204560                usb_submit_recv_buffer
 .text.usb_submit_xmit_buffer
                0x00000000002045f8      0x154 build/zoul/firefly/obj/usb-arch.o
                0x00000000002045f8                usb_submit_xmit_buffer
 .text.usb_arch_setup_control_endpoint
                0x000000000020474c       0x18 build/zoul/firefly/obj/usb-arch.o
                0x000000000020474c                usb_arch_setup_control_endpoint
 .text.reset    0x0000000000204764       0x40 build/zoul/firefly/obj/usb-arch.o
 .text.usb_arch_setup
                0x00000000002047a4       0x60 build/zoul/firefly/obj/usb-arch.o
                0x00000000002047a4                usb_arch_setup
 .text.usb_arch_setup_bulk_endpoint
                0x0000000000204804       0x18 build/zoul/firefly/obj/usb-arch.o
                0x0000000000204804                usb_arch_setup_bulk_endpoint
 .text.usb_arch_disable_endpoint
                0x000000000020481c       0x90 build/zoul/firefly/obj/usb-arch.o
                0x000000000020481c                usb_arch_disable_endpoint
 .text.usb_arch_discard_all_buffers
                0x00000000002048ac       0x30 build/zoul/firefly/obj/usb-arch.o
                0x00000000002048ac                usb_arch_discard_all_buffers
 .text.usb_arch_halt_endpoint
                0x00000000002048dc       0x8c build/zoul/firefly/obj/usb-arch.o
                0x00000000002048dc                usb_arch_halt_endpoint
 .text.usb_arch_get_ep_status
                0x0000000000204968       0x1c build/zoul/firefly/obj/usb-arch.o
                0x0000000000204968                usb_arch_get_ep_status
 .text.usb_arch_set_address
                0x0000000000204984        0xc build/zoul/firefly/obj/usb-arch.o
                0x0000000000204984                usb_arch_set_address
 .text.usb_arch_send_pending
                0x0000000000204990       0x2c build/zoul/firefly/obj/usb-arch.o
                0x0000000000204990                usb_arch_send_pending
 .text.usb_isr  0x00000000002049bc       0xc0 build/zoul/firefly/obj/usb-arch.o
                0x00000000002049bc                usb_isr
 .text.queue_rx_urb
                0x0000000000204a7c       0x20 build/zoul/firefly/obj/usb-serial.o
 .text.process_thread_usb_serial_process
                0x0000000000204a9c      0x134 build/zoul/firefly/obj/usb-serial.o
 .text.usb_class_get_string_descriptor
                0x0000000000204bd0       0x14 build/zoul/firefly/obj/usb-serial.o
                0x0000000000204bd0                usb_class_get_string_descriptor
 .text.usb_serial_set_input
                0x0000000000204be4        0xc build/zoul/firefly/obj/usb-serial.o
                0x0000000000204be4                usb_serial_set_input
 .text.usb_serial_init
                0x0000000000204bf0        0xc build/zoul/firefly/obj/usb-serial.o
                0x0000000000204bf0                usb_serial_init
 .text.shell_output_6addr
                0x0000000000204bfc       0x28 build/zoul/firefly/obj/shell.o
                0x0000000000204bfc                shell_output_6addr
 .text.shell_output_lladdr
                0x0000000000204c24       0x60 build/zoul/firefly/obj/shell.o
                0x0000000000204c24                shell_output_lladdr
 .text.shell_input
                0x0000000000204c84       0xc0 build/zoul/firefly/obj/shell.o
                0x0000000000204c84                shell_input
 .text.cmd_rpl_global_repair
                0x0000000000204d44       0x38 build/zoul/firefly/obj/shell-commands.o
 .text.cmd_rpl_local_repair
                0x0000000000204d7c       0x38 build/zoul/firefly/obj/shell-commands.o
 .text.cmd_help
                0x0000000000204db4       0x6c build/zoul/firefly/obj/shell-commands.o
 .text.cmd_6top
                0x0000000000204e20       0x64 build/zoul/firefly/obj/shell-commands.o
 .text.cmd_macaddr
                0x0000000000204e84       0x48 build/zoul/firefly/obj/shell-commands.o
 .text.cmd_tsch_status
                0x0000000000204ecc      0x144 build/zoul/firefly/obj/shell-commands.o
 .text.cmd_tsch_schedule
                0x0000000000205010       0xd4 build/zoul/firefly/obj/shell-commands.o
 .text.cmd_tsch_set_coordinator
                0x00000000002050e4      0x120 build/zoul/firefly/obj/shell-commands.o
 .text.cmd_rpl_nbr
                0x0000000000205204       0x90 build/zoul/firefly/obj/shell-commands.o
 .text.cmd_ipaddr
                0x0000000000205294       0x80 build/zoul/firefly/obj/shell-commands.o
 .text.cmd_rpl_status
                0x0000000000205314      0x26c build/zoul/firefly/obj/shell-commands.o
 .text.cmd_rpl_refresh_routes
                0x0000000000205580       0x34 build/zoul/firefly/obj/shell-commands.o
 .text.cmd_rpl_set_root
                0x00000000002055b4      0x160 build/zoul/firefly/obj/shell-commands.o
 .text.cmd_routes
                0x0000000000205714       0xe8 build/zoul/firefly/obj/shell-commands.o
 .text.cmd_ping
                0x00000000002057fc      0x154 build/zoul/firefly/obj/shell-commands.o
 .text.cmd_ip_neighbors
                0x0000000000205950       0xe0 build/zoul/firefly/obj/shell-commands.o
 .text.shell_output_log_levels
                0x0000000000205a30       0x58 build/zoul/firefly/obj/shell-commands.o
 .text.cmd_log  0x0000000000205a88       0xfc build/zoul/firefly/obj/shell-commands.o
 .text.cmd_reboot
                0x0000000000205b84       0x2c build/zoul/firefly/obj/shell-commands.o
 .text.echo_reply_handler
                0x0000000000205bb0       0x2c build/zoul/firefly/obj/shell-commands.o
 .text.shell_commands_init
                0x0000000000205bdc       0x30 build/zoul/firefly/obj/shell-commands.o
                0x0000000000205bdc                shell_commands_init
 .text.shell_command_lookup
                0x0000000000205c0c       0x34 build/zoul/firefly/obj/shell-commands.o
                0x0000000000205c0c                shell_command_lookup
 .text.process_thread_serial_shell_process
                0x0000000000205c40       0x58 build/zoul/firefly/obj/serial-shell.o
 .text.serial_shell_output
                0x0000000000205c98        0xc build/zoul/firefly/obj/serial-shell.o
 .text.serial_shell_init
                0x0000000000205ca4        0xc build/zoul/firefly/obj/serial-shell.o
                0x0000000000205ca4                serial_shell_init
 .text.mac_callback
                0x0000000000205cb0       0x6c build/zoul/firefly/obj/sixp.o
 .text.sixp_input
                0x0000000000205d1c      0x19c build/zoul/firefly/obj/sixp.o
                0x0000000000205d1c                sixp_input
 .text.sixp_output
                0x0000000000205eb8      0x180 build/zoul/firefly/obj/sixp.o
                0x0000000000205eb8                sixp_output
 .text.sixtop_find_sf
                0x0000000000206038       0x18 build/zoul/firefly/obj/sixtop.o
                0x0000000000206038                sixtop_find_sf
 .text.sixtop_add_sf
                0x0000000000206050       0x40 build/zoul/firefly/obj/sixtop.o
                0x0000000000206050                sixtop_add_sf
 .text.sixtop_output
                0x0000000000206090       0xbc build/zoul/firefly/obj/sixtop.o
                0x0000000000206090                sixtop_output
 .text.sixtop_input
                0x000000000020614c       0xb0 build/zoul/firefly/obj/sixtop.o
                0x000000000020614c                sixtop_input
 .text.sixtop_init_sf
                0x00000000002061fc       0x14 build/zoul/firefly/obj/sixtop.o
                0x00000000002061fc                sixtop_init_sf
 .text.sixtop_init
                0x0000000000206210       0x18 build/zoul/firefly/obj/sixtop.o
                0x0000000000206210                sixtop_init
 .text.free_trans
                0x0000000000206228       0x30 build/zoul/firefly/obj/sixp-trans.o
 .text.sixp_trans_transit_state
                0x0000000000206258       0xbc build/zoul/firefly/obj/sixp-trans.o
                0x0000000000206258                sixp_trans_transit_state
 .text.process_trans
                0x0000000000206314       0x68 build/zoul/firefly/obj/sixp-trans.o
 .text.handle_trans_timeout
                0x000000000020637c       0x60 build/zoul/firefly/obj/sixp-trans.o
 .text.sixp_trans_get_cmd
                0x00000000002063dc       0x18 build/zoul/firefly/obj/sixp-trans.o
                0x00000000002063dc                sixp_trans_get_cmd
 .text.sixp_trans_get_state
                0x00000000002063f4       0x18 build/zoul/firefly/obj/sixp-trans.o
                0x00000000002063f4                sixp_trans_get_state
 .text.sixp_trans_get_seqno
                0x000000000020640c       0x18 build/zoul/firefly/obj/sixp-trans.o
                0x000000000020640c                sixp_trans_get_seqno
 .text.sixp_trans_invoke_callback
                0x0000000000206424       0x2c build/zoul/firefly/obj/sixp-trans.o
                0x0000000000206424                sixp_trans_invoke_callback
 .text.mac_callback
                0x0000000000206450       0x64 build/zoul/firefly/obj/sixp-trans.o
 .text.sixp_trans_set_callback
                0x00000000002064b4       0x1c build/zoul/firefly/obj/sixp-trans.o
                0x00000000002064b4                sixp_trans_set_callback
 .text.sixp_trans_find
                0x00000000002064d0       0x30 build/zoul/firefly/obj/sixp-trans.o
                0x00000000002064d0                sixp_trans_find
 .text.sixp_trans_alloc
                0x0000000000206500       0xd0 build/zoul/firefly/obj/sixp-trans.o
                0x0000000000206500                sixp_trans_alloc
 .text.sixp_trans_find_request_trans
                0x00000000002065d0       0x30 build/zoul/firefly/obj/sixp-trans.o
                0x00000000002065d0                sixp_trans_find_request_trans
 .text.sixp_trans_init
                0x0000000000206600       0x38 build/zoul/firefly/obj/sixp-trans.o
                0x0000000000206600                sixp_trans_init
 .text.sixp_pkt_set_cell_list_for_uplink
                0x0000000000206638       0x80 build/zoul/firefly/obj/sixp-pkt.o
                0x0000000000206638                sixp_pkt_set_cell_list_for_uplink
 .text.sixp_pkt_set_cell_list_for_downlink
                0x00000000002066b8       0x54 build/zoul/firefly/obj/sixp-pkt.o
                0x00000000002066b8                sixp_pkt_set_cell_list_for_downlink
 .text.sixp_pkt_get_request_add_uplink
                0x000000000020670c       0x48 build/zoul/firefly/obj/sixp-pkt.o
                0x000000000020670c                sixp_pkt_get_request_add_uplink
 .text.sixp_pkt_set_request_delete_downlinks
                0x0000000000206754       0x58 build/zoul/firefly/obj/sixp-pkt.o
                0x0000000000206754                sixp_pkt_set_request_delete_downlinks
 .text.sixp_pkt_get_requested_adv_link
                0x00000000002067ac       0x48 build/zoul/firefly/obj/sixp-pkt.o
                0x00000000002067ac                sixp_pkt_get_requested_adv_link
 .text.sixp_pkt_get_channel
                0x00000000002067f4       0x4c build/zoul/firefly/obj/sixp-pkt.o
                0x00000000002067f4                sixp_pkt_get_channel
 .text.sixp_pkt_get_cell_list
                0x0000000000206840       0x70 build/zoul/firefly/obj/sixp-pkt.o
                0x0000000000206840                sixp_pkt_get_cell_list
 .text.sixp_pkt_get_cell_list_for_uplink
                0x00000000002068b0       0x60 build/zoul/firefly/obj/sixp-pkt.o
                0x00000000002068b0                sixp_pkt_get_cell_list_for_uplink
 .text.sixp_pkt_get_cell_list_for_delete_uplink
                0x0000000000206910       0x44 build/zoul/firefly/obj/sixp-pkt.o
                0x0000000000206910                sixp_pkt_get_cell_list_for_delete_uplink
 .text.sixp_pkt_get_cell_list_for_adv_link
                0x0000000000206954       0x60 build/zoul/firefly/obj/sixp-pkt.o
                0x0000000000206954                sixp_pkt_get_cell_list_for_adv_link
 .text.sixp_pkt_parse
                0x00000000002069b4       0xe8 build/zoul/firefly/obj/sixp-pkt.o
                0x00000000002069b4                sixp_pkt_parse
 .text.sixp_pkt_create
                0x0000000000206a9c       0x90 build/zoul/firefly/obj/sixp-pkt.o
                0x0000000000206a9c                sixp_pkt_create
 .text.sixp_nbr_find
                0x0000000000206b2c       0x20 build/zoul/firefly/obj/sixp-nbr.o
                0x0000000000206b2c                sixp_nbr_find
 .text.sixp_nbr_alloc
                0x0000000000206b4c       0x40 build/zoul/firefly/obj/sixp-nbr.o
                0x0000000000206b4c                sixp_nbr_alloc
 .text.sixp_nbr_free
                0x0000000000206b8c       0x20 build/zoul/firefly/obj/sixp-nbr.o
                0x0000000000206b8c                sixp_nbr_free
 .text.sixp_nbr_get_next_seqno
                0x0000000000206bac       0x14 build/zoul/firefly/obj/sixp-nbr.o
                0x0000000000206bac                sixp_nbr_get_next_seqno
 .text.sixp_nbr_set_next_seqno
                0x0000000000206bc0       0x18 build/zoul/firefly/obj/sixp-nbr.o
                0x0000000000206bc0                sixp_nbr_set_next_seqno
 .text.sixp_nbr_reset_next_seqno
                0x0000000000206bd8       0x18 build/zoul/firefly/obj/sixp-nbr.o
                0x0000000000206bd8                sixp_nbr_reset_next_seqno
 .text.sixp_nbr_increment_next_seqno
                0x0000000000206bf0       0x24 build/zoul/firefly/obj/sixp-nbr.o
                0x0000000000206bf0                sixp_nbr_increment_next_seqno
 .text.sixp_nbr_init
                0x0000000000206c14       0x3c build/zoul/firefly/obj/sixp-nbr.o
                0x0000000000206c14                sixp_nbr_init
 .text.startup.main
                0x0000000000206c50      0x1ec build/zoul/firefly/obj/contiki-main.o
                0x0000000000206c50                main
 .text.process_thread_ctimer_process
                0x0000000000206e3c       0x7c build/zoul/firefly/obj/ctimer.o
 .text.ctimer_init
                0x0000000000206eb8       0x28 build/zoul/firefly/obj/ctimer.o
                0x0000000000206eb8                ctimer_init
 .text.ctimer_set_with_process
                0x0000000000206ee0       0x44 build/zoul/firefly/obj/ctimer.o
                0x0000000000206ee0                ctimer_set_with_process
 .text.ctimer_set
                0x0000000000206f24       0x14 build/zoul/firefly/obj/ctimer.o
                0x0000000000206f24                ctimer_set
 .text.ctimer_reset
                0x0000000000206f38       0x38 build/zoul/firefly/obj/ctimer.o
                0x0000000000206f38                ctimer_reset
 .text.ctimer_stop
                0x0000000000206f70       0x2c build/zoul/firefly/obj/ctimer.o
                0x0000000000206f70                ctimer_stop
 .text.ctimer_expired
                0x0000000000206f9c       0x34 build/zoul/firefly/obj/ctimer.o
                0x0000000000206f9c                ctimer_expired
 .text.log_6addr
                0x0000000000206fd0       0x20 build/zoul/firefly/obj/log.o
                0x0000000000206fd0                log_6addr
 .text.log_lladdr
                0x0000000000206ff0       0x40 build/zoul/firefly/obj/log.o
                0x0000000000206ff0                log_lladdr
 .text.log_set_level
                0x0000000000207030       0x44 build/zoul/firefly/obj/log.o
                0x0000000000207030                log_set_level
 .text.log_get_level
                0x0000000000207074       0x3c build/zoul/firefly/obj/log.o
                0x0000000000207074                log_get_level
 .text.log_level_to_str
                0x00000000002070b0       0x18 build/zoul/firefly/obj/log.o
                0x00000000002070b0                log_level_to_str
 .text.update_time
                0x00000000002070c8       0x40 build/zoul/firefly/obj/etimer.o
 .text.etimer_request_poll
                0x0000000000207108        0xc build/zoul/firefly/obj/etimer.o
                0x0000000000207108                etimer_request_poll
 .text.process_thread_etimer_process
                0x0000000000207114       0xac build/zoul/firefly/obj/etimer.o
 .text.add_timer
                0x00000000002071c0       0x40 build/zoul/firefly/obj/etimer.o
 .text.etimer_pending
                0x0000000000207200       0x10 build/zoul/firefly/obj/etimer.o
                0x0000000000207200                etimer_pending
 .text.etimer_stop
                0x0000000000207210       0x34 build/zoul/firefly/obj/etimer.o
                0x0000000000207210                etimer_stop
 .text.node_id_init
                0x0000000000207244       0x18 build/zoul/firefly/obj/node-id.o
                0x0000000000207244                node_id_init
 .text.rtimer_set
                0x000000000020725c       0x24 build/zoul/firefly/obj/rtimer.o
                0x000000000020725c                rtimer_set
 .text.rtimer_run_next
                0x0000000000207280       0x28 build/zoul/firefly/obj/rtimer.o
                0x0000000000207280                rtimer_run_next
 .text.call_process.part.0
                0x00000000002072a8       0x38 build/zoul/firefly/obj/process.o
 .text.exit_process
                0x00000000002072e0       0x80 build/zoul/firefly/obj/process.o
 .text.do_poll  0x0000000000207360       0x30 build/zoul/firefly/obj/process.o
 .text.process_alloc_event
                0x0000000000207390       0x10 build/zoul/firefly/obj/process.o
                0x0000000000207390                process_alloc_event
 .text.process_init
                0x00000000002073a0       0x30 build/zoul/firefly/obj/process.o
                0x00000000002073a0                process_init
 .text.process_run
                0x00000000002073d0       0x84 build/zoul/firefly/obj/process.o
                0x00000000002073d0                process_run
 .text.process_nevents
                0x0000000000207454       0x14 build/zoul/firefly/obj/process.o
                0x0000000000207454                process_nevents
 .text.process_post
                0x0000000000207468       0x3c build/zoul/firefly/obj/process.o
                0x0000000000207468                process_post
 .text.process_post_synch
                0x00000000002074a4       0x14 build/zoul/firefly/obj/process.o
                0x00000000002074a4                process_post_synch
 .text.process_start
                0x00000000002074b8       0x30 build/zoul/firefly/obj/process.o
                0x00000000002074b8                process_start
 .text.process_poll
                0x00000000002074e8       0x18 build/zoul/firefly/obj/process.o
                0x00000000002074e8                process_poll
 .text.stack_check_init
                0x0000000000207500       0x24 build/zoul/firefly/obj/stack-check.o
                0x0000000000207500                stack_check_init
 .text.stack_check_get_usage
                0x0000000000207524       0x40 build/zoul/firefly/obj/stack-check.o
                0x0000000000207524                stack_check_get_usage
 .text.process_thread_stack_check_process
                0x0000000000207564       0xa8 build/zoul/firefly/obj/stack-check.o
 .text.process_thread_sensors_process
                0x000000000020760c       0xd4 build/zoul/firefly/obj/sensors.o
 .text.random_rand
                0x00000000002076e0       0x24 build/zoul/firefly/obj/random.o
                0x00000000002076e0                random_rand
 .text.random_init
                0x0000000000207704       0x78 build/zoul/firefly/obj/random.o
                0x0000000000207704                random_init
 .text._xassert
                0x000000000020777c       0x28 build/zoul/firefly/obj/assert.o
                0x000000000020777c                _xassert
 .text.duration_exceeded_callback
                0x00000000002077a4       0x34 build/zoul/firefly/obj/button-hal.o
 .text.process_thread_button_hal_process
                0x00000000002077d8       0x74 build/zoul/firefly/obj/button-hal.o
 .text.press_release_handler
                0x000000000020784c       0x18 build/zoul/firefly/obj/button-hal.o
 .text.debounce_handler
                0x0000000000207864       0x64 build/zoul/firefly/obj/button-hal.o
 .text.button_hal_init
                0x00000000002078c8      0x104 build/zoul/firefly/obj/button-hal.o
                0x00000000002078c8                button_hal_init
 .text.process_thread_serial_line_process
                0x00000000002079cc       0x9c build/zoul/firefly/obj/serial-line.o
 .text.serial_line_input_byte
                0x0000000000207a68       0x48 build/zoul/firefly/obj/serial-line.o
                0x0000000000207a68                serial_line_input_byte
 .text.serial_line_init
                0x0000000000207ab0       0x24 build/zoul/firefly/obj/serial-line.o
                0x0000000000207ab0                serial_line_init
 .text.gpio_hal_register_handler
                0x0000000000207ad4        0xc build/zoul/firefly/obj/gpio-hal.o
                0x0000000000207ad4                gpio_hal_register_handler
 .text.gpio_hal_event_handler
                0x0000000000207ae0       0x24 build/zoul/firefly/obj/gpio-hal.o
                0x0000000000207ae0                gpio_hal_event_handler
 .text.gpio_hal_init
                0x0000000000207b04        0xc build/zoul/firefly/obj/gpio-hal.o
                0x0000000000207b04                gpio_hal_init
 .text.queuebuf_init
                0x0000000000207b10       0x1c build/zoul/firefly/obj/queuebuf.o
                0x0000000000207b10                queuebuf_init
 .text.queuebuf_new_from_packetbuf
                0x0000000000207b2c       0x44 build/zoul/firefly/obj/queuebuf.o
                0x0000000000207b2c                queuebuf_new_from_packetbuf
 .text.queuebuf_free
                0x0000000000207b70       0x2c build/zoul/firefly/obj/queuebuf.o
                0x0000000000207b70                queuebuf_free
 .text.queuebuf_to_packetbuf
                0x0000000000207b9c       0x30 build/zoul/firefly/obj/queuebuf.o
                0x0000000000207b9c                queuebuf_to_packetbuf
 .text.queuebuf_dataptr
                0x0000000000207bcc       0x18 build/zoul/firefly/obj/queuebuf.o
                0x0000000000207bcc                queuebuf_dataptr
 .text.index_from_key
                0x0000000000207be4       0x20 build/zoul/firefly/obj/nbr-table.o
 .text.index_from_lladdr
                0x0000000000207c04       0x40 build/zoul/firefly/obj/nbr-table.o
 .text.nbr_get_bit.constprop.0
                0x0000000000207c44       0x24 build/zoul/firefly/obj/nbr-table.o
 .text.nbr_table_is_registered
                0x0000000000207c68       0x20 build/zoul/firefly/obj/nbr-table.o
                0x0000000000207c68                nbr_table_is_registered
 .text.nbr_table_register
                0x0000000000207c88       0x30 build/zoul/firefly/obj/nbr-table.o
                0x0000000000207c88                nbr_table_register
 .text.nbr_table_next
                0x0000000000207cb8       0x48 build/zoul/firefly/obj/nbr-table.o
                0x0000000000207cb8                nbr_table_next
 .text.nbr_table_head
                0x0000000000207d00       0x38 build/zoul/firefly/obj/nbr-table.o
                0x0000000000207d00                nbr_table_head
 .text.nbr_table_add_lladdr
                0x0000000000207d38      0x158 build/zoul/firefly/obj/nbr-table.o
                0x0000000000207d38                nbr_table_add_lladdr
 .text.nbr_table_remove
                0x0000000000207e90       0x2c build/zoul/firefly/obj/nbr-table.o
                0x0000000000207e90                nbr_table_remove
 .text.nbr_table_lock
                0x0000000000207ebc       0x10 build/zoul/firefly/obj/nbr-table.o
                0x0000000000207ebc                nbr_table_lock
 .text.nbr_table_unlock
                0x0000000000207ecc       0x10 build/zoul/firefly/obj/nbr-table.o
                0x0000000000207ecc                nbr_table_unlock
 .text.nbr_table_get_lladdr
                0x0000000000207edc       0x24 build/zoul/firefly/obj/nbr-table.o
                0x0000000000207edc                nbr_table_get_lladdr
 .text.packetbuf_hdrreduce
                0x0000000000207f00       0x28 build/zoul/firefly/obj/packetbuf.o
                0x0000000000207f00                packetbuf_hdrreduce
 .text.packetbuf_set_datalen
                0x0000000000207f28        0xc build/zoul/firefly/obj/packetbuf.o
                0x0000000000207f28                packetbuf_set_datalen
 .text.packetbuf_hdrptr
                0x0000000000207f34        0x8 build/zoul/firefly/obj/packetbuf.o
                0x0000000000207f34                packetbuf_hdrptr
 .text.packetbuf_datalen
                0x0000000000207f3c        0xc build/zoul/firefly/obj/packetbuf.o
                0x0000000000207f3c                packetbuf_datalen
 .text.packetbuf_hdrlen
                0x0000000000207f48       0x18 build/zoul/firefly/obj/packetbuf.o
                0x0000000000207f48                packetbuf_hdrlen
 .text.packetbuf_dataptr
                0x0000000000207f60       0x10 build/zoul/firefly/obj/packetbuf.o
                0x0000000000207f60                packetbuf_dataptr
 .text.packetbuf_copyto
                0x0000000000207f70       0x44 build/zoul/firefly/obj/packetbuf.o
                0x0000000000207f70                packetbuf_copyto
 .text.packetbuf_totlen
                0x0000000000207fb4       0x14 build/zoul/firefly/obj/packetbuf.o
                0x0000000000207fb4                packetbuf_totlen
 .text.packetbuf_hdralloc
                0x0000000000207fc8       0x40 build/zoul/firefly/obj/packetbuf.o
                0x0000000000207fc8                packetbuf_hdralloc
 .text.packetbuf_attr_clear
                0x0000000000208008       0x34 build/zoul/firefly/obj/packetbuf.o
                0x0000000000208008                packetbuf_attr_clear
 .text.packetbuf_clear
                0x000000000020803c       0x20 build/zoul/firefly/obj/packetbuf.o
                0x000000000020803c                packetbuf_clear
 .text.packetbuf_copyfrom
                0x000000000020805c       0x2c build/zoul/firefly/obj/packetbuf.o
                0x000000000020805c                packetbuf_copyfrom
 .text.packetbuf_attr_copyto
                0x0000000000208088       0x24 build/zoul/firefly/obj/packetbuf.o
                0x0000000000208088                packetbuf_attr_copyto
 .text.packetbuf_attr_copyfrom
                0x00000000002080ac       0x24 build/zoul/firefly/obj/packetbuf.o
                0x00000000002080ac                packetbuf_attr_copyfrom
 .text.packetbuf_set_attr
                0x00000000002080d0       0x10 build/zoul/firefly/obj/packetbuf.o
                0x00000000002080d0                packetbuf_set_attr
 .text.packetbuf_attr
                0x00000000002080e0        0xc build/zoul/firefly/obj/packetbuf.o
                0x00000000002080e0                packetbuf_attr
 .text.packetbuf_set_addr
                0x00000000002080ec       0x18 build/zoul/firefly/obj/packetbuf.o
                0x00000000002080ec                packetbuf_set_addr
 .text.packetbuf_addr
                0x0000000000208104       0x10 build/zoul/firefly/obj/packetbuf.o
                0x0000000000208104                packetbuf_addr
 .text.packetbuf_holds_broadcast
                0x0000000000208114       0x10 build/zoul/firefly/obj/packetbuf.o
                0x0000000000208114                packetbuf_holds_broadcast
 .text.netstack_process_ip_callback
                0x0000000000208124       0x40 build/zoul/firefly/obj/netstack.o
                0x0000000000208124                netstack_process_ip_callback
 .text.netstack_init
                0x0000000000208164       0x24 build/zoul/firefly/obj/netstack.o
                0x0000000000208164                netstack_init
 .text.periodic
                0x0000000000208188       0x30 build/zoul/firefly/obj/link-stats.o
 .text.link_stats_from_lladdr
                0x00000000002081b8        0xc build/zoul/firefly/obj/link-stats.o
                0x00000000002081b8                link_stats_from_lladdr
 .text.link_stats_packet_sent
                0x00000000002081c4       0x78 build/zoul/firefly/obj/link-stats.o
                0x00000000002081c4                link_stats_packet_sent
 .text.link_stats_input_callback
                0x000000000020823c       0x4c build/zoul/firefly/obj/link-stats.o
                0x000000000020823c                link_stats_input_callback
 .text.link_stats_reset
                0x0000000000208288       0x28 build/zoul/firefly/obj/link-stats.o
                0x0000000000208288                link_stats_reset
 .text.link_stats_init
                0x00000000002082b0       0x28 build/zoul/firefly/obj/link-stats.o
                0x00000000002082b0                link_stats_init
 .text.mac_sequence_is_duplicate
                0x00000000002082d8       0x50 build/zoul/firefly/obj/mac-sequence.o
                0x00000000002082d8                mac_sequence_is_duplicate
 .text.mac_sequence_register_seqno
                0x0000000000208328       0x60 build/zoul/firefly/obj/mac-sequence.o
                0x0000000000208328                mac_sequence_register_seqno
 .text.dtsf_frequency_offset
                0x0000000000208388       0x24 build/zoul/firefly/obj/frame802154e-ie.o
                0x0000000000208388                dtsf_frequency_offset
 .text.dtsf_shared_timeslot
                0x00000000002083ac       0x24 build/zoul/firefly/obj/frame802154e-ie.o
                0x00000000002083ac                dtsf_shared_timeslot
 .text.frame802154e_parse_information_elements
                0x00000000002083d0      0x280 build/zoul/firefly/obj/frame802154e-ie.o
                0x00000000002083d0                frame802154e_parse_information_elements
 .text.create_frame
                0x0000000000208650       0xd0 build/zoul/firefly/obj/framer-802154.o
 .text.frame802154_get_pan_id
                0x0000000000208720        0xc build/zoul/firefly/obj/frame802154.o
                0x0000000000208720                frame802154_get_pan_id
 .text.frame802154_set_pan_id
                0x000000000020872c        0xc build/zoul/firefly/obj/frame802154.o
                0x000000000020872c                frame802154_set_pan_id
 .text.frame802154_check_dest_panid
                0x0000000000208738       0x38 build/zoul/firefly/obj/frame802154.o
                0x0000000000208738                frame802154_check_dest_panid
 .text.frame802154_extract_linkaddr
                0x0000000000208770       0x68 build/zoul/firefly/obj/frame802154.o
                0x0000000000208770                frame802154_extract_linkaddr
 .text.frame802154_parse
                0x00000000002087d8      0x130 build/zoul/firefly/obj/frame802154.o
                0x00000000002087d8                frame802154_parse
 .text.fill_space
                0x0000000000208908       0x34 build/zoul/firefly/obj/strformat.o
 .text.format_str_v
                0x000000000020893c      0x764 build/zoul/firefly/obj/strformat.o
                0x000000000020893c                format_str_v
 .text.printf   0x00000000002090a0       0x20 build/zoul/firefly/obj/printf.o
                0x00000000002090a0                printf
 .text.vsnprintf
                0x00000000002090c0       0x28 build/zoul/firefly/obj/snprintf.o
                0x00000000002090c0                vsnprintf
 .text.tsch_queue_get_nbr
                0x00000000002090e8       0x34 build/zoul/firefly/obj/tsch-queue.o
                0x00000000002090e8                tsch_queue_get_nbr
 .text.tsch_queue_add_nbr
                0x000000000020911c       0x78 build/zoul/firefly/obj/tsch-queue.o
                0x000000000020911c                tsch_queue_add_nbr
 .text.tsch_queue_get_time_source
                0x0000000000209194       0x28 build/zoul/firefly/obj/tsch-queue.o
                0x0000000000209194                tsch_queue_get_time_source
 .text.tsch_queue_update_time_source
                0x00000000002091bc       0x50 build/zoul/firefly/obj/tsch-queue.o
                0x00000000002091bc                tsch_queue_update_time_source
 .text.tsch_queue_add_packet
                0x000000000020920c       0x7c build/zoul/firefly/obj/tsch-queue.o
                0x000000000020920c                tsch_queue_add_packet
 .text.tsch_queue_free_packet
                0x0000000000209288       0x20 build/zoul/firefly/obj/tsch-queue.o
                0x0000000000209288                tsch_queue_free_packet
 .text.tsch_queue_reset
                0x00000000002092a8       0x30 build/zoul/firefly/obj/tsch-queue.o
                0x00000000002092a8                tsch_queue_reset
 .text.tsch_queue_free_unused_neighbors
                0x00000000002092d8       0x5c build/zoul/firefly/obj/tsch-queue.o
                0x00000000002092d8                tsch_queue_free_unused_neighbors
 .text.tsch_queue_get_unicast_packet_for_any
                0x0000000000209334       0x44 build/zoul/firefly/obj/tsch-queue.o
                0x0000000000209334                tsch_queue_get_unicast_packet_for_any
 .text.tsch_queue_packet_sent
                0x0000000000209378       0x5c build/zoul/firefly/obj/tsch-queue.o
                0x0000000000209378                tsch_queue_packet_sent
 .text.tsch_queue_update_all_backoff_windows
                0x00000000002093d4       0x50 build/zoul/firefly/obj/tsch-queue.o
                0x00000000002093d4                tsch_queue_update_all_backoff_windows
 .text.tsch_queue_init
                0x0000000000209424       0x50 build/zoul/firefly/obj/tsch-queue.o
                0x0000000000209424                tsch_queue_init
 .text.tsch_schedule_get_slotframe_by_handle
                0x0000000000209474       0x28 build/zoul/firefly/obj/tsch-schedule.o
                0x0000000000209474                tsch_schedule_get_slotframe_by_handle
 .text.tsch_schedule_add_slotframe
                0x000000000020949c       0x64 build/zoul/firefly/obj/tsch-schedule.o
                0x000000000020949c                tsch_schedule_add_slotframe
 .text.tsch_schedule_remove_link
                0x0000000000209500       0x78 build/zoul/firefly/obj/tsch-schedule.o
                0x0000000000209500                tsch_schedule_remove_link
 .text.tsch_schedule_remove_slotframe
                0x0000000000209578       0x50 build/zoul/firefly/obj/tsch-schedule.o
                0x0000000000209578                tsch_schedule_remove_slotframe
 .text.tsch_schedule_remove_all_slotframes
                0x00000000002095c8       0x20 build/zoul/firefly/obj/tsch-schedule.o
                0x00000000002095c8                tsch_schedule_remove_all_slotframes
 .text.tsch_schedule_get_link_by_timeslot
                0x00000000002095e8       0x3c build/zoul/firefly/obj/tsch-schedule.o
                0x00000000002095e8                tsch_schedule_get_link_by_timeslot
 .text.tsch_schedule_delete_link
                0x0000000000209624       0x24 build/zoul/firefly/obj/tsch-schedule.o
                0x0000000000209624                tsch_schedule_delete_link
 .text.tsch_schedule_add_link
                0x0000000000209648      0x268 build/zoul/firefly/obj/tsch-schedule.o
                0x0000000000209648                tsch_schedule_add_link
 .text.dtsf_find_free_uplink_slot
                0x00000000002098b0       0xb4 build/zoul/firefly/obj/tsch-schedule.o
                0x00000000002098b0                dtsf_find_free_uplink_slot
 .text.tsch_schedule_get_next_active_link
                0x0000000000209964      0x16c build/zoul/firefly/obj/tsch-schedule.o
                0x0000000000209964                tsch_schedule_get_next_active_link
 .text.tsch_schedule_init
                0x0000000000209ad0       0x30 build/zoul/firefly/obj/tsch-schedule.o
                0x0000000000209ad0                tsch_schedule_init
 .text.tsch_schedule_create_minimal
                0x0000000000209b00       0x68 build/zoul/firefly/obj/tsch-schedule.o
                0x0000000000209b00                tsch_schedule_create_minimal
 .text.tsch_schedule_slotframe_head
                0x0000000000209b68        0xc build/zoul/firefly/obj/tsch-schedule.o
                0x0000000000209b68                tsch_schedule_slotframe_head
 .text.tsch_radio_off.part.0
                0x0000000000209b74        0xc build/zoul/firefly/obj/tsch-slot-operation.o
 .text.tsch_schedule_slot_operation.isra.0
                0x0000000000209b80       0x58 build/zoul/firefly/obj/tsch-slot-operation.o
 .text.tsch_tx_slot.isra.0.constprop.0
                0x0000000000209bd8      0x43c build/zoul/firefly/obj/tsch-slot-operation.o
 .text.get_packet_and_neighbor_for_link.constprop.0
                0x000000000020a014       0x6c build/zoul/firefly/obj/tsch-slot-operation.o
 .text.tsch_is_locked
                0x000000000020a080        0xc build/zoul/firefly/obj/tsch-slot-operation.o
                0x000000000020a080                tsch_is_locked
 .text.tsch_get_lock
                0x000000000020a08c       0x44 build/zoul/firefly/obj/tsch-slot-operation.o
                0x000000000020a08c                tsch_get_lock
 .text.tsch_release_lock
                0x000000000020a0d0        0xc build/zoul/firefly/obj/tsch-slot-operation.o
                0x000000000020a0d0                tsch_release_lock
 .text.tsch_calculate_channel
                0x000000000020a0dc       0x40 build/zoul/firefly/obj/tsch-slot-operation.o
                0x000000000020a0dc                tsch_calculate_channel
 .text.tsch_slot_operation
                0x000000000020a11c      0x658 build/zoul/firefly/obj/tsch-slot-operation.o
 .text.tsch_get_network_uptime_ticks
                0x000000000020a774       0x74 build/zoul/firefly/obj/tsch-slot-operation.o
                0x000000000020a774                tsch_get_network_uptime_ticks
 .text.tsch_slot_operation_start
                0x000000000020a7e8       0x74 build/zoul/firefly/obj/tsch-slot-operation.o
                0x000000000020a7e8                tsch_slot_operation_start
 .text.tsch_slot_operation_sync
                0x000000000020a85c       0x50 build/zoul/firefly/obj/tsch-slot-operation.o
                0x000000000020a85c                tsch_slot_operation_sync
 .text.tsch_packet_eackbuf_attr
                0x000000000020a8ac        0xc build/zoul/firefly/obj/tsch-packet.o
                0x000000000020a8ac                tsch_packet_eackbuf_attr
 .text.tsch_packet_create_eack
                0x000000000020a8b8       0xa0 build/zoul/firefly/obj/tsch-packet.o
                0x000000000020a8b8                tsch_packet_create_eack
 .text.tsch_packet_parse_eack
                0x000000000020a958       0xa8 build/zoul/firefly/obj/tsch-packet.o
                0x000000000020a958                tsch_packet_parse_eack
 .text.tsch_packet_create_eb
                0x000000000020aa00      0x198 build/zoul/firefly/obj/tsch-packet.o
                0x000000000020aa00                tsch_packet_create_eb
 .text.tsch_packet_update_eb
                0x000000000020ab98       0x38 build/zoul/firefly/obj/tsch-packet.o
                0x000000000020ab98                tsch_packet_update_eb
 .text.tsch_rpl_callback_ka_sent
                0x000000000020abd0       0x20 build/zoul/firefly/obj/tsch-rpl.o
                0x000000000020abd0                tsch_rpl_callback_ka_sent
 .text.tsch_rpl_callback_leaving_network
                0x000000000020abf0       0x1c build/zoul/firefly/obj/tsch-rpl.o
                0x000000000020abf0                tsch_rpl_callback_leaving_network
 .text.tsch_rpl_callback_new_dio_interval
                0x000000000020ac0c       0x44 build/zoul/firefly/obj/tsch-rpl.o
                0x000000000020ac0c                tsch_rpl_callback_new_dio_interval
 .text.tsch_rpl_callback_parent_switch
                0x000000000020ac50       0x24 build/zoul/firefly/obj/tsch-rpl.o
                0x000000000020ac50                tsch_rpl_callback_parent_switch
 .text.tsch_rpl_check_dodag_joined
                0x000000000020ac74        0xc build/zoul/firefly/obj/tsch-rpl.o
                0x000000000020ac74                tsch_rpl_check_dodag_joined
 .text.compensate_internal
                0x000000000020ac80       0x9c build/zoul/firefly/obj/tsch-adaptive-timesync.o
 .text.tsch_adaptive_timesync_get_drift_ppm
                0x000000000020ad1c       0x14 build/zoul/firefly/obj/tsch-adaptive-timesync.o
                0x000000000020ad1c                tsch_adaptive_timesync_get_drift_ppm
 .text.tsch_timesync_adaptive_compensate
                0x000000000020ad30       0x70 build/zoul/firefly/obj/tsch-adaptive-timesync.o
                0x000000000020ad30                tsch_timesync_adaptive_compensate
 .text.tsch_adaptive_timesync_reset
                0x000000000020ada0       0x2c build/zoul/firefly/obj/tsch-adaptive-timesync.o
                0x000000000020ada0                tsch_adaptive_timesync_reset
 .text.tsch_timesync_update
                0x000000000020adcc       0xf8 build/zoul/firefly/obj/tsch-adaptive-timesync.o
                0x000000000020adcc                tsch_timesync_update
 .text.turn_off
                0x000000000020aec4       0x10 build/zoul/firefly/obj/tsch.o
 .text.tsch_reset
                0x000000000020aed4       0xb0 build/zoul/firefly/obj/tsch.o
 .text.process_thread_tsch_send_eb_process
                0x000000000020af84      0x118 build/zoul/firefly/obj/tsch.o
 .text.send_packet
                0x000000000020b09c       0xac build/zoul/firefly/obj/tsch.o
 .text.max_payload
                0x000000000020b148       0x40 build/zoul/firefly/obj/tsch.o
 .text.packet_input
                0x000000000020b188       0x44 build/zoul/firefly/obj/tsch.o
 .text.keepalive_send
                0x000000000020b1cc       0x3c build/zoul/firefly/obj/tsch.o
 .text.turn_on  0x000000000020b208       0x48 build/zoul/firefly/obj/tsch.o
 .text.tsch_init
                0x000000000020b250       0xac build/zoul/firefly/obj/tsch.o
 .text.add_to_cell_list_reserved
                0x000000000020b2fc       0x30 build/zoul/firefly/obj/tsch.o
                0x000000000020b2fc                add_to_cell_list_reserved
 .text.find_in_cell_list_reserved
                0x000000000020b32c       0x28 build/zoul/firefly/obj/tsch.o
                0x000000000020b32c                find_in_cell_list_reserved
 .text.delete_from_cell_list_reserved
                0x000000000020b354       0x38 build/zoul/firefly/obj/tsch.o
                0x000000000020b354                delete_from_cell_list_reserved
 .text.convert_slots_to_rate
                0x000000000020b38c       0x24 build/zoul/firefly/obj/tsch.o
                0x000000000020b38c                convert_slots_to_rate
 .text.find_free_place_in_send_back
                0x000000000020b3b0       0x1c build/zoul/firefly/obj/tsch.o
                0x000000000020b3b0                find_free_place_in_send_back
 .text.find_in_send_back_by_address
                0x000000000020b3cc       0x3c build/zoul/firefly/obj/tsch.o
                0x000000000020b3cc                find_in_send_back_by_address
 .text.tsch_set_coordinator
                0x000000000020b408       0x28 build/zoul/firefly/obj/tsch.o
                0x000000000020b408                tsch_set_coordinator
 .text.tsch_set_pan_secured
                0x000000000020b430        0xc build/zoul/firefly/obj/tsch.o
                0x000000000020b430                tsch_set_pan_secured
 .text.tsch_set_join_priority
                0x000000000020b43c        0xc build/zoul/firefly/obj/tsch.o
                0x000000000020b43c                tsch_set_join_priority
 .text.tsch_set_eb_period
                0x000000000020b448       0x14 build/zoul/firefly/obj/tsch.o
                0x000000000020b448                tsch_set_eb_period
 .text.tsch_schedule_keepalive
                0x000000000020b45c       0x20 build/zoul/firefly/obj/tsch.o
                0x000000000020b45c                tsch_schedule_keepalive
 .text.tsch_set_ka_timeout
                0x000000000020b47c       0x10 build/zoul/firefly/obj/tsch.o
                0x000000000020b47c                tsch_set_ka_timeout
 .text.find_shared_timeslot_children
                0x000000000020b48c       0x60 build/zoul/firefly/obj/tsch.o
                0x000000000020b48c                find_shared_timeslot_children
 .text.tsch_disassociate
                0x000000000020b4ec       0x28 build/zoul/firefly/obj/tsch.o
                0x000000000020b4ec                tsch_disassociate
 .text.process_thread_tsch_pending_events_process
                0x000000000020b514      0x2d0 build/zoul/firefly/obj/tsch.o
 .text.keepalive_packet_sent
                0x000000000020b7e4       0x84 build/zoul/firefly/obj/tsch.o
 .text.tsch_scan
                0x000000000020b868      0x340 build/zoul/firefly/obj/tsch.o
                0x000000000020b868                tsch_scan
 .text.process_thread_tsch_process
                0x000000000020bba8       0xd4 build/zoul/firefly/obj/tsch.o
 .text.uipbuf_add_ext_hdr
                0x000000000020bc7c       0x30 build/zoul/firefly/obj/uipbuf.o
                0x000000000020bc7c                uipbuf_add_ext_hdr
 .text.uipbuf_set_len
                0x000000000020bcac       0x14 build/zoul/firefly/obj/uipbuf.o
                0x000000000020bcac                uipbuf_set_len
 .text.uipbuf_get_attr
                0x000000000020bcc0       0x14 build/zoul/firefly/obj/uipbuf.o
                0x000000000020bcc0                uipbuf_get_attr
 .text.uipbuf_clear_attr
                0x000000000020bcd4       0x14 build/zoul/firefly/obj/uipbuf.o
                0x000000000020bcd4                uipbuf_clear_attr
 .text.uipbuf_clear
                0x000000000020bce8       0x20 build/zoul/firefly/obj/uipbuf.o
                0x000000000020bce8                uipbuf_clear
 .text.uipbuf_init
                0x000000000020bd08       0x20 build/zoul/firefly/obj/uipbuf.o
                0x000000000020bd08                uipbuf_init
 .text.echo_reply_input
                0x000000000020bd28       0x6c build/zoul/firefly/obj/uip-icmp6.o
 .text.echo_request_input
                0x000000000020bd94       0x9c build/zoul/firefly/obj/uip-icmp6.o
 .text.uip_icmp6_input
                0x000000000020be30       0x38 build/zoul/firefly/obj/uip-icmp6.o
                0x000000000020be30                uip_icmp6_input
 .text.uip_icmp6_register_input_handler
                0x000000000020be68        0xc build/zoul/firefly/obj/uip-icmp6.o
                0x000000000020be68                uip_icmp6_register_input_handler
 .text.uip_icmp6_error_output
                0x000000000020be74      0x13c build/zoul/firefly/obj/uip-icmp6.o
                0x000000000020be74                uip_icmp6_error_output
 .text.uip_icmp6_send
                0x000000000020bfb0       0x8c build/zoul/firefly/obj/uip-icmp6.o
                0x000000000020bfb0                uip_icmp6_send
 .text.uip_icmp6_echo_reply_callback_add
                0x000000000020c03c       0x18 build/zoul/firefly/obj/uip-icmp6.o
                0x000000000020c03c                uip_icmp6_echo_reply_callback_add
 .text.uip_icmp6_init
                0x000000000020c054       0x24 build/zoul/firefly/obj/uip-icmp6.o
                0x000000000020c054                uip_icmp6_init
 .text.node_matches_address.part.0
                0x000000000020c078       0x28 build/zoul/firefly/obj/uip-sr.o
 .text.uip_sr_num_nodes
                0x000000000020c0a0        0xc build/zoul/firefly/obj/uip-sr.o
                0x000000000020c0a0                uip_sr_num_nodes
 .text.uip_sr_get_node
                0x000000000020c0ac       0x38 build/zoul/firefly/obj/uip-sr.o
                0x000000000020c0ac                uip_sr_get_node
 .text.uip_sr_is_addr_reachable
                0x000000000020c0e4       0x44 build/zoul/firefly/obj/uip-sr.o
                0x000000000020c0e4                uip_sr_is_addr_reachable
 .text.uip_sr_update_node
                0x000000000020c128       0xa4 build/zoul/firefly/obj/uip-sr.o
                0x000000000020c128                uip_sr_update_node
 .text.uip_sr_init
                0x000000000020c1cc       0x24 build/zoul/firefly/obj/uip-sr.o
                0x000000000020c1cc                uip_sr_init
 .text.uip_sr_node_head
                0x000000000020c1f0        0xc build/zoul/firefly/obj/uip-sr.o
                0x000000000020c1f0                uip_sr_node_head
 .text.uip_sr_periodic
                0x000000000020c1fc       0x78 build/zoul/firefly/obj/uip-sr.o
                0x000000000020c1fc                uip_sr_periodic
 .text.uip_sr_free_all
                0x000000000020c274       0x48 build/zoul/firefly/obj/uip-sr.o
                0x000000000020c274                uip_sr_free_all
 .text.uip_sr_link_snprint
                0x000000000020c2bc       0x8c build/zoul/firefly/obj/uip-sr.o
                0x000000000020c2bc                uip_sr_link_snprint
 .text.uip_ds6_default_prefix
                0x000000000020c348        0x8 build/zoul/firefly/obj/uip-ds6.o
                0x000000000020c348                uip_ds6_default_prefix
 .text.uip_ds6_prefix_add
                0x000000000020c350       0x60 build/zoul/firefly/obj/uip-ds6.o
                0x000000000020c350                uip_ds6_prefix_add
 .text.uip_ds6_is_addr_onlink
                0x000000000020c3b0       0x40 build/zoul/firefly/obj/uip-ds6.o
                0x000000000020c3b0                uip_ds6_is_addr_onlink
 .text.uip_ds6_addr_lookup
                0x000000000020c3f0       0x2c build/zoul/firefly/obj/uip-ds6.o
                0x000000000020c3f0                uip_ds6_addr_lookup
 .text.uip_ds6_get_link_local
                0x000000000020c41c       0x3c build/zoul/firefly/obj/uip-ds6.o
                0x000000000020c41c                uip_ds6_get_link_local
 .text.uip_ds6_maddr_add
                0x000000000020c458       0x4c build/zoul/firefly/obj/uip-ds6.o
                0x000000000020c458                uip_ds6_maddr_add
 .text.uip_ds6_addr_add
                0x000000000020c4a4       0x98 build/zoul/firefly/obj/uip-ds6.o
                0x000000000020c4a4                uip_ds6_addr_add
 .text.uip_ds6_maddr_lookup
                0x000000000020c53c       0x2c build/zoul/firefly/obj/uip-ds6.o
                0x000000000020c53c                uip_ds6_maddr_lookup
 .text.uip_ds6_addr_rm
                0x000000000020c568       0x44 build/zoul/firefly/obj/uip-ds6.o
                0x000000000020c568                uip_ds6_addr_rm
 .text.uip_ds6_periodic
                0x000000000020c5ac       0x48 build/zoul/firefly/obj/uip-ds6.o
                0x000000000020c5ac                uip_ds6_periodic
 .text.uip_ds6_select_src
                0x000000000020c5f4       0x90 build/zoul/firefly/obj/uip-ds6.o
                0x000000000020c5f4                uip_ds6_select_src
 .text.uip_ds6_compute_reachable_time
                0x000000000020c684       0x2c build/zoul/firefly/obj/uip-ds6.o
                0x000000000020c684                uip_ds6_compute_reachable_time
 .text.uip_ds6_init
                0x000000000020c6b0      0x11c build/zoul/firefly/obj/uip-ds6.o
                0x000000000020c6b0                uip_ds6_init
 .text.uiplib_ipaddr_snprint
                0x000000000020c7cc       0xfc build/zoul/firefly/obj/uiplib.o
                0x000000000020c7cc                uiplib_ipaddr_snprint
 .text.tcpip_output
                0x000000000020c8c8       0x2c build/zoul/firefly/obj/tcpip.o
                0x000000000020c8c8                tcpip_output
 .text.udp_new  0x000000000020c8f4       0x18 build/zoul/firefly/obj/tcpip.o
                0x000000000020c8f4                udp_new
 .text.tcpip_input
                0x000000000020c90c       0x24 build/zoul/firefly/obj/tcpip.o
                0x000000000020c90c                tcpip_input
 .text.tcpip_ipv6_output
                0x000000000020c930       0xf4 build/zoul/firefly/obj/tcpip.o
                0x000000000020c930                tcpip_ipv6_output
 .text.packet_input
                0x000000000020ca24       0x20 build/zoul/firefly/obj/tcpip.o
 .text.process_thread_tcpip_process
                0x000000000020ca44       0xc0 build/zoul/firefly/obj/tcpip.o
 .text.tcpip_uipcall
                0x000000000020cb04       0x2c build/zoul/firefly/obj/tcpip.o
                0x000000000020cb04                tcpip_uipcall
 .text.uip_ds6_route_init
                0x000000000020cb30       0x1c build/zoul/firefly/obj/uip-ds6-route.o
                0x000000000020cb30                uip_ds6_route_init
 .text.uip_ds6_defrt_rm
                0x000000000020cb4c       0x38 build/zoul/firefly/obj/uip-ds6-route.o
                0x000000000020cb4c                uip_ds6_defrt_rm
 .text.uip_ds6_defrt_lookup
                0x000000000020cb84       0x34 build/zoul/firefly/obj/uip-ds6-route.o
                0x000000000020cb84                uip_ds6_defrt_lookup
 .text.uip_ds6_defrt_add
                0x000000000020cbb8       0x60 build/zoul/firefly/obj/uip-ds6-route.o
                0x000000000020cbb8                uip_ds6_defrt_add
 .text.uip_ds6_defrt_choose
                0x000000000020cc18       0x30 build/zoul/firefly/obj/uip-ds6-route.o
                0x000000000020cc18                uip_ds6_defrt_choose
 .text.uip_ds6_defrt_periodic
                0x000000000020cc48       0x3c build/zoul/firefly/obj/uip-ds6-route.o
                0x000000000020cc48                uip_ds6_defrt_periodic
 .text.upper_layer_chksum
                0x000000000020cc84       0x54 build/zoul/firefly/obj/uip6.o
 .text.ext_hdr_options_process
                0x000000000020ccd8       0x78 build/zoul/firefly/obj/uip6.o
 .text.uip_update_ttl
                0x000000000020cd50       0x24 build/zoul/firefly/obj/uip6.o
 .text.uip_init
                0x000000000020cd74       0x44 build/zoul/firefly/obj/uip6.o
                0x000000000020cd74                uip_init
 .text.uip_remove_ext_hdr
                0x000000000020cdb8       0x6c build/zoul/firefly/obj/uip6.o
                0x000000000020cdb8                uip_remove_ext_hdr
 .text.uip_udp_new
                0x000000000020ce24       0x94 build/zoul/firefly/obj/uip6.o
                0x000000000020ce24                uip_udp_new
 .text.uip_process
                0x000000000020ceb8      0x408 build/zoul/firefly/obj/uip6.o
                0x000000000020ceb8                uip_process
 .text.uip_htonl
                0x000000000020d2c0       0x1c build/zoul/firefly/obj/uip6.o
                0x000000000020d2c0                uip_htonl
 .text.uip_ds6_nbr_rm
                0x000000000020d2dc       0x24 build/zoul/firefly/obj/uip-ds6-nbr.o
                0x000000000020d2dc                uip_ds6_nbr_rm
 .text.uip_ds6_neighbors_init
                0x000000000020d300       0x1c build/zoul/firefly/obj/uip-ds6-nbr.o
                0x000000000020d300                uip_ds6_neighbors_init
 .text.uip_ds6_nbr_add
                0x000000000020d31c       0x40 build/zoul/firefly/obj/uip-ds6-nbr.o
                0x000000000020d31c                uip_ds6_nbr_add
 .text.uip_ds6_nbr_get_ll
                0x000000000020d35c        0xc build/zoul/firefly/obj/uip-ds6-nbr.o
                0x000000000020d35c                uip_ds6_nbr_get_ll
 .text.uip_ds6_nbr_head
                0x000000000020d368        0xc build/zoul/firefly/obj/uip-ds6-nbr.o
                0x000000000020d368                uip_ds6_nbr_head
 .text.uip_ds6_nbr_next
                0x000000000020d374        0xc build/zoul/firefly/obj/uip-ds6-nbr.o
                0x000000000020d374                uip_ds6_nbr_next
 .text.uip_ds6_nbr_ll_lookup
                0x000000000020d380        0xc build/zoul/firefly/obj/uip-ds6-nbr.o
                0x000000000020d380                uip_ds6_nbr_ll_lookup
 .text.ns_input
                0x000000000020d38c      0x27c build/zoul/firefly/obj/uip-nd6.o
 .text.uip_nd6_init
                0x000000000020d608        0xc build/zoul/firefly/obj/uip-nd6.o
                0x000000000020d608                uip_nd6_init
 .text.process_thread_simple_udp_process
                0x000000000020d614       0xb8 build/zoul/firefly/obj/simple-udp.o
 .text.simple_udp_register
                0x000000000020d6cc       0x88 build/zoul/firefly/obj/simple-udp.o
                0x000000000020d6cc                simple_udp_register
 .text.sicslowpan_init
                0x000000000020d754       0x18 build/zoul/firefly/obj/sicslowpan.o
                0x000000000020d754                sicslowpan_init
 .text.set_packet_attrs
                0x000000000020d76c       0x58 build/zoul/firefly/obj/sicslowpan.o
 .text.compress_addr_64
                0x000000000020d7c4       0x90 build/zoul/firefly/obj/sicslowpan.o
 .text.addr_context_lookup_by_prefix
                0x000000000020d854       0x24 build/zoul/firefly/obj/sicslowpan.o
 .text.output   0x000000000020d878      0x628 build/zoul/firefly/obj/sicslowpan.o
 .text.packet_sent
                0x000000000020dea0       0x54 build/zoul/firefly/obj/sicslowpan.o
 .text.uncompress_addr
                0x000000000020def4       0x70 build/zoul/firefly/obj/sicslowpan.o
 .text.input    0x000000000020df64      0x504 build/zoul/firefly/obj/sicslowpan.o
 .text.update_state
                0x000000000020e468       0x74 build/zoul/firefly/obj/rpl-nbr-policy.o
 .text.rpl_nbr_policy_find_removable
                0x000000000020e4dc       0x50 build/zoul/firefly/obj/rpl-nbr-policy.o
                0x000000000020e4dc                rpl_nbr_policy_find_removable
 .text.remove_neighbor
                0x000000000020e52c       0x3c build/zoul/firefly/obj/rpl-neighbor.o
 .text.rpl_neighbor_count
                0x000000000020e568       0x2c build/zoul/firefly/obj/rpl-neighbor.o
                0x000000000020e568                rpl_neighbor_count
 .text.rpl_neighbor_get_from_lladdr
                0x000000000020e594       0x10 build/zoul/firefly/obj/rpl-neighbor.o
                0x000000000020e594                rpl_neighbor_get_from_lladdr
 .text.rpl_neighbor_is_acceptable_parent
                0x000000000020e5a4       0x24 build/zoul/firefly/obj/rpl-neighbor.o
                0x000000000020e5a4                rpl_neighbor_is_acceptable_parent
 .text.rpl_neighbor_get_link_metric
                0x000000000020e5c8       0x18 build/zoul/firefly/obj/rpl-neighbor.o
                0x000000000020e5c8                rpl_neighbor_get_link_metric
 .text.rpl_neighbor_rank_via_nbr
                0x000000000020e5e0       0x18 build/zoul/firefly/obj/rpl-neighbor.o
                0x000000000020e5e0                rpl_neighbor_rank_via_nbr
 .text.rpl_neighbor_get_lladdr
                0x000000000020e5f8       0x10 build/zoul/firefly/obj/rpl-neighbor.o
                0x000000000020e5f8                rpl_neighbor_get_lladdr
 .text.best_parent
                0x000000000020e608       0x84 build/zoul/firefly/obj/rpl-neighbor.o
 .text.rpl_neighbor_snprint
                0x000000000020e68c      0x180 build/zoul/firefly/obj/rpl-neighbor.o
                0x000000000020e68c                rpl_neighbor_snprint
 .text.rpl_neighbor_is_parent
                0x000000000020e80c       0x18 build/zoul/firefly/obj/rpl-neighbor.o
                0x000000000020e80c                rpl_neighbor_is_parent
 .text.rpl_neighbor_set_preferred_parent
                0x000000000020e824       0x5c build/zoul/firefly/obj/rpl-neighbor.o
                0x000000000020e824                rpl_neighbor_set_preferred_parent
 .text.rpl_neighbor_remove_all
                0x000000000020e880       0x30 build/zoul/firefly/obj/rpl-neighbor.o
                0x000000000020e880                rpl_neighbor_remove_all
 .text.rpl_neighbor_get_from_ipaddr
                0x000000000020e8b0       0x1c build/zoul/firefly/obj/rpl-neighbor.o
                0x000000000020e8b0                rpl_neighbor_get_from_ipaddr
 .text.rpl_neighbor_select_best
                0x000000000020e8cc       0x54 build/zoul/firefly/obj/rpl-neighbor.o
                0x000000000020e8cc                rpl_neighbor_select_best
 .text.rpl_neighbor_init
                0x000000000020e920       0x1c build/zoul/firefly/obj/rpl-neighbor.o
                0x000000000020e920                rpl_neighbor_init
 .text.init_dag
                0x000000000020e93c       0x74 build/zoul/firefly/obj/rpl-dag.o
 .text.process_dio_init_dag
                0x000000000020e9b0       0x88 build/zoul/firefly/obj/rpl-dag.o
 .text.rpl_dag_get_root_ipaddr
                0x000000000020ea38       0x30 build/zoul/firefly/obj/rpl-dag.o
                0x000000000020ea38                rpl_dag_get_root_ipaddr
 .text.rpl_dag_leave
                0x000000000020ea68       0x50 build/zoul/firefly/obj/rpl-dag.o
                0x000000000020ea68                rpl_dag_leave
 .text.rpl_dag_poison_and_leave
                0x000000000020eab8       0x10 build/zoul/firefly/obj/rpl-dag.o
                0x000000000020eab8                rpl_dag_poison_and_leave
 .text.rpl_dag_periodic
                0x000000000020eac8       0x44 build/zoul/firefly/obj/rpl-dag.o
                0x000000000020eac8                rpl_dag_periodic
 .text.rpl_is_addr_in_our_dag
                0x000000000020eb0c       0x24 build/zoul/firefly/obj/rpl-dag.o
                0x000000000020eb0c                rpl_is_addr_in_our_dag
 .text.rpl_refresh_routes
                0x000000000020eb30       0x20 build/zoul/firefly/obj/rpl-dag.o
                0x000000000020eb30                rpl_refresh_routes
 .text.rpl_local_repair
                0x000000000020eb50       0x34 build/zoul/firefly/obj/rpl-dag.o
                0x000000000020eb50                rpl_local_repair
 .text.rpl_global_repair
                0x000000000020eb84       0x38 build/zoul/firefly/obj/rpl-dag.o
                0x000000000020eb84                rpl_global_repair
 .text.rpl_dag_ready_to_advertise
                0x000000000020ebbc       0x24 build/zoul/firefly/obj/rpl-dag.o
                0x000000000020ebbc                rpl_dag_ready_to_advertise
 .text.rpl_dag_update_state
                0x000000000020ebe0      0x12c build/zoul/firefly/obj/rpl-dag.o
                0x000000000020ebe0                rpl_dag_update_state
 .text.rpl_process_dio
                0x000000000020ed0c      0x170 build/zoul/firefly/obj/rpl-dag.o
                0x000000000020ed0c                rpl_process_dio
 .text.rpl_process_dis
                0x000000000020ee7c       0x2c build/zoul/firefly/obj/rpl-dag.o
                0x000000000020ee7c                rpl_process_dis
 .text.rpl_process_dao
                0x000000000020eea8       0x4c build/zoul/firefly/obj/rpl-dag.o
                0x000000000020eea8                rpl_process_dao
 .text.rpl_process_dao_ack
                0x000000000020eef4       0x50 build/zoul/firefly/obj/rpl-dag.o
                0x000000000020eef4                rpl_process_dao_ack
 .text.rpl_dag_init_root
                0x000000000020ef44       0xa0 build/zoul/firefly/obj/rpl-dag.o
                0x000000000020ef44                rpl_dag_init_root
 .text.rpl_dag_init
                0x000000000020efe4       0x10 build/zoul/firefly/obj/rpl-dag.o
                0x000000000020efe4                rpl_dag_init
 .text.schedule_dao_retransmission
                0x000000000020eff4       0x30 build/zoul/firefly/obj/rpl-timers.o
 .text.new_dio_interval
                0x000000000020f024       0x68 build/zoul/firefly/obj/rpl-timers.o
 .text.handle_unicast_dio_timer
                0x000000000020f08c       0x1c build/zoul/firefly/obj/rpl-timers.o
 .text.send_new_dao
                0x000000000020f0a8       0x34 build/zoul/firefly/obj/rpl-timers.o
 .text.resend_dao
                0x000000000020f0dc       0x38 build/zoul/firefly/obj/rpl-timers.o
 .text.handle_dao_ack_timer
                0x000000000020f114       0x14 build/zoul/firefly/obj/rpl-timers.o
 .text.handle_leaving_timer
                0x000000000020f128       0x10 build/zoul/firefly/obj/rpl-timers.o
 .text.handle_dio_timer
                0x000000000020f138       0x70 build/zoul/firefly/obj/rpl-timers.o
 .text.rpl_timers_schedule_periodic_dis
                0x000000000020f1a8       0x38 build/zoul/firefly/obj/rpl-timers.o
                0x000000000020f1a8                rpl_timers_schedule_periodic_dis
 .text.handle_dis_timer
                0x000000000020f1e0       0x34 build/zoul/firefly/obj/rpl-timers.o
 .text.handle_periodic_timer
                0x000000000020f214       0x48 build/zoul/firefly/obj/rpl-timers.o
 .text.rpl_timers_dio_reset
                0x000000000020f25c       0x34 build/zoul/firefly/obj/rpl-timers.o
                0x000000000020f25c                rpl_timers_dio_reset
 .text.rpl_timers_schedule_unicast_dio
                0x000000000020f290       0x28 build/zoul/firefly/obj/rpl-timers.o
                0x000000000020f290                rpl_timers_schedule_unicast_dio
 .text.rpl_timers_schedule_dao
                0x000000000020f2b8       0x34 build/zoul/firefly/obj/rpl-timers.o
                0x000000000020f2b8                rpl_timers_schedule_dao
 .text.rpl_timers_schedule_dao_ack
                0x000000000020f2ec       0x48 build/zoul/firefly/obj/rpl-timers.o
                0x000000000020f2ec                rpl_timers_schedule_dao_ack
 .text.rpl_timers_notify_dao_ack
                0x000000000020f334       0x50 build/zoul/firefly/obj/rpl-timers.o
                0x000000000020f334                rpl_timers_notify_dao_ack
 .text.get_probing_target
                0x000000000020f384       0xb0 build/zoul/firefly/obj/rpl-timers.o
                0x000000000020f384                get_probing_target
 .text.rpl_schedule_probing
                0x000000000020f434       0x28 build/zoul/firefly/obj/rpl-timers.o
                0x000000000020f434                rpl_schedule_probing
 .text.rpl_schedule_probing_now
                0x000000000020f45c       0x2c build/zoul/firefly/obj/rpl-timers.o
                0x000000000020f45c                rpl_schedule_probing_now
 .text.rpl_timers_unschedule_leaving
                0x000000000020f488       0x24 build/zoul/firefly/obj/rpl-timers.o
                0x000000000020f488                rpl_timers_unschedule_leaving
 .text.rpl_timers_schedule_leaving
                0x000000000020f4ac       0x30 build/zoul/firefly/obj/rpl-timers.o
                0x000000000020f4ac                rpl_timers_schedule_leaving
 .text.rpl_timers_init
                0x000000000020f4dc       0x20 build/zoul/firefly/obj/rpl-timers.o
                0x000000000020f4dc                rpl_timers_init
 .text.rpl_timers_stop_dag_timers
                0x000000000020f4fc       0x44 build/zoul/firefly/obj/rpl-timers.o
                0x000000000020f4fc                rpl_timers_stop_dag_timers
 .text.rpl_timers_unschedule_state_update
                0x000000000020f540       0x14 build/zoul/firefly/obj/rpl-timers.o
                0x000000000020f540                rpl_timers_unschedule_state_update
 .text.rpl_timers_schedule_state_update
                0x000000000020f554       0x1c build/zoul/firefly/obj/rpl-timers.o
                0x000000000020f554                rpl_timers_schedule_state_update
 .text.update_hbh_header
                0x000000000020f570       0x54 build/zoul/firefly/obj/rpl-ext-header.o
 .text.rpl_ext_header_srh_get_next_hop
                0x000000000020f5c4       0x84 build/zoul/firefly/obj/rpl-ext-header.o
                0x000000000020f5c4                rpl_ext_header_srh_get_next_hop
 .text.rpl_ext_header_srh_update
                0x000000000020f648       0xb0 build/zoul/firefly/obj/rpl-ext-header.o
                0x000000000020f648                rpl_ext_header_srh_update
 .text.rpl_ext_header_hbh_update
                0x000000000020f6f8       0x84 build/zoul/firefly/obj/rpl-ext-header.o
                0x000000000020f6f8                rpl_ext_header_hbh_update
 .text.rpl_ext_header_remove
                0x000000000020f77c       0xb0 build/zoul/firefly/obj/rpl-ext-header.o
                0x000000000020f77c                rpl_ext_header_remove
 .text.rpl_ext_header_update
                0x000000000020f82c      0x23c build/zoul/firefly/obj/rpl-ext-header.o
                0x000000000020f82c                rpl_ext_header_update
 .text.rpl_has_joined
                0x000000000020fa68       0x18 build/zoul/firefly/obj/rpl.o
                0x000000000020fa68                rpl_has_joined
 .text.rpl_is_reachable
                0x000000000020fa80       0x18 build/zoul/firefly/obj/rpl.o
                0x000000000020fa80                rpl_is_reachable
 .text.rpl_get_leaf_only
                0x000000000020fa98        0xc build/zoul/firefly/obj/rpl.o
                0x000000000020fa98                rpl_get_leaf_only
 .text.set_ip_from_prefix
                0x000000000020faa4       0x2c build/zoul/firefly/obj/rpl.o
 .text.init     0x000000000020fad0       0x40 build/zoul/firefly/obj/rpl.o
 .text.rpl_link_callback
                0x000000000020fb10       0x2c build/zoul/firefly/obj/rpl.o
                0x000000000020fb10                rpl_link_callback
 .text.get_sr_node_ipaddr
                0x000000000020fb3c       0x2c build/zoul/firefly/obj/rpl.o
 .text.rpl_get_global_address
                0x000000000020fb68       0x68 build/zoul/firefly/obj/rpl.o
                0x000000000020fb68                rpl_get_global_address
 .text.rpl_reset_prefix
                0x000000000020fbd0       0x28 build/zoul/firefly/obj/rpl.o
                0x000000000020fbd0                rpl_reset_prefix
 .text.rpl_set_prefix_from_addr
                0x000000000020fbf8       0x68 build/zoul/firefly/obj/rpl.o
                0x000000000020fbf8                rpl_set_prefix_from_addr
 .text.update_metric_container
                0x000000000020fc60        0xc build/zoul/firefly/obj/rpl-mrhof.o
 .text.within_hysteresis
                0x000000000020fc6c       0x3c build/zoul/firefly/obj/rpl-mrhof.o
 .text.rank_via_nbr
                0x000000000020fca8       0x30 build/zoul/firefly/obj/rpl-mrhof.o
 .text.best_parent