Archive member included to satisfy reference by file (symbol)

/usr/lib/gcc/arm-none-eabi/9.2.1/thumb/v7-m/nofp/libgcc.a(_arm_mulsf3.o)
                              build/zoul/firefly/obj/tsch.o (__aeabi_fmul)
/usr/lib/gcc/arm-none-eabi/9.2.1/thumb/v7-m/nofp/libgcc.a(_arm_addsubsf3.o)
                              build/zoul/firefly/obj/tsch.o (__aeabi_fsub)
/usr/lib/gcc/arm-none-eabi/9.2.1/thumb/v7-m/nofp/libgcc.a(_arm_cmpsf2.o)
                              build/zoul/firefly/obj/tsch.o (__aeabi_fcmpeq)
/usr/lib/gcc/arm-none-eabi/9.2.1/thumb/v7-m/nofp/libgcc.a(_arm_fixsfsi.o)
                              build/zoul/firefly/obj/tsch.o (__aeabi_f2iz)
/usr/lib/gcc/arm-none-eabi/9.2.1/thumb/v7-m/nofp/libgcc.a(_aeabi_ldivmod.o)
                              build/zoul/firefly/obj/spi-legacy.o (__aeabi_ldivmod)
/usr/lib/gcc/arm-none-eabi/9.2.1/thumb/v7-m/nofp/libgcc.a(_aeabi_uldivmod.o)
                              build/zoul/firefly/obj/spi-legacy.o (__aeabi_uldivmod)
/usr/lib/gcc/arm-none-eabi/9.2.1/thumb/v7-m/nofp/libgcc.a(_udivmoddi4.o)
                              /usr/lib/gcc/arm-none-eabi/9.2.1/thumb/v7-m/nofp/libgcc.a(_aeabi_ldivmod.o) (__udivmoddi4)
/usr/lib/gcc/arm-none-eabi/9.2.1/thumb/v7-m/nofp/libgcc.a(_dvmd_tls.o)
                              /usr/lib/gcc/arm-none-eabi/9.2.1/thumb/v7-m/nofp/libgcc.a(_aeabi_ldivmod.o) (__aeabi_ldiv0)
/usr/lib/gcc/arm-none-eabi/9.2.1/../../../arm-none-eabi/lib/thumb/v7-m/nofp/libc.a(lib_a-memcmp.o)
                              build/zoul/firefly/obj/linkaddr.o (memcmp)
/usr/lib/gcc/arm-none-eabi/9.2.1/../../../arm-none-eabi/lib/thumb/v7-m/nofp/libc.a(lib_a-memcpy.o)
                              build/zoul/firefly/obj/ecc-algorithm.o (memcpy)
/usr/lib/gcc/arm-none-eabi/9.2.1/../../../arm-none-eabi/lib/thumb/v7-m/nofp/libc.a(lib_a-memmove.o)
                              build/zoul/firefly/obj/tsch-packet.o (memmove)
/usr/lib/gcc/arm-none-eabi/9.2.1/../../../arm-none-eabi/lib/thumb/v7-m/nofp/libc.a(lib_a-memset.o)
                              build/zoul/firefly/obj/udma.o (memset)
/usr/lib/gcc/arm-none-eabi/9.2.1/../../../arm-none-eabi/lib/thumb/v7-m/nofp/libc.a(lib_a-reent.o)
                              build/zoul/firefly/obj/syscalls.o (errno)
/usr/lib/gcc/arm-none-eabi/9.2.1/../../../arm-none-eabi/lib/thumb/v7-m/nofp/libc.a(lib_a-strcat.o)
                              build/zoul/firefly/obj/tsch-schedule.o (strcat)
/usr/lib/gcc/arm-none-eabi/9.2.1/../../../arm-none-eabi/lib/thumb/v7-m/nofp/libc.a(lib_a-strchr.o)
                              build/zoul/firefly/obj/shell.o (strchr)
/usr/lib/gcc/arm-none-eabi/9.2.1/../../../arm-none-eabi/lib/thumb/v7-m/nofp/libc.a(lib_a-strcmp.o)
                              build/zoul/firefly/obj/cfs-coffee.o (strcmp)
/usr/lib/gcc/arm-none-eabi/9.2.1/../../../arm-none-eabi/lib/thumb/v7-m/nofp/libc.a(lib_a-strcpy.o)
                              /usr/lib/gcc/arm-none-eabi/9.2.1/../../../arm-none-eabi/lib/thumb/v7-m/nofp/libc.a(lib_a-strcat.o) (strcpy)
/usr/lib/gcc/arm-none-eabi/9.2.1/../../../arm-none-eabi/lib/thumb/v7-m/nofp/libc.a(lib_a-strlen-stub.o)
                              build/zoul/firefly/obj/sensors.o (strlen)
/usr/lib/gcc/arm-none-eabi/9.2.1/../../../arm-none-eabi/lib/thumb/v7-m/nofp/libc.a(lib_a-strncmp.o)
                              build/zoul/firefly/obj/sensors.o (strncmp)
/usr/lib/gcc/arm-none-eabi/9.2.1/../../../arm-none-eabi/lib/thumb/v7-m/nofp/libc.a(lib_a-strncpy.o)
                              build/zoul/firefly/obj/cfs-coffee.o (strncpy)
/usr/lib/gcc/arm-none-eabi/9.2.1/../../../arm-none-eabi/lib/thumb/v7-m/nofp/libc.a(lib_a-strtol.o)
                              build/zoul/firefly/obj/shell-commands.o (strtol)
/usr/lib/gcc/arm-none-eabi/9.2.1/../../../arm-none-eabi/lib/thumb/v7-m/nofp/libc.a(lib_a-ctype_.o)
                              /usr/lib/gcc/arm-none-eabi/9.2.1/../../../arm-none-eabi/lib/thumb/v7-m/nofp/libc.a(lib_a-strtol.o) (_ctype_)
/usr/lib/gcc/arm-none-eabi/9.2.1/../../../arm-none-eabi/lib/thumb/v7-m/nofp/libc.a(lib_a-errno.o)
                              /usr/lib/gcc/arm-none-eabi/9.2.1/../../../arm-none-eabi/lib/thumb/v7-m/nofp/libc.a(lib_a-strtol.o) (__errno)
/usr/lib/gcc/arm-none-eabi/9.2.1/../../../arm-none-eabi/lib/thumb/v7-m/nofp/libc.a(lib_a-freer.o)
                              /usr/lib/gcc/arm-none-eabi/9.2.1/../../../arm-none-eabi/lib/thumb/v7-m/nofp/libc.a(lib_a-reent.o) (_free_r)
/usr/lib/gcc/arm-none-eabi/9.2.1/../../../arm-none-eabi/lib/thumb/v7-m/nofp/libc.a(lib_a-impure.o)
                              /usr/lib/gcc/arm-none-eabi/9.2.1/../../../arm-none-eabi/lib/thumb/v7-m/nofp/libc.a(lib_a-reent.o) (_impure_ptr)
/usr/lib/gcc/arm-none-eabi/9.2.1/../../../arm-none-eabi/lib/thumb/v7-m/nofp/libc.a(lib_a-mallocr.o)
                              /usr/lib/gcc/arm-none-eabi/9.2.1/../../../arm-none-eabi/lib/thumb/v7-m/nofp/libc.a(lib_a-freer.o) (__malloc_current_mallinfo)
/usr/lib/gcc/arm-none-eabi/9.2.1/../../../arm-none-eabi/lib/thumb/v7-m/nofp/libc.a(lib_a-mlock.o)
[...]
Memory Configuration

Name             Origin             Length             Attributes
FLASH_FW         0x0000000000202000 0x000000000007dfd4 xr
FLASH_CCA        0x000000000027ffd4 0x000000000000002c xr
NRSRAM           0x0000000020000000 0x0000000000004000 xrw
FRSRAM           0x0000000020004000 0x0000000000004000 xrw
*default*        0x0000000000000000 0xffffffffffffffff

Linker script and memory map

LOAD build/zoul/firefly/obj/startup-gcc.o
LOAD build/zoul/firefly/obj/platform.o
LOAD build/zoul/firefly/obj/leds-arch.o
LOAD build/zoul/firefly/obj/leds.o
LOAD build/zoul/firefly/obj/cc1200-zoul-arch.o
LOAD build/zoul/firefly/obj/adc-zoul.o
LOAD build/zoul/firefly/obj/board-buttons.o
LOAD build/zoul/firefly/obj/zoul-sensors.o
LOAD build/zoul/firefly/obj/board.o
LOAD build/zoul/firefly/obj/soc.o
LOAD build/zoul/firefly/obj/clock.o
LOAD build/zoul/firefly/obj/rtimer-arch.o
LOAD build/zoul/firefly/obj/uart.o
LOAD build/zoul/firefly/obj/watchdog.o
LOAD build/zoul/firefly/obj/nvic.o
LOAD build/zoul/firefly/obj/sys-ctrl.o
LOAD build/zoul/firefly/obj/gpio.o
LOAD build/zoul/firefly/obj/ioc.o
LOAD build/zoul/firefly/obj/spi-legacy.o
LOAD build/zoul/firefly/obj/adc.o
LOAD build/zoul/firefly/obj/spi-arch.o
LOAD build/zoul/firefly/obj/crypto.o
LOAD build/zoul/firefly/obj/aes.o
LOAD build/zoul/firefly/obj/ecb.o
LOAD build/zoul/firefly/obj/cbc.o
LOAD build/zoul/firefly/obj/ctr.o
LOAD build/zoul/firefly/obj/cbc-mac.o
LOAD build/zoul/firefly/obj/gcm.o
LOAD build/zoul/firefly/obj/ccm.o
LOAD build/zoul/firefly/obj/sha256.o
LOAD build/zoul/firefly/obj/gpio-hal-arch.o
LOAD build/zoul/firefly/obj/cc2538-aes-128.o
LOAD build/zoul/firefly/obj/cc2538-ccm-star.o
LOAD build/zoul/firefly/obj/cc2538-rf.o
LOAD build/zoul/firefly/obj/udma.o
LOAD build/zoul/firefly/obj/lpm.o
LOAD build/zoul/firefly/obj/int-master.o
LOAD build/zoul/firefly/obj/pka.o
LOAD build/zoul/firefly/obj/bignum-driver.o
LOAD build/zoul/firefly/obj/ecc-driver.o
LOAD build/zoul/firefly/obj/ecc-algorithm.o
LOAD build/zoul/firefly/obj/ecc-curve.o
LOAD build/zoul/firefly/obj/dbg.o
LOAD build/zoul/firefly/obj/ieee-addr.o
LOAD build/zoul/firefly/obj/slip-arch.o
LOAD build/zoul/firefly/obj/slip.o
LOAD build/zoul/firefly/obj/i2c.o
LOAD build/zoul/firefly/obj/cc2538-temp-sensor.o
LOAD build/zoul/firefly/obj/vdd3-sensor.o
LOAD build/zoul/firefly/obj/cfs-coffee.o
LOAD build/zoul/firefly/obj/cfs-coffee-arch.o
LOAD build/zoul/firefly/obj/pwm.o
LOAD build/zoul/firefly/obj/usb-core.o
LOAD build/zoul/firefly/obj/cdc-acm.o
LOAD build/zoul/firefly/obj/usb-arch.o
LOAD build/zoul/firefly/obj/usb-serial.o
LOAD build/zoul/firefly/obj/cdc-acm-descriptors.o
LOAD build/zoul/firefly/obj/shell.o
LOAD build/zoul/firefly/obj/shell-commands.o
LOAD build/zoul/firefly/obj/serial-shell.o
LOAD build/zoul/firefly/obj/contiki-main.o
LOAD build/zoul/firefly/obj/autostart.o
LOAD build/zoul/firefly/obj/ctimer.o
LOAD build/zoul/firefly/obj/energest.o
LOAD build/zoul/firefly/obj/etimer.o
LOAD build/zoul/firefly/obj/log.o
LOAD build/zoul/firefly/obj/mutex.o
LOAD build/zoul/firefly/obj/stimer.o
LOAD build/zoul/firefly/obj/compower.o
LOAD build/zoul/firefly/obj/atomic.o
LOAD build/zoul/firefly/obj/rtimer.o
LOAD build/zoul/firefly/obj/node-id.o
LOAD build/zoul/firefly/obj/process.o
LOAD build/zoul/firefly/obj/timer.o
LOAD build/zoul/firefly/obj/stack-check.o
LOAD build/zoul/firefly/obj/dbl-circ-list.o
LOAD build/zoul/firefly/obj/crc16.o
LOAD build/zoul/firefly/obj/ifft.o
LOAD build/zoul/firefly/obj/ringbuf.o
LOAD build/zoul/firefly/obj/ccm-star.o
LOAD build/zoul/firefly/obj/dbl-list.o
LOAD build/zoul/firefly/obj/ringbufindex.o
LOAD build/zoul/firefly/obj/sensors.o
LOAD build/zoul/firefly/obj/list.o
LOAD build/zoul/firefly/obj/circular-list.o
LOAD build/zoul/firefly/obj/aes-128.o
LOAD build/zoul/firefly/obj/trickle-timer.o
LOAD build/zoul/firefly/obj/memb.o
LOAD build/zoul/firefly/obj/heapmem.o
LOAD build/zoul/firefly/obj/random.o
LOAD build/zoul/firefly/obj/hexconv.o
LOAD build/zoul/firefly/obj/assert.o
LOAD build/zoul/firefly/obj/button-hal.o
LOAD build/zoul/firefly/obj/serial-line.o
LOAD build/zoul/firefly/obj/spi.o
LOAD build/zoul/firefly/obj/nullradio.o
LOAD build/zoul/firefly/obj/gpio-hal.o
LOAD build/zoul/firefly/obj/queuebuf.o
LOAD build/zoul/firefly/obj/nbr-table.o
LOAD build/zoul/firefly/obj/packetbuf.o
LOAD build/zoul/firefly/obj/netstack.o
LOAD build/zoul/firefly/obj/linkaddr.o
LOAD build/zoul/firefly/obj/net-debug.o
LOAD build/zoul/firefly/obj/link-stats.o
LOAD build/zoul/firefly/obj/mac-sequence.o
LOAD build/zoul/firefly/obj/mac.o
LOAD build/zoul/firefly/obj/frame802154e-ie.o
LOAD build/zoul/firefly/obj/framer-802154.o
LOAD build/zoul/firefly/obj/nullframer.o
LOAD build/zoul/firefly/obj/frame802154.o
LOAD build/zoul/firefly/obj/syscalls.o
LOAD build/zoul/firefly/obj/strformat.o
LOAD build/zoul/firefly/obj/printf.o
LOAD build/zoul/firefly/obj/sprintf.o
LOAD build/zoul/firefly/obj/snprintf.o
LOAD build/zoul/firefly/obj/puts.o
LOAD build/zoul/firefly/obj/putchar.o
LOAD build/zoul/firefly/obj/cc1200-868-fsk-1-2kbps.o
LOAD build/zoul/firefly/obj/cc1200.o
LOAD build/zoul/firefly/obj/cc1200-802154g-863-870-fsk-50kbps.o
LOAD build/zoul/firefly/obj/cc1200-868-4gfsk-1000kbps.o
LOAD build/zoul/firefly/obj/rgb-led.o
LOAD build/zoul/firefly/obj/tsch.o
LOAD build/zoul/firefly/obj/tsch-queue.o
LOAD build/zoul/firefly/obj/tsch-timeslot-timing.o
LOAD build/zoul/firefly/obj/tsch-schedule.o
LOAD build/zoul/firefly/obj/tsch-slot-operation.o
LOAD build/zoul/firefly/obj/tsch-packet.o
LOAD build/zoul/firefly/obj/tsch-security.o
LOAD build/zoul/firefly/obj/tsch-stats.o
LOAD build/zoul/firefly/obj/tsch-rpl.o
LOAD build/zoul/firefly/obj/tsch-adaptive-timesync.o
LOAD build/zoul/firefly/obj/tsch-log.o
LOAD build/zoul/firefly/obj/uipbuf.o
LOAD build/zoul/firefly/obj/uip-icmp6.o
LOAD build/zoul/firefly/obj/uip-sr.o
LOAD build/zoul/firefly/obj/uip-ds6.o
LOAD build/zoul/firefly/obj/uip-packetqueue.o
LOAD build/zoul/firefly/obj/tcp-socket.o
LOAD build/zoul/firefly/obj/uiplib.o
LOAD build/zoul/firefly/obj/ip64-addr.o
LOAD build/zoul/firefly/obj/uip-udp-packet.o
LOAD build/zoul/firefly/obj/uip-ds6-route.o
LOAD build/zoul/firefly/obj/psock.o
LOAD build/zoul/firefly/obj/tcpip.o
LOAD build/zoul/firefly/obj/uip6.o
LOAD build/zoul/firefly/obj/uip-ds6-nbr.o
LOAD build/zoul/firefly/obj/uip-nameserver.o
LOAD build/zoul/firefly/obj/uip-nd6.o
LOAD build/zoul/firefly/obj/udp-socket.o
LOAD build/zoul/firefly/obj/simple-udp.o
LOAD build/zoul/firefly/obj/sicslowpan.o
LOAD build/zoul/firefly/obj/rpl-nbr-policy.o
LOAD build/zoul/firefly/obj/rpl-of0.o
LOAD build/zoul/firefly/obj/rpl-neighbor.o
LOAD build/zoul/firefly/obj/rpl-dag.o
LOAD build/zoul/firefly/obj/rpl-timers.o
LOAD build/zoul/firefly/obj/rpl-ext-header.o
LOAD build/zoul/firefly/obj/rpl.o
LOAD build/zoul/firefly/obj/rpl-mrhof.o
LOAD build/zoul/firefly/obj/rpl-icmp6.o
LOAD build/zoul/firefly/obj/rpl-dag-root.o
LOAD udp-client.o
START GROUP
LOAD /usr/lib/gcc/arm-none-eabi/9.2.1/../../../arm-none-eabi/lib/thumb/v7-m/nofp/libm.a
END GROUP
START GROUP
LOAD /usr/lib/gcc/arm-none-eabi/9.2.1/thumb/v7-m/nofp/libgcc.a
LOAD /usr/lib/gcc/arm-none-eabi/9.2.1/../../../arm-none-eabi/lib/thumb/v7-m/nofp/libc.a
END GROUP

.text           0x0000000000202000    0x10cca
                0x0000000000202000                _text = .
 *(SORT_BY_ALIGNMENT(.vectors))
 .vectors       0x0000000000202000      0x28c build/zoul/firefly/obj/startup-gcc.o
                0x0000000000202000                vectors
 *(SORT_BY_ALIGNMENT(.text*))
 .text.reset_handler
                0x000000000020228c       0x40 build/zoul/firefly/obj/startup-gcc.o
                0x000000000020228c                reset_handler
 .text.platform_init_stage_two
                0x00000000002022cc       0x58 build/zoul/firefly/obj/platform.o
                0x00000000002022cc                platform_init_stage_two
 .text.platform_init_stage_three
                0x0000000000202324       0x8c build/zoul/firefly/obj/platform.o
                0x0000000000202324                platform_init_stage_three
 .text.radio_phy_overhead
                0x00000000002023b0       0x18 build/zoul/firefly/obj/platform.o
                0x00000000002023b0                radio_phy_overhead
 .text.radio_byte_air_time
                0x00000000002023c8       0x18 build/zoul/firefly/obj/platform.o
                0x00000000002023c8                radio_byte_air_time
 .text.radio_delay_before_tx
                0x00000000002023e0       0x18 build/zoul/firefly/obj/platform.o
                0x00000000002023e0                radio_delay_before_tx
 .text.radio_delay_before_rx
                0x00000000002023f8       0x18 build/zoul/firefly/obj/platform.o
                0x00000000002023f8                radio_delay_before_rx
 .text.radio_delay_before_detect
                0x0000000000202410       0x18 build/zoul/firefly/obj/platform.o
                0x0000000000202410                radio_delay_before_detect
 .text.radio_tsch_timeslot_timing
                0x0000000000202428       0x1c build/zoul/firefly/obj/platform.o
                0x0000000000202428                radio_tsch_timeslot_timing
 .text.leds_on  0x0000000000202444       0x50 build/zoul/firefly/obj/leds.o
                0x0000000000202444                leds_on
 .text.leds_off
                0x0000000000202494       0x48 build/zoul/firefly/obj/leds.o
                0x0000000000202494                leds_off
 .text.leds_init
                0x00000000002024dc       0x48 build/zoul/firefly/obj/leds.o
                0x00000000002024dc                leds_init
 .text.soc_get_rev
                0x0000000000202524       0x18 build/zoul/firefly/obj/soc.o
                0x0000000000202524                soc_get_rev
 .text.soc_print_info
                0x000000000020253c       0x10 build/zoul/firefly/obj/soc.o
                0x000000000020253c                soc_print_info
 .text.update_ticks
                0x000000000020254c       0x54 build/zoul/firefly/obj/clock.o
 .text.clock_init
                0x00000000002025a0       0x4c build/zoul/firefly/obj/clock.o
                0x00000000002025a0                clock_init
 .text.clock_time
                0x00000000002025ec       0x14 build/zoul/firefly/obj/clock.o
                0x00000000002025ec                clock_time
 .text.clock_seconds
                0x0000000000202600       0x14 build/zoul/firefly/obj/clock.o
                0x0000000000202600                clock_seconds
 .text.clock_delay_usec
                0x0000000000202614       0x1c build/zoul/firefly/obj/clock.o
                0x0000000000202614                clock_delay_usec
 .text.clock_adjust
                0x0000000000202630       0x20 build/zoul/firefly/obj/clock.o
                0x0000000000202630                clock_adjust
 .text.rtimer_arch_next_trigger
                0x0000000000202650        0xc build/zoul/firefly/obj/rtimer-arch.o
                0x0000000000202650                rtimer_arch_next_trigger
 .text.rtimer_arch_now
                0x000000000020265c       0x24 build/zoul/firefly/obj/rtimer-arch.o
                0x000000000020265c                rtimer_arch_now
 .text.rtimer_arch_schedule
                0x0000000000202680       0x58 build/zoul/firefly/obj/rtimer-arch.o
                0x0000000000202680                rtimer_arch_schedule
 .text.rtimer_isr
                0x00000000002026d8       0x2c build/zoul/firefly/obj/rtimer-arch.o
                0x00000000002026d8                rtimer_isr
 .text.permit_pm1
                0x0000000000202704       0x24 build/zoul/firefly/obj/uart.o
 .text.uart_isr
                0x0000000000202728       0x60 build/zoul/firefly/obj/uart.o
 .text.uart_init
                0x0000000000202788      0x198 build/zoul/firefly/obj/uart.o
                0x0000000000202788                uart_init
 .text.uart_set_input
                0x0000000000202920       0x10 build/zoul/firefly/obj/uart.o
                0x0000000000202920                uart_set_input
 .text.uart_write_byte
                0x0000000000202930       0x1c build/zoul/firefly/obj/uart.o
                0x0000000000202930                uart_write_byte
 .text.watchdog_init
                0x000000000020294c        0xc build/zoul/firefly/obj/watchdog.o
                0x000000000020294c                watchdog_init
 .text.watchdog_start
                0x0000000000202958        0xc build/zoul/firefly/obj/watchdog.o
                0x0000000000202958                watchdog_start
 .text.watchdog_periodic
                0x0000000000202964       0x10 build/zoul/firefly/obj/watchdog.o
                0x0000000000202964                watchdog_periodic
 .text.watchdog_reboot
                0x0000000000202974       0x10 build/zoul/firefly/obj/watchdog.o
                0x0000000000202974                watchdog_reboot
 .text.nvic_init
                0x0000000000202984       0x10 build/zoul/firefly/obj/nvic.o
                0x0000000000202984                nvic_init
 .text.sys_ctrl_init
                0x0000000000202994       0x74 build/zoul/firefly/obj/sys-ctrl.o
                0x0000000000202994                sys_ctrl_init
 .text.gpio_port_isr
                0x0000000000202a08       0x48 build/zoul/firefly/obj/gpio.o
 .text.ioc_init
                0x0000000000202a50       0x1c build/zoul/firefly/obj/ioc.o
                0x0000000000202a50                ioc_init
 .text.ioc_set_over
                0x0000000000202a6c       0x14 build/zoul/firefly/obj/ioc.o
                0x0000000000202a6c                ioc_set_over
 .text.ioc_set_sel
                0x0000000000202a80       0x14 build/zoul/firefly/obj/ioc.o
                0x0000000000202a80                ioc_set_sel
 .text.adc_get  0x0000000000202a94       0x70 build/zoul/firefly/obj/adc.o
                0x0000000000202a94                adc_get
 .text.permit_pm1
                0x0000000000202b04       0x10 build/zoul/firefly/obj/crypto.o
 .text.crypto_isr
                0x0000000000202b14       0x28 build/zoul/firefly/obj/crypto.o
                0x0000000000202b14                crypto_isr
 .text.crypto_enable
                0x0000000000202b3c       0x20 build/zoul/firefly/obj/crypto.o
                0x0000000000202b3c                crypto_enable
 .text.crypto_init
                0x0000000000202b5c       0x3c build/zoul/firefly/obj/crypto.o
                0x0000000000202b5c                crypto_init
 .text.crypto_disable
                0x0000000000202b98       0x20 build/zoul/firefly/obj/crypto.o
                0x0000000000202b98                crypto_disable
 .text.gpio_hal_arch_no_port_pin_cfg_set
                0x0000000000202bb8       0xc8 build/zoul/firefly/obj/gpio-hal-arch.o
                0x0000000000202bb8                gpio_hal_arch_no_port_pin_cfg_set
 .text.off      0x0000000000202c80       0x40 build/zoul/firefly/obj/cc2538-rf.o
 .text.receiving_packet
                0x0000000000202cc0       0x18 build/zoul/firefly/obj/cc2538-rf.o
 .text.pending_packet
                0x0000000000202cd8       0x10 build/zoul/firefly/obj/cc2538-rf.o
 .text.set_poll_mode
                0x0000000000202ce8       0x98 build/zoul/firefly/obj/cc2538-rf.o
 .text.on       0x0000000000202d80       0x28 build/zoul/firefly/obj/cc2538-rf.o
 .text.set_channel
                0x0000000000202da8       0x38 build/zoul/firefly/obj/cc2538-rf.o
 .text.get_value
                0x0000000000202de0      0x17c build/zoul/firefly/obj/cc2538-rf.o
 .text.channel_clear
                0x0000000000202f5c       0x3c build/zoul/firefly/obj/cc2538-rf.o
 .text.set_object
                0x0000000000202f98       0x30 build/zoul/firefly/obj/cc2538-rf.o
 .text.read     0x0000000000202fc8       0xdc build/zoul/firefly/obj/cc2538-rf.o
 .text.prepare  0x00000000002030a4       0x68 build/zoul/firefly/obj/cc2538-rf.o
 .text.init     0x000000000020310c       0xe8 build/zoul/firefly/obj/cc2538-rf.o
 .text.process_thread_cc2538_rf_process
                0x00000000002031f4       0x90 build/zoul/firefly/obj/cc2538-rf.o
 .text.get_object
                0x0000000000203284      0x144 build/zoul/firefly/obj/cc2538-rf.o
 .text.transmit
                0x00000000002033c8       0xa4 build/zoul/firefly/obj/cc2538-rf.o
 .text.set_value
                0x000000000020346c      0x188 build/zoul/firefly/obj/cc2538-rf.o
 .text.cc2538_rf_rx_tx_isr
                0x00000000002035f4       0x24 build/zoul/firefly/obj/cc2538-rf.o
                0x00000000002035f4                cc2538_rf_rx_tx_isr
 .text.cc2538_rf_err_isr
                0x0000000000203618       0x28 build/zoul/firefly/obj/cc2538-rf.o
                0x0000000000203618                cc2538_rf_err_isr
 .text.udma_init
                0x0000000000203640       0x34 build/zoul/firefly/obj/udma.o
                0x0000000000203640                udma_init
 .text.udma_set_channel_src
                0x0000000000203674       0x10 build/zoul/firefly/obj/udma.o
                0x0000000000203674                udma_set_channel_src
 .text.udma_set_channel_dst
                0x0000000000203684       0x14 build/zoul/firefly/obj/udma.o
                0x0000000000203684                udma_set_channel_dst
 .text.udma_set_channel_control_word
                0x0000000000203698       0x14 build/zoul/firefly/obj/udma.o
                0x0000000000203698                udma_set_channel_control_word
 .text.udma_channel_enable
                0x00000000002036ac       0x18 build/zoul/firefly/obj/udma.o
                0x00000000002036ac                udma_channel_enable
 .text.udma_channel_mask_set
                0x00000000002036c4       0x18 build/zoul/firefly/obj/udma.o
                0x00000000002036c4                udma_channel_mask_set
 .text.udma_channel_sw_request
                0x00000000002036dc       0x18 build/zoul/firefly/obj/udma.o
                0x00000000002036dc                udma_channel_sw_request
 .text.udma_channel_get_mode
                0x00000000002036f4       0x1c build/zoul/firefly/obj/udma.o
                0x00000000002036f4                udma_channel_get_mode
 .text.udma_isr
                0x0000000000203710       0x10 build/zoul/firefly/obj/udma.o
                0x0000000000203710                udma_isr
 .text.udma_err_isr
                0x0000000000203720        0xc build/zoul/firefly/obj/udma.o
                0x0000000000203720                udma_err_isr
 .text.select_32_mhz_xosc
                0x000000000020372c       0x2c build/zoul/firefly/obj/lpm.o
 .text.lpm_exit
                0x0000000000203758       0x34 build/zoul/firefly/obj/lpm.o
                0x0000000000203758                lpm_exit
 .text.lpm_enter
                0x000000000020378c       0xb4 build/zoul/firefly/obj/lpm.o
                0x000000000020378c                lpm_enter
 .text.lpm_register_peripheral
                0x0000000000203840       0x24 build/zoul/firefly/obj/lpm.o
                0x0000000000203840                lpm_register_peripheral
 .text.lpm_init
                0x0000000000203864       0x24 build/zoul/firefly/obj/lpm.o
                0x0000000000203864                lpm_init
 .text.pka_isr  0x0000000000203888       0x28 build/zoul/firefly/obj/pka.o
                0x0000000000203888                pka_isr
 .text.ieee_addr_cpy_to
                0x00000000002038b0       0x60 build/zoul/firefly/obj/ieee-addr.o
                0x00000000002038b0                ieee_addr_cpy_to
 .text.submit_setup
                0x0000000000203910       0x24 build/zoul/firefly/obj/usb-core.o
 .text.notify_user
                0x0000000000203934       0x1c build/zoul/firefly/obj/usb-core.o
 .text.usb_set_global_event_process
                0x0000000000203950        0xc build/zoul/firefly/obj/usb-core.o
                0x0000000000203950                usb_set_global_event_process
 .text.usb_get_global_events
                0x000000000020395c       0x10 build/zoul/firefly/obj/usb-core.o
                0x000000000020395c                usb_get_global_events
 .text.usb_send_ctrl_response
                0x000000000020396c       0x3c build/zoul/firefly/obj/usb-core.o
                0x000000000020396c                usb_send_ctrl_response
 .text.usb_error_stall
                0x00000000002039a8       0x10 build/zoul/firefly/obj/usb-core.o
                0x00000000002039a8                usb_error_stall
 .text.usb_send_ctrl_status
                0x00000000002039b8       0x24 build/zoul/firefly/obj/usb-core.o
                0x00000000002039b8                usb_send_ctrl_status
 .text.handle_standard_requests
                0x00000000002039dc      0x164 build/zoul/firefly/obj/usb-core.o
 .text.process_thread_usb_process
                0x0000000000203b40      0x14c build/zoul/firefly/obj/usb-core.o
 .text.usb_get_ctrl_data
                0x0000000000203c8c       0x44 build/zoul/firefly/obj/usb-core.o
                0x0000000000203c8c                usb_get_ctrl_data
 .text.usb_register_request_handler
                0x0000000000203cd0       0x18 build/zoul/firefly/obj/usb-core.o
                0x0000000000203cd0                usb_register_request_handler
 .text.usb_setup
                0x0000000000203ce8       0x30 build/zoul/firefly/obj/usb-core.o
                0x0000000000203ce8                usb_setup
 .text.notify_user
                0x0000000000203d18       0x1c build/zoul/firefly/obj/cdc-acm.o
 .text.handle_cdc_acm_requests
                0x0000000000203d34       0x84 build/zoul/firefly/obj/cdc-acm.o
 .text.set_line_encoding
                0x0000000000203db8       0x2c build/zoul/firefly/obj/cdc-acm.o
 .text.usb_cdc_acm_setup
                0x0000000000203de4        0xc build/zoul/firefly/obj/cdc-acm.o
                0x0000000000203de4                usb_cdc_acm_setup
 .text.usb_cdc_acm_get_events
                0x0000000000203df0       0x10 build/zoul/firefly/obj/cdc-acm.o
                0x0000000000203df0                usb_cdc_acm_get_events
 .text.usb_cdc_acm_get_line_state
                0x0000000000203e00        0xc build/zoul/firefly/obj/cdc-acm.o
                0x0000000000203e00                usb_cdc_acm_get_line_state
 .text.usb_cdc_acm_set_event_process
                0x0000000000203e0c        0xc build/zoul/firefly/obj/cdc-acm.o
                0x0000000000203e0c                usb_cdc_acm_set_event_process
 .text.disable_irq
                0x0000000000203e18       0x1c build/zoul/firefly/obj/usb-arch.o
 .text.restore_irq
                0x0000000000203e34       0x10 build/zoul/firefly/obj/usb-arch.o
 .text.permit_pm1
                0x0000000000203e44       0x10 build/zoul/firefly/obj/usb-arch.o
 .text.ep_setup
                0x0000000000203e54       0xb0 build/zoul/firefly/obj/usb-arch.o
 .text.notify_process
                0x0000000000203f04       0x1c build/zoul/firefly/obj/usb-arch.o
 .text.set_stall
                0x0000000000203f20       0x58 build/zoul/firefly/obj/usb-arch.o
 .text.write_hw_buffer
                0x0000000000203f78       0x5c build/zoul/firefly/obj/usb-arch.o
 .text.ep0_tx   0x0000000000203fd4       0xc0 build/zoul/firefly/obj/usb-arch.o
 .text.fill_buffers
                0x0000000000204094      0x108 build/zoul/firefly/obj/usb-arch.o
 .text.ep0_interrupt_handler
                0x000000000020419c      0x174 build/zoul/firefly/obj/usb-arch.o
 .text.out_ep_interrupt_handler
                0x0000000000204310       0xb8 build/zoul/firefly/obj/usb-arch.o
 .text.usb_set_ep_event_process
                0x00000000002043c8       0x14 build/zoul/firefly/obj/usb-arch.o
                0x00000000002043c8                usb_set_ep_event_process
 .text.usb_arch_set_global_event_process
                0x00000000002043dc        0xc build/zoul/firefly/obj/usb-arch.o
                0x00000000002043dc                usb_arch_set_global_event_process
 .text.usb_arch_get_global_events
                0x00000000002043e8       0x20 build/zoul/firefly/obj/usb-arch.o
                0x00000000002043e8                usb_arch_get_global_events
 .text.usb_get_ep_events
                0x0000000000204408       0x2c build/zoul/firefly/obj/usb-arch.o
                0x0000000000204408                usb_get_ep_events
 .text.usb_submit_recv_buffer
                0x0000000000204434       0x98 build/zoul/firefly/obj/usb-arch.o
                0x0000000000204434                usb_submit_recv_buffer
 .text.usb_submit_xmit_buffer
                0x00000000002044cc      0x154 build/zoul/firefly/obj/usb-arch.o
                0x00000000002044cc                usb_submit_xmit_buffer
 .text.usb_arch_setup_control_endpoint
                0x0000000000204620       0x18 build/zoul/firefly/obj/usb-arch.o
                0x0000000000204620                usb_arch_setup_control_endpoint
 .text.reset    0x0000000000204638       0x40 build/zoul/firefly/obj/usb-arch.o
 .text.usb_arch_setup
                0x0000000000204678       0x60 build/zoul/firefly/obj/usb-arch.o
                0x0000000000204678                usb_arch_setup
 .text.usb_arch_setup_bulk_endpoint
                0x00000000002046d8       0x18 build/zoul/firefly/obj/usb-arch.o
                0x00000000002046d8                usb_arch_setup_bulk_endpoint
 .text.usb_arch_disable_endpoint
                0x00000000002046f0       0x90 build/zoul/firefly/obj/usb-arch.o
                0x00000000002046f0                usb_arch_disable_endpoint
 .text.usb_arch_discard_all_buffers
                0x0000000000204780       0x30 build/zoul/firefly/obj/usb-arch.o
                0x0000000000204780                usb_arch_discard_all_buffers
 .text.usb_arch_halt_endpoint
                0x00000000002047b0       0x8c build/zoul/firefly/obj/usb-arch.o
                0x00000000002047b0                usb_arch_halt_endpoint
 .text.usb_arch_get_ep_status
                0x000000000020483c       0x1c build/zoul/firefly/obj/usb-arch.o
                0x000000000020483c                usb_arch_get_ep_status
 .text.usb_arch_set_address
                0x0000000000204858        0xc build/zoul/firefly/obj/usb-arch.o
                0x0000000000204858                usb_arch_set_address
 .text.usb_arch_send_pending
                0x0000000000204864       0x2c build/zoul/firefly/obj/usb-arch.o
                0x0000000000204864                usb_arch_send_pending
 .text.usb_isr  0x0000000000204890       0xc0 build/zoul/firefly/obj/usb-arch.o
                0x0000000000204890                usb_isr
 .text.queue_rx_urb
                0x0000000000204950       0x20 build/zoul/firefly/obj/usb-serial.o
 .text.process_thread_usb_serial_process
                0x0000000000204970      0x134 build/zoul/firefly/obj/usb-serial.o
 .text.usb_class_get_string_descriptor
                0x0000000000204aa4       0x14 build/zoul/firefly/obj/usb-serial.o
                0x0000000000204aa4                usb_class_get_string_descriptor
 .text.usb_serial_set_input
                0x0000000000204ab8        0xc build/zoul/firefly/obj/usb-serial.o
                0x0000000000204ab8                usb_serial_set_input
 .text.usb_serial_init
                0x0000000000204ac4        0xc build/zoul/firefly/obj/usb-serial.o
                0x0000000000204ac4                usb_serial_init
 .text.shell_output_6addr
                0x0000000000204ad0       0x28 build/zoul/firefly/obj/shell.o
                0x0000000000204ad0                shell_output_6addr
 .text.shell_output_lladdr
                0x0000000000204af8       0x60 build/zoul/firefly/obj/shell.o
                0x0000000000204af8                shell_output_lladdr
 .text.shell_input
                0x0000000000204b58       0xc0 build/zoul/firefly/obj/shell.o
                0x0000000000204b58                shell_input
 .text.cmd_rpl_global_repair
                0x0000000000204c18       0x38 build/zoul/firefly/obj/shell-commands.o
 .text.cmd_rpl_local_repair
                0x0000000000204c50       0x38 build/zoul/firefly/obj/shell-commands.o
 .text.cmd_help
                0x0000000000204c88       0x6c build/zoul/firefly/obj/shell-commands.o
 .text.cmd_macaddr
                0x0000000000204cf4       0x48 build/zoul/firefly/obj/shell-commands.o
 .text.cmd_tsch_status
                0x0000000000204d3c      0x144 build/zoul/firefly/obj/shell-commands.o
 .text.cmd_tsch_schedule
                0x0000000000204e80       0xd4 build/zoul/firefly/obj/shell-commands.o
 .text.cmd_tsch_set_coordinator
                0x0000000000204f54      0x120 build/zoul/firefly/obj/shell-commands.o
 .text.cmd_rpl_nbr
                0x0000000000205074       0x90 build/zoul/firefly/obj/shell-commands.o
 .text.cmd_ipaddr
                0x0000000000205104       0x80 build/zoul/firefly/obj/shell-commands.o
 .text.cmd_rpl_status
                0x0000000000205184      0x26c build/zoul/firefly/obj/shell-commands.o
 .text.cmd_rpl_refresh_routes
                0x00000000002053f0       0x34 build/zoul/firefly/obj/shell-commands.o
 .text.cmd_rpl_set_root
                0x0000000000205424      0x160 build/zoul/firefly/obj/shell-commands.o
 .text.cmd_routes
                0x0000000000205584       0xe8 build/zoul/firefly/obj/shell-commands.o
 .text.cmd_ping
                0x000000000020566c      0x154 build/zoul/firefly/obj/shell-commands.o
 .text.cmd_ip_neighbors
                0x00000000002057c0       0xe0 build/zoul/firefly/obj/shell-commands.o
 .text.shell_output_log_levels
                0x00000000002058a0       0x58 build/zoul/firefly/obj/shell-commands.o
 .text.cmd_log  0x00000000002058f8       0xfc build/zoul/firefly/obj/shell-commands.o
 .text.cmd_reboot
                0x00000000002059f4       0x2c build/zoul/firefly/obj/shell-commands.o
 .text.echo_reply_handler
                0x0000000000205a20       0x2c build/zoul/firefly/obj/shell-commands.o
 .text.shell_commands_init
                0x0000000000205a4c       0x30 build/zoul/firefly/obj/shell-commands.o
                0x0000000000205a4c                shell_commands_init
 .text.shell_command_lookup
                0x0000000000205a7c       0x34 build/zoul/firefly/obj/shell-commands.o
                0x0000000000205a7c                shell_command_lookup
 .text.process_thread_serial_shell_process
                0x0000000000205ab0       0x58 build/zoul/firefly/obj/serial-shell.o
 .text.serial_shell_output
                0x0000000000205b08        0xc build/zoul/firefly/obj/serial-shell.o
 .text.serial_shell_init
                0x0000000000205b14        0xc build/zoul/firefly/obj/serial-shell.o
                0x0000000000205b14                serial_shell_init
 .text.startup.main
                0x0000000000205b20      0x1ec build/zoul/firefly/obj/contiki-main.o
                0x0000000000205b20                main
 .text.process_thread_ctimer_process
                0x0000000000205d0c       0x7c build/zoul/firefly/obj/ctimer.o
 .text.ctimer_init
                0x0000000000205d88       0x28 build/zoul/firefly/obj/ctimer.o
                0x0000000000205d88                ctimer_init
 .text.ctimer_set_with_process
                0x0000000000205db0       0x44 build/zoul/firefly/obj/ctimer.o
                0x0000000000205db0                ctimer_set_with_process
 .text.ctimer_set
                0x0000000000205df4       0x14 build/zoul/firefly/obj/ctimer.o
                0x0000000000205df4                ctimer_set
 .text.ctimer_reset
                0x0000000000205e08       0x38 build/zoul/firefly/obj/ctimer.o
                0x0000000000205e08                ctimer_reset
 .text.ctimer_stop
                0x0000000000205e40       0x2c build/zoul/firefly/obj/ctimer.o
                0x0000000000205e40                ctimer_stop
 .text.ctimer_expired
                0x0000000000205e6c       0x34 build/zoul/firefly/obj/ctimer.o
                0x0000000000205e6c                ctimer_expired
 .text.update_time
                0x0000000000205ea0       0x40 build/zoul/firefly/obj/etimer.o
 .text.etimer_request_poll
                0x0000000000205ee0        0xc build/zoul/firefly/obj/etimer.o
                0x0000000000205ee0                etimer_request_poll
 .text.process_thread_etimer_process
                0x0000000000205eec       0xac build/zoul/firefly/obj/etimer.o
 .text.add_timer
                0x0000000000205f98       0x40 build/zoul/firefly/obj/etimer.o
 .text.etimer_pending
                0x0000000000205fd8       0x10 build/zoul/firefly/obj/etimer.o
                0x0000000000205fd8                etimer_pending
 .text.etimer_stop
                0x0000000000205fe8       0x34 build/zoul/firefly/obj/etimer.o
                0x0000000000205fe8                etimer_stop
 .text.log_6addr
                0x000000000020601c       0x20 build/zoul/firefly/obj/log.o
                0x000000000020601c                log_6addr
 .text.log_lladdr
                0x000000000020603c       0x40 build/zoul/firefly/obj/log.o
                0x000000000020603c                log_lladdr
 .text.log_set_level
                0x000000000020607c       0x44 build/zoul/firefly/obj/log.o
                0x000000000020607c                log_set_level
 .text.log_get_level
                0x00000000002060c0       0x3c build/zoul/firefly/obj/log.o
                0x00000000002060c0                log_get_level
 .text.log_level_to_str
                0x00000000002060fc       0x18 build/zoul/firefly/obj/log.o
                0x00000000002060fc                log_level_to_str
 .text.rtimer_set
                0x0000000000206114       0x24 build/zoul/firefly/obj/rtimer.o
                0x0000000000206114                rtimer_set
 .text.rtimer_run_next
                0x0000000000206138       0x28 build/zoul/firefly/obj/rtimer.o
                0x0000000000206138                rtimer_run_next
 .text.node_id_init
                0x0000000000206160       0x18 build/zoul/firefly/obj/node-id.o
                0x0000000000206160                node_id_init
 .text.call_process.part.0
                0x0000000000206178       0x38 build/zoul/firefly/obj/process.o
 .text.exit_process
                0x00000000002061b0       0x80 build/zoul/firefly/obj/process.o
 .text.do_poll  0x0000000000206230       0x30 build/zoul/firefly/obj/process.o
 .text.process_alloc_event
                0x0000000000206260       0x10 build/zoul/firefly/obj/process.o
                0x0000000000206260                process_alloc_event
 .text.process_init
                0x0000000000206270       0x30 build/zoul/firefly/obj/process.o
                0x0000000000206270                process_init
 .text.process_run
                0x00000000002062a0       0x84 build/zoul/firefly/obj/process.o
                0x00000000002062a0                process_run
 .text.process_nevents
                0x0000000000206324       0x14 build/zoul/firefly/obj/process.o
                0x0000000000206324                process_nevents
 .text.process_post
                0x0000000000206338       0x3c build/zoul/firefly/obj/process.o
                0x0000000000206338                process_post
 .text.process_post_synch
                0x0000000000206374       0x14 build/zoul/firefly/obj/process.o
                0x0000000000206374                process_post_synch
 .text.process_start
                0x0000000000206388       0x30 build/zoul/firefly/obj/process.o
                0x0000000000206388                process_start
 .text.process_poll
                0x00000000002063b8       0x18 build/zoul/firefly/obj/process.o
                0x00000000002063b8                process_poll
 .text.stack_check_init
                0x00000000002063d0       0x24 build/zoul/firefly/obj/stack-check.o
                0x00000000002063d0                stack_check_init
 .text.stack_check_get_usage
                0x00000000002063f4       0x40 build/zoul/firefly/obj/stack-check.o
                0x00000000002063f4                stack_check_get_usage
 .text.process_thread_stack_check_process
                0x0000000000206434       0xa8 build/zoul/firefly/obj/stack-check.o
 .text.process_thread_sensors_process
                0x00000000002064dc       0xd4 build/zoul/firefly/obj/sensors.o
 .text.random_rand
                0x00000000002065b0       0x24 build/zoul/firefly/obj/random.o
                0x00000000002065b0                random_rand
 .text.random_init
                0x00000000002065d4       0x78 build/zoul/firefly/obj/random.o
                0x00000000002065d4                random_init
 .text.duration_exceeded_callback
                0x000000000020664c       0x34 build/zoul/firefly/obj/button-hal.o
 .text.process_thread_button_hal_process
                0x0000000000206680       0x74 build/zoul/firefly/obj/button-hal.o
 .text.press_release_handler
                0x00000000002066f4       0x18 build/zoul/firefly/obj/button-hal.o
 .text.debounce_handler
                0x000000000020670c       0x64 build/zoul/firefly/obj/button-hal.o
 .text.button_hal_init
                0x0000000000206770      0x104 build/zoul/firefly/obj/button-hal.o
                0x0000000000206770                button_hal_init
 .text.process_thread_serial_line_process
                0x0000000000206874       0x9c build/zoul/firefly/obj/serial-line.o
 .text.serial_line_input_byte
                0x0000000000206910       0x48 build/zoul/firefly/obj/serial-line.o
                0x0000000000206910                serial_line_input_byte
 .text.serial_line_init
                0x0000000000206958       0x24 build/zoul/firefly/obj/serial-line.o
                0x0000000000206958                serial_line_init
 .text.gpio_hal_register_handler
                0x000000000020697c        0xc build/zoul/firefly/obj/gpio-hal.o
                0x000000000020697c                gpio_hal_register_handler
 .text.gpio_hal_event_handler
                0x0000000000206988       0x24 build/zoul/firefly/obj/gpio-hal.o
                0x0000000000206988                gpio_hal_event_handler
 .text.gpio_hal_init
                0x00000000002069ac        0xc build/zoul/firefly/obj/gpio-hal.o
                0x00000000002069ac                gpio_hal_init
 .text.queuebuf_init
                0x00000000002069b8       0x1c build/zoul/firefly/obj/queuebuf.o
                0x00000000002069b8                queuebuf_init
 .text.queuebuf_new_from_packetbuf
                0x00000000002069d4       0x44 build/zoul/firefly/obj/queuebuf.o
                0x00000000002069d4                queuebuf_new_from_packetbuf
 .text.queuebuf_free
                0x0000000000206a18       0x2c build/zoul/firefly/obj/queuebuf.o
                0x0000000000206a18                queuebuf_free
 .text.queuebuf_to_packetbuf
                0x0000000000206a44       0x30 build/zoul/firefly/obj/queuebuf.o
                0x0000000000206a44                queuebuf_to_packetbuf
 .text.queuebuf_dataptr
                0x0000000000206a74       0x18 build/zoul/firefly/obj/queuebuf.o
                0x0000000000206a74                queuebuf_dataptr
 .text.index_from_key
                0x0000000000206a8c       0x20 build/zoul/firefly/obj/nbr-table.o
 .text.index_from_lladdr
                0x0000000000206aac       0x40 build/zoul/firefly/obj/nbr-table.o
 .text.nbr_get_bit.constprop.0
                0x0000000000206aec       0x24 build/zoul/firefly/obj/nbr-table.o
 .text.nbr_table_is_registered
                0x0000000000206b10       0x20 build/zoul/firefly/obj/nbr-table.o
                0x0000000000206b10                nbr_table_is_registered
 .text.nbr_table_register
                0x0000000000206b30       0x30 build/zoul/firefly/obj/nbr-table.o
                0x0000000000206b30                nbr_table_register
 .text.nbr_table_next
                0x0000000000206b60       0x48 build/zoul/firefly/obj/nbr-table.o
                0x0000000000206b60                nbr_table_next
 .text.nbr_table_head
                0x0000000000206ba8       0x38 build/zoul/firefly/obj/nbr-table.o
                0x0000000000206ba8                nbr_table_head
 .text.nbr_table_add_lladdr
                0x0000000000206be0      0x158 build/zoul/firefly/obj/nbr-table.o
                0x0000000000206be0                nbr_table_add_lladdr
 .text.nbr_table_remove
                0x0000000000206d38       0x2c build/zoul/firefly/obj/nbr-table.o
                0x0000000000206d38                nbr_table_remove
 .text.nbr_table_lock
                0x0000000000206d64       0x10 build/zoul/firefly/obj/nbr-table.o
                0x0000000000206d64                nbr_table_lock
 .text.nbr_table_unlock
                0x0000000000206d74       0x10 build/zoul/firefly/obj/nbr-table.o
                0x0000000000206d74                nbr_table_unlock
 .text.nbr_table_get_lladdr
                0x0000000000206d84       0x24 build/zoul/firefly/obj/nbr-table.o
                0x0000000000206d84                nbr_table_get_lladdr
 .text.packetbuf_hdrreduce
                0x0000000000206da8       0x28 build/zoul/firefly/obj/packetbuf.o
                0x0000000000206da8                packetbuf_hdrreduce
 .text.packetbuf_set_datalen
                0x0000000000206dd0        0xc build/zoul/firefly/obj/packetbuf.o
                0x0000000000206dd0                packetbuf_set_datalen
 .text.packetbuf_hdrptr
                0x0000000000206ddc        0x8 build/zoul/firefly/obj/packetbuf.o
                0x0000000000206ddc                packetbuf_hdrptr
 .text.packetbuf_datalen
                0x0000000000206de4        0xc build/zoul/firefly/obj/packetbuf.o
                0x0000000000206de4                packetbuf_datalen
 .text.packetbuf_hdrlen
                0x0000000000206df0       0x18 build/zoul/firefly/obj/packetbuf.o
                0x0000000000206df0                packetbuf_hdrlen
 .text.packetbuf_dataptr
                0x0000000000206e08       0x10 build/zoul/firefly/obj/packetbuf.o
                0x0000000000206e08                packetbuf_dataptr
 .text.packetbuf_copyto
                0x0000000000206e18       0x44 build/zoul/firefly/obj/packetbuf.o
                0x0000000000206e18                packetbuf_copyto
 .text.packetbuf_totlen
                0x0000000000206e5c       0x14 build/zoul/firefly/obj/packetbuf.o
                0x0000000000206e5c                packetbuf_totlen
 .text.packetbuf_hdralloc
                0x0000000000206e70       0x40 build/zoul/firefly/obj/packetbuf.o
                0x0000000000206e70                packetbuf_hdralloc
 .text.packetbuf_attr_clear
                0x0000000000206eb0       0x34 build/zoul/firefly/obj/packetbuf.o
                0x0000000000206eb0                packetbuf_attr_clear
 .text.packetbuf_clear
                0x0000000000206ee4       0x20 build/zoul/firefly/obj/packetbuf.o
                0x0000000000206ee4                packetbuf_clear
 .text.packetbuf_copyfrom
                0x0000000000206f04       0x2c build/zoul/firefly/obj/packetbuf.o
                0x0000000000206f04                packetbuf_copyfrom
 .text.packetbuf_attr_copyto
                0x0000000000206f30       0x24 build/zoul/firefly/obj/packetbuf.o
                0x0000000000206f30                packetbuf_attr_copyto
 .text.packetbuf_attr_copyfrom
                0x0000000000206f54       0x24 build/zoul/firefly/obj/packetbuf.o
                0x0000000000206f54                packetbuf_attr_copyfrom
 .text.packetbuf_set_attr
                0x0000000000206f78       0x10 build/zoul/firefly/obj/packetbuf.o
                0x0000000000206f78                packetbuf_set_attr
 .text.packetbuf_attr
                0x0000000000206f88        0xc build/zoul/firefly/obj/packetbuf.o
                0x0000000000206f88                packetbuf_attr
 .text.packetbuf_set_addr
                0x0000000000206f94       0x18 build/zoul/firefly/obj/packetbuf.o
                0x0000000000206f94                packetbuf_set_addr
 .text.packetbuf_addr
                0x0000000000206fac       0x10 build/zoul/firefly/obj/packetbuf.o
                0x0000000000206fac                packetbuf_addr
 .text.packetbuf_holds_broadcast
                0x0000000000206fbc       0x10 build/zoul/firefly/obj/packetbuf.o
                0x0000000000206fbc                packetbuf_holds_broadcast
 .text.netstack_process_ip_callback
                0x0000000000206fcc       0x40 build/zoul/firefly/obj/netstack.o
                0x0000000000206fcc                netstack_process_ip_callback
 .text.netstack_init
                0x000000000020700c       0x24 build/zoul/firefly/obj/netstack.o
                0x000000000020700c                netstack_init
 .text.periodic
                0x0000000000207030       0x30 build/zoul/firefly/obj/link-stats.o
 .text.link_stats_from_lladdr
                0x0000000000207060        0xc build/zoul/firefly/obj/link-stats.o
                0x0000000000207060                link_stats_from_lladdr
 .text.link_stats_packet_sent
                0x000000000020706c       0x78 build/zoul/firefly/obj/link-stats.o
                0x000000000020706c                link_stats_packet_sent
 .text.link_stats_input_callback
                0x00000000002070e4       0x4c build/zoul/firefly/obj/link-stats.o
                0x00000000002070e4                link_stats_input_callback
 .text.link_stats_reset
                0x0000000000207130       0x28 build/zoul/firefly/obj/link-stats.o
                0x0000000000207130                link_stats_reset
 .text.link_stats_init
                0x0000000000207158       0x28 build/zoul/firefly/obj/link-stats.o
                0x0000000000207158                link_stats_init
 .text.mac_sequence_is_duplicate
                0x0000000000207180       0x50 build/zoul/firefly/obj/mac-sequence.o
                0x0000000000207180                mac_sequence_is_duplicate
 .text.mac_sequence_register_seqno
                0x00000000002071d0       0x60 build/zoul/firefly/obj/mac-sequence.o
                0x00000000002071d0                mac_sequence_register_seqno
 .text.dtsf_frequency_offset
                0x0000000000207230       0x24 build/zoul/firefly/obj/frame802154e-ie.o
                0x0000000000207230                dtsf_frequency_offset
 .text.frame802154e_parse_information_elements
                0x0000000000207254      0x258 build/zoul/firefly/obj/frame802154e-ie.o
                0x0000000000207254                frame802154e_parse_information_elements
 .text.create_frame
                0x00000000002074ac       0xd0 build/zoul/firefly/obj/framer-802154.o
 .text.frame802154_get_pan_id
                0x000000000020757c        0xc build/zoul/firefly/obj/frame802154.o
                0x000000000020757c                frame802154_get_pan_id
 .text.frame802154_set_pan_id
                0x0000000000207588        0xc build/zoul/firefly/obj/frame802154.o
                0x0000000000207588                frame802154_set_pan_id
 .text.frame802154_check_dest_panid
                0x0000000000207594       0x38 build/zoul/firefly/obj/frame802154.o
                0x0000000000207594                frame802154_check_dest_panid
 .text.frame802154_extract_linkaddr
                0x00000000002075cc       0x68 build/zoul/firefly/obj/frame802154.o
                0x00000000002075cc                frame802154_extract_linkaddr
 .text.frame802154_parse
                0x0000000000207634      0x130 build/zoul/firefly/obj/frame802154.o
                0x0000000000207634                frame802154_parse
 .text.fill_space
                0x0000000000207764       0x34 build/zoul/firefly/obj/strformat.o
 .text.format_str_v
                0x0000000000207798      0x764 build/zoul/firefly/obj/strformat.o
                0x0000000000207798                format_str_v
 .text.printf   0x0000000000207efc       0x20 build/zoul/firefly/obj/printf.o
                0x0000000000207efc                printf
 .text.sprintf  0x0000000000207f1c       0x30 build/zoul/firefly/obj/sprintf.o
                0x0000000000207f1c                sprintf
 .text.vsnprintf
                0x0000000000207f4c       0x28 build/zoul/firefly/obj/snprintf.o
                0x0000000000207f4c                vsnprintf
 .text.turn_off
                0x0000000000207f74       0x10 build/zoul/firefly/obj/tsch.o
 .text.tsch_reset
                0x0000000000207f84       0xb0 build/zoul/firefly/obj/tsch.o
 .text.process_thread_tsch_send_eb_process
                0x0000000000208034      0x118 build/zoul/firefly/obj/tsch.o
 .text.send_packet
                0x000000000020814c       0xac build/zoul/firefly/obj/tsch.o
 .text.max_payload
                0x00000000002081f8       0x40 build/zoul/firefly/obj/tsch.o
 .text.packet_input
                0x0000000000208238       0x40 build/zoul/firefly/obj/tsch.o
 .text.keepalive_send
                0x0000000000208278       0x3c build/zoul/firefly/obj/tsch.o
 .text.turn_on  0x00000000002082b4       0x48 build/zoul/firefly/obj/tsch.o
 .text.tsch_init
                0x00000000002082fc       0xa8 build/zoul/firefly/obj/tsch.o
 .text.convert_slots_to_rate
                0x00000000002083a4       0x24 build/zoul/firefly/obj/tsch.o
                0x00000000002083a4                convert_slots_to_rate
 .text.tsch_set_coordinator
                0x00000000002083c8       0x28 build/zoul/firefly/obj/tsch.o
                0x00000000002083c8                tsch_set_coordinator
 .text.tsch_set_pan_secured
                0x00000000002083f0        0xc build/zoul/firefly/obj/tsch.o
                0x00000000002083f0                tsch_set_pan_secured
 .text.tsch_set_join_priority
                0x00000000002083fc        0xc build/zoul/firefly/obj/tsch.o
                0x00000000002083fc                tsch_set_join_priority
 .text.tsch_set_eb_period
                0x0000000000208408       0x14 build/zoul/firefly/obj/tsch.o
                0x0000000000208408                tsch_set_eb_period
 .text.tsch_schedule_keepalive
                0x000000000020841c       0x20 build/zoul/firefly/obj/tsch.o
                0x000000000020841c                tsch_schedule_keepalive
 .text.tsch_set_ka_timeout
                0x000000000020843c       0x10 build/zoul/firefly/obj/tsch.o
                0x000000000020843c                tsch_set_ka_timeout
 .text.tsch_disassociate
                0x000000000020844c       0x28 build/zoul/firefly/obj/tsch.o
                0x000000000020844c                tsch_disassociate
 .text.process_thread_tsch_pending_events_process
                0x0000000000208474      0x274 build/zoul/firefly/obj/tsch.o
 .text.keepalive_packet_sent
                0x00000000002086e8       0x84 build/zoul/firefly/obj/tsch.o
 .text.tsch_scan
                0x000000000020876c      0x334 build/zoul/firefly/obj/tsch.o
                0x000000000020876c                tsch_scan
 .text.process_thread_tsch_process
                0x0000000000208aa0       0xd0 build/zoul/firefly/obj/tsch.o
 .text.tsch_queue_get_nbr
                0x0000000000208b70       0x34 build/zoul/firefly/obj/tsch-queue.o
                0x0000000000208b70                tsch_queue_get_nbr
 .text.tsch_queue_add_nbr
                0x0000000000208ba4       0x78 build/zoul/firefly/obj/tsch-queue.o
                0x0000000000208ba4                tsch_queue_add_nbr
 .text.tsch_queue_get_time_source
                0x0000000000208c1c       0x28 build/zoul/firefly/obj/tsch-queue.o
                0x0000000000208c1c                tsch_queue_get_time_source
 .text.tsch_queue_update_time_source
                0x0000000000208c44       0x50 build/zoul/firefly/obj/tsch-queue.o
                0x0000000000208c44                tsch_queue_update_time_source
 .text.tsch_queue_add_packet
                0x0000000000208c94       0x7c build/zoul/firefly/obj/tsch-queue.o
                0x0000000000208c94                tsch_queue_add_packet
 .text.tsch_queue_free_packet
                0x0000000000208d10       0x20 build/zoul/firefly/obj/tsch-queue.o
                0x0000000000208d10                tsch_queue_free_packet
 .text.tsch_queue_reset
                0x0000000000208d30       0x30 build/zoul/firefly/obj/tsch-queue.o
                0x0000000000208d30                tsch_queue_reset
 .text.tsch_queue_free_unused_neighbors
                0x0000000000208d60       0x5c build/zoul/firefly/obj/tsch-queue.o
                0x0000000000208d60                tsch_queue_free_unused_neighbors
 .text.tsch_queue_get_unicast_packet_for_any
                0x0000000000208dbc       0x44 build/zoul/firefly/obj/tsch-queue.o
                0x0000000000208dbc                tsch_queue_get_unicast_packet_for_any
 .text.tsch_queue_packet_sent
                0x0000000000208e00       0x5c build/zoul/firefly/obj/tsch-queue.o
                0x0000000000208e00                tsch_queue_packet_sent
 .text.tsch_queue_update_all_backoff_windows
                0x0000000000208e5c       0x50 build/zoul/firefly/obj/tsch-queue.o
                0x0000000000208e5c                tsch_queue_update_all_backoff_windows
 .text.tsch_queue_init
                0x0000000000208eac       0x50 build/zoul/firefly/obj/tsch-queue.o
                0x0000000000208eac                tsch_queue_init
 .text.tsch_schedule_get_slotframe_by_handle
                0x0000000000208efc       0x28 build/zoul/firefly/obj/tsch-schedule.o
                0x0000000000208efc                tsch_schedule_get_slotframe_by_handle
 .text.tsch_schedule_add_slotframe
                0x0000000000208f24       0x64 build/zoul/firefly/obj/tsch-schedule.o
                0x0000000000208f24                tsch_schedule_add_slotframe
 .text.tsch_schedule_remove_link
                0x0000000000208f88       0x78 build/zoul/firefly/obj/tsch-schedule.o
                0x0000000000208f88                tsch_schedule_remove_link
 .text.tsch_schedule_remove_slotframe
                0x0000000000209000       0x50 build/zoul/firefly/obj/tsch-schedule.o
                0x0000000000209000                tsch_schedule_remove_slotframe
 .text.tsch_schedule_remove_all_slotframes
                0x0000000000209050       0x20 build/zoul/firefly/obj/tsch-schedule.o
                0x0000000000209050                tsch_schedule_remove_all_slotframes
 .text.tsch_schedule_get_link_by_timeslot
                0x0000000000209070       0x3c build/zoul/firefly/obj/tsch-schedule.o
                0x0000000000209070                tsch_schedule_get_link_by_timeslot
 .text.tsch_schedule_add_link
                0x00000000002090ac      0x240 build/zoul/firefly/obj/tsch-schedule.o
                0x00000000002090ac                tsch_schedule_add_link
 .text.tsch_schedule_get_next_active_link
                0x00000000002092ec      0x16c build/zoul/firefly/obj/tsch-schedule.o
                0x00000000002092ec                tsch_schedule_get_next_active_link
 .text.tsch_schedule_init
                0x0000000000209458       0x30 build/zoul/firefly/obj/tsch-schedule.o
                0x0000000000209458                tsch_schedule_init
 .text.tsch_schedule_create_minimal
                0x0000000000209488       0x5c build/zoul/firefly/obj/tsch-schedule.o
                0x0000000000209488                tsch_schedule_create_minimal
 .text.tsch_schedule_slotframe_head
                0x00000000002094e4        0xc build/zoul/firefly/obj/tsch-schedule.o
                0x00000000002094e4                tsch_schedule_slotframe_head
 .text.tsch_radio_off.part.0
                0x00000000002094f0        0xc build/zoul/firefly/obj/tsch-slot-operation.o
 .text.tsch_schedule_slot_operation.isra.0
                0x00000000002094fc       0x58 build/zoul/firefly/obj/tsch-slot-operation.o
 .text.tsch_tx_slot.isra.0.constprop.0
                0x0000000000209554      0x43c build/zoul/firefly/obj/tsch-slot-operation.o
 .text.get_packet_and_neighbor_for_link.constprop.0
                0x0000000000209990       0x6c build/zoul/firefly/obj/tsch-slot-operation.o
 .text.tsch_is_locked
                0x00000000002099fc        0xc build/zoul/firefly/obj/tsch-slot-operation.o
                0x00000000002099fc                tsch_is_locked
 .text.tsch_get_lock
                0x0000000000209a08       0x44 build/zoul/firefly/obj/tsch-slot-operation.o
                0x0000000000209a08                tsch_get_lock
 .text.tsch_release_lock
                0x0000000000209a4c        0xc build/zoul/firefly/obj/tsch-slot-operation.o
                0x0000000000209a4c                tsch_release_lock
 .text.tsch_calculate_channel
                0x0000000000209a58       0x40 build/zoul/firefly/obj/tsch-slot-operation.o
                0x0000000000209a58                tsch_calculate_channel
 .text.tsch_slot_operation
                0x0000000000209a98      0x658 build/zoul/firefly/obj/tsch-slot-operation.o
 .text.tsch_get_network_uptime_ticks
                0x000000000020a0f0       0x74 build/zoul/firefly/obj/tsch-slot-operation.o
                0x000000000020a0f0                tsch_get_network_uptime_ticks
 .text.tsch_slot_operation_start
                0x000000000020a164       0x74 build/zoul/firefly/obj/tsch-slot-operation.o
                0x000000000020a164                tsch_slot_operation_start
 .text.tsch_slot_operation_sync
                0x000000000020a1d8       0x50 build/zoul/firefly/obj/tsch-slot-operation.o
                0x000000000020a1d8                tsch_slot_operation_sync
 .text.tsch_packet_eackbuf_attr
                0x000000000020a228        0xc build/zoul/firefly/obj/tsch-packet.o
                0x000000000020a228                tsch_packet_eackbuf_attr
 .text.tsch_packet_create_eack
                0x000000000020a234       0xa0 build/zoul/firefly/obj/tsch-packet.o
                0x000000000020a234                tsch_packet_create_eack
 .text.tsch_packet_parse_eack
                0x000000000020a2d4       0xa8 build/zoul/firefly/obj/tsch-packet.o
                0x000000000020a2d4                tsch_packet_parse_eack
 .text.tsch_packet_create_eb
                0x000000000020a37c      0x178 build/zoul/firefly/obj/tsch-packet.o
                0x000000000020a37c                tsch_packet_create_eb
 .text.tsch_packet_update_eb
                0x000000000020a4f4       0x38 build/zoul/firefly/obj/tsch-packet.o
                0x000000000020a4f4                tsch_packet_update_eb
 .text.tsch_rpl_callback_ka_sent
                0x000000000020a52c       0x20 build/zoul/firefly/obj/tsch-rpl.o
                0x000000000020a52c                tsch_rpl_callback_ka_sent
 .text.tsch_rpl_callback_leaving_network
                0x000000000020a54c       0x1c build/zoul/firefly/obj/tsch-rpl.o
                0x000000000020a54c                tsch_rpl_callback_leaving_network
 .text.tsch_rpl_callback_new_dio_interval
                0x000000000020a568       0x44 build/zoul/firefly/obj/tsch-rpl.o
                0x000000000020a568                tsch_rpl_callback_new_dio_interval
 .text.tsch_rpl_callback_parent_switch
                0x000000000020a5ac       0x24 build/zoul/firefly/obj/tsch-rpl.o
                0x000000000020a5ac                tsch_rpl_callback_parent_switch
 .text.tsch_rpl_check_dodag_joined
                0x000000000020a5d0        0xc build/zoul/firefly/obj/tsch-rpl.o
                0x000000000020a5d0                tsch_rpl_check_dodag_joined
 .text.compensate_internal
                0x000000000020a5dc       0x9c build/zoul/firefly/obj/tsch-adaptive-timesync.o
 .text.tsch_adaptive_timesync_get_drift_ppm
                0x000000000020a678       0x14 build/zoul/firefly/obj/tsch-adaptive-timesync.o
                0x000000000020a678                tsch_adaptive_timesync_get_drift_ppm
 .text.tsch_timesync_adaptive_compensate
                0x000000000020a68c       0x70 build/zoul/firefly/obj/tsch-adaptive-timesync.o
                0x000000000020a68c                tsch_timesync_adaptive_compensate
 .text.tsch_adaptive_timesync_reset
                0x000000000020a6fc       0x2c build/zoul/firefly/obj/tsch-adaptive-timesync.o
                0x000000000020a6fc                tsch_adaptive_timesync_reset
 .text.tsch_timesync_update
                0x000000000020a728       0xf8 build/zoul/firefly/obj/tsch-adaptive-timesync.o
                0x000000000020a728                tsch_timesync_update
 .text.uipbuf_add_ext_hdr
                0x000000000020a820       0x30 build/zoul/firefly/obj/uipbuf.o
                0x000000000020a820                uipbuf_add_ext_hdr
 .text.uipbuf_set_len
                0x000000000020a850       0x14 build/zoul/firefly/obj/uipbuf.o
                0x000000000020a850                uipbuf_set_len
 .text.uipbuf_get_attr
                0x000000000020a864       0x14 build/zoul/firefly/obj/uipbuf.o
                0x000000000020a864                uipbuf_get_attr
 .text.uipbuf_clear_attr
                0x000000000020a878       0x14 build/zoul/firefly/obj/uipbuf.o
                0x000000000020a878                uipbuf_clear_attr
 .text.uipbuf_clear
                0x000000000020a88c       0x20 build/zoul/firefly/obj/uipbuf.o
                0x000000000020a88c                uipbuf_clear
 .text.uipbuf_init
                0x000000000020a8ac       0x20 build/zoul/firefly/obj/uipbuf.o
                0x000000000020a8ac                uipbuf_init
 .text.echo_reply_input
                0x000000000020a8cc       0x6c build/zoul/firefly/obj/uip-icmp6.o
 .text.echo_request_input
                0x000000000020a938       0x9c build/zoul/firefly/obj/uip-icmp6.o
 .text.uip_icmp6_input
                0x000000000020a9d4       0x38 build/zoul/firefly/obj/uip-icmp6.o
                0x000000000020a9d4                uip_icmp6_input
 .text.uip_icmp6_register_input_handler
                0x000000000020aa0c        0xc build/zoul/firefly/obj/uip-icmp6.o
                0x000000000020aa0c                uip_icmp6_register_input_handler
 .text.uip_icmp6_error_output
                0x000000000020aa18      0x13c build/zoul/firefly/obj/uip-icmp6.o
                0x000000000020aa18                uip_icmp6_error_output
 .text.uip_icmp6_send
                0x000000000020ab54       0x8c build/zoul/firefly/obj/uip-icmp6.o
                0x000000000020ab54                uip_icmp6_send
 .text.uip_icmp6_echo_reply_callback_add
                0x000000000020abe0       0x18 build/zoul/firefly/obj/uip-icmp6.o
                0x000000000020abe0                uip_icmp6_echo_reply_callback_add
 .text.uip_icmp6_init
                0x000000000020abf8       0x24 build/zoul/firefly/obj/uip-icmp6.o
                0x000000000020abf8                uip_icmp6_init
 .text.node_matches_address.part.0
                0x000000000020ac1c       0x28 build/zoul/firefly/obj/uip-sr.o
 .text.uip_sr_num_nodes
                0x000000000020ac44        0xc build/zoul/firefly/obj/uip-sr.o
                0x000000000020ac44                uip_sr_num_nodes
 .text.uip_sr_get_node
                0x000000000020ac50       0x38 build/zoul/firefly/obj/uip-sr.o
                0x000000000020ac50                uip_sr_get_node
 .text.uip_sr_is_addr_reachable
                0x000000000020ac88       0x44 build/zoul/firefly/obj/uip-sr.o
                0x000000000020ac88                uip_sr_is_addr_reachable
 .text.uip_sr_update_node
                0x000000000020accc       0xa4 build/zoul/firefly/obj/uip-sr.o
                0x000000000020accc                uip_sr_update_node
 .text.uip_sr_init
                0x000000000020ad70       0x24 build/zoul/firefly/obj/uip-sr.o
                0x000000000020ad70                uip_sr_init
 .text.uip_sr_node_head
                0x000000000020ad94        0xc build/zoul/firefly/obj/uip-sr.o
                0x000000000020ad94                uip_sr_node_head
 .text.uip_sr_periodic
                0x000000000020ada0       0x78 build/zoul/firefly/obj/uip-sr.o
                0x000000000020ada0                uip_sr_periodic
 .text.uip_sr_free_all
                0x000000000020ae18       0x48 build/zoul/firefly/obj/uip-sr.o
                0x000000000020ae18                uip_sr_free_all
 .text.uip_sr_link_snprint
                0x000000000020ae60       0x8c build/zoul/firefly/obj/uip-sr.o
                0x000000000020ae60                uip_sr_link_snprint
 .text.uip_ds6_default_prefix
                0x000000000020aeec        0x8 build/zoul/firefly/obj/uip-ds6.o
                0x000000000020aeec                uip_ds6_default_prefix
 .text.uip_ds6_prefix_add
                0x000000000020aef4       0x60 build/zoul/firefly/obj/uip-ds6.o
                0x000000000020aef4                uip_ds6_prefix_add
 .text.uip_ds6_is_addr_onlink
                0x000000000020af54       0x40 build/zoul/firefly/obj/uip-ds6.o
                0x000000000020af54                uip_ds6_is_addr_onlink
 .text.uip_ds6_addr_lookup
                0x000000000020af94       0x2c build/zoul/firefly/obj/uip-ds6.o
                0x000000000020af94                uip_ds6_addr_lookup
 .text.uip_ds6_get_link_local
                0x000000000020afc0       0x3c build/zoul/firefly/obj/uip-ds6.o
                0x000000000020afc0                uip_ds6_get_link_local
 .text.uip_ds6_maddr_add
                0x000000000020affc       0x4c build/zoul/firefly/obj/uip-ds6.o
                0x000000000020affc                uip_ds6_maddr_add
 .text.uip_ds6_addr_add
                0x000000000020b048       0x98 build/zoul/firefly/obj/uip-ds6.o
                0x000000000020b048                uip_ds6_addr_add
 .text.uip_ds6_maddr_lookup
                0x000000000020b0e0       0x2c build/zoul/firefly/obj/uip-ds6.o
                0x000000000020b0e0                uip_ds6_maddr_lookup
 .text.uip_ds6_addr_rm
                0x000000000020b10c       0x44 build/zoul/firefly/obj/uip-ds6.o
                0x000000000020b10c                uip_ds6_addr_rm
 .text.uip_ds6_periodic
                0x000000000020b150       0x48 build/zoul/firefly/obj/uip-ds6.o
                0x000000000020b150                uip_ds6_periodic
 .text.uip_ds6_select_src
                0x000000000020b198       0x90 build/zoul/firefly/obj/uip-ds6.o
                0x000000000020b198                uip_ds6_select_src
 .text.uip_ds6_compute_reachable_time
                0x000000000020b228       0x2c build/zoul/firefly/obj/uip-ds6.o
                0x000000000020b228                uip_ds6_compute_reachable_time
 .text.uip_ds6_init
                0x000000000020b254      0x11c build/zoul/firefly/obj/uip-ds6.o
                0x000000000020b254                uip_ds6_init
 .text.uiplib_ipaddr_snprint
                0x000000000020b370       0xfc build/zoul/firefly/obj/uiplib.o
                0x000000000020b370                uiplib_ipaddr_snprint
 .text.uip_udp_packet_send
                0x000000000020b46c       0x34 build/zoul/firefly/obj/uip-udp-packet.o
                0x000000000020b46c                uip_udp_packet_send
 .text.uip_ds6_route_init
                0x000000000020b4a0       0x1c build/zoul/firefly/obj/uip-ds6-route.o
                0x000000000020b4a0                uip_ds6_route_init
 .text.uip_ds6_defrt_rm
                0x000000000020b4bc       0x38 build/zoul/firefly/obj/uip-ds6-route.o
                0x000000000020b4bc                uip_ds6_defrt_rm
 .text.uip_ds6_defrt_lookup
                0x000000000020b4f4       0x34 build/zoul/firefly/obj/uip-ds6-route.o
                0x000000000020b4f4                uip_ds6_defrt_lookup
 .text.uip_ds6_defrt_add
                0x000000000020b528       0x60 build/zoul/firefly/obj/uip-ds6-route.o
                0x000000000020b528                uip_ds6_defrt_add
 .text.uip_ds6_defrt_choose
                0x000000000020b588       0x30 build/zoul/firefly/obj/uip-ds6-route.o
                0x000000000020b588                uip_ds6_defrt_choose
 .text.uip_ds6_defrt_periodic
                0x000000000020b5b8       0x3c build/zoul/firefly/obj/uip-ds6-route.o
                0x000000000020b5b8                uip_ds6_defrt_periodic
 .text.tcpip_output
                0x000000000020b5f4       0x2c build/zoul/firefly/obj/tcpip.o
                0x000000000020b5f4                tcpip_output
 .text.udp_new  0x000000000020b620       0x18 build/zoul/firefly/obj/tcpip.o
                0x000000000020b620                udp_new
 .text.tcpip_input
                0x000000000020b638       0x24 build/zoul/firefly/obj/tcpip.o
                0x000000000020b638                tcpip_input
 .text.tcpip_ipv6_output
                0x000000000020b65c       0xf4 build/zoul/firefly/obj/tcpip.o
                0x000000000020b65c                tcpip_ipv6_output
 .text.packet_input
                0x000000000020b750       0x20 build/zoul/firefly/obj/tcpip.o
 .text.process_thread_tcpip_process
                0x000000000020b770       0xc0 build/zoul/firefly/obj/tcpip.o
 .text.tcpip_uipcall
                0x000000000020b830       0x2c build/zoul/firefly/obj/tcpip.o
                0x000000000020b830                tcpip_uipcall
 .text.upper_layer_chksum
                0x000000000020b85c       0x54 build/zoul/firefly/obj/uip6.o
 .text.ext_hdr_options_process
                0x000000000020b8b0       0x78 build/zoul/firefly/obj/uip6.o
 .text.uip_update_ttl
                0x000000000020b928       0x24 build/zoul/firefly/obj/uip6.o
 .text.uip_init
                0x000000000020b94c       0x44 build/zoul/firefly/obj/uip6.o
                0x000000000020b94c                uip_init
 .text.uip_remove_ext_hdr
                0x000000000020b990       0x6c build/zoul/firefly/obj/uip6.o
                0x000000000020b990                uip_remove_ext_hdr
 .text.uip_udp_new
                0x000000000020b9fc       0x94 build/zoul/firefly/obj/uip6.o
                0x000000000020b9fc                uip_udp_new
 .text.uip_process
                0x000000000020ba90      0x408 build/zoul/firefly/obj/uip6.o
                0x000000000020ba90                uip_process
 .text.uip_htonl
                0x000000000020be98       0x1c build/zoul/firefly/obj/uip6.o
                0x000000000020be98                uip_htonl
 .text.uip_ds6_nbr_rm
                0x000000000020beb4       0x24 build/zoul/firefly/obj/uip-ds6-nbr.o
                0x000000000020beb4                uip_ds6_nbr_rm
 .text.uip_ds6_neighbors_init
                0x000000000020bed8       0x1c build/zoul/firefly/obj/uip-ds6-nbr.o
                0x000000000020bed8                uip_ds6_neighbors_init
 .text.uip_ds6_nbr_add
                0x000000000020bef4       0x40 build/zoul/firefly/obj/uip-ds6-nbr.o
                0x000000000020bef4                uip_ds6_nbr_add
 .text.uip_ds6_nbr_get_ll
                0x000000000020bf34        0xc build/zoul/firefly/obj/uip-ds6-nbr.o
                0x000000000020bf34                uip_ds6_nbr_get_ll
 .text.uip_ds6_nbr_head
                0x000000000020bf40        0xc build/zoul/firefly/obj/uip-ds6-nbr.o
                0x000000000020bf40                uip_ds6_nbr_head
 .text.uip_ds6_nbr_next
                0x000000000020bf4c        0xc build/zoul/firefly/obj/uip-ds6-nbr.o
                0x000000000020bf4c                uip_ds6_nbr_next
 .text.uip_ds6_nbr_ll_lookup
                0x000000000020bf58        0xc build/zoul/firefly/obj/uip-ds6-nbr.o
                0x000000000020bf58                uip_ds6_nbr_ll_lookup
 .text.ns_input
                0x000000000020bf64      0x27c build/zoul/firefly/obj/uip-nd6.o
 .text.uip_nd6_init
                0x000000000020c1e0        0xc build/zoul/firefly/obj/uip-nd6.o
                0x000000000020c1e0                uip_nd6_init
 .text.process_thread_simple_udp_process
                0x000000000020c1ec       0xb8 build/zoul/firefly/obj/simple-udp.o
 .text.simple_udp_register
                0x000000000020c2a4       0x88 build/zoul/firefly/obj/simple-udp.o
                0x000000000020c2a4                simple_udp_register
 .text.sicslowpan_init
                0x000000000020c32c       0x18 build/zoul/firefly/obj/sicslowpan.o
                0x000000000020c32c                sicslowpan_init
 .text.set_packet_attrs
                0x000000000020c344       0x58 build/zoul/firefly/obj/sicslowpan.o
 .text.compress_addr_64
                0x000000000020c39c       0x90 build/zoul/firefly/obj/sicslowpan.o
 .text.addr_context_lookup_by_prefix
                0x000000000020c42c       0x24 build/zoul/firefly/obj/sicslowpan.o
 .text.output   0x000000000020c450      0x628 build/zoul/firefly/obj/sicslowpan.o
 .text.packet_sent
                0x000000000020ca78       0x54 build/zoul/firefly/obj/sicslowpan.o
 .text.uncompress_addr
                0x000000000020cacc       0x70 build/zoul/firefly/obj/sicslowpan.o
 .text.input    0x000000000020cb3c      0x504 build/zoul/firefly/obj/sicslowpan.o
 .text.update_state
                0x000000000020d040       0x74 build/zoul/firefly/obj/rpl-nbr-policy.o
 .text.rpl_nbr_policy_find_removable
                0x000000000020d0b4       0x50 build/zoul/firefly/obj/rpl-nbr-policy.o
                0x000000000020d0b4                rpl_nbr_policy_find_removable
 .text.remove_neighbor
                0x000000000020d104       0x3c build/zoul/firefly/obj/rpl-neighbor.o
 .text.rpl_neighbor_count
                0x000000000020d140       0x2c build/zoul/firefly/obj/rpl-neighbor.o
                0x000000000020d140                rpl_neighbor_count
 .text.rpl_neighbor_get_from_lladdr
                0x000000000020d16c       0x10 build/zoul/firefly/obj/rpl-neighbor.o
                0x000000000020d16c                rpl_neighbor_get_from_lladdr
 .text.rpl_neighbor_is_acceptable_parent
                0x000000000020d17c       0x24 build/zoul/firefly/obj/rpl-neighbor.o
                0x000000000020d17c                rpl_neighbor_is_acceptable_parent
 .text.rpl_neighbor_get_link_metric
                0x000000000020d1a0       0x18 build/zoul/firefly/obj/rpl-neighbor.o
                0x000000000020d1a0                rpl_neighbor_get_link_metric
 .text.rpl_neighbor_rank_via_nbr
                0x000000000020d1b8       0x18 build/zoul/firefly/obj/rpl-neighbor.o
                0x000000000020d1b8                rpl_neighbor_rank_via_nbr
 .text.rpl_neighbor_get_lladdr
                0x000000000020d1d0       0x10 build/zoul/firefly/obj/rpl-neighbor.o
                0x000000000020d1d0                rpl_neighbor_get_lladdr
 .text.best_parent
                0x000000000020d1e0       0x84 build/zoul/firefly/obj/rpl-neighbor.o
 .text.rpl_neighbor_snprint
                0x000000000020d264      0x180 build/zoul/firefly/obj/rpl-neighbor.o
                0x000000000020d264                rpl_neighbor_snprint
 .text.rpl_neighbor_is_parent
                0x000000000020d3e4       0x18 build/zoul/firefly/obj/rpl-neighbor.o
                0x000000000020d3e4                rpl_neighbor_is_parent
 .text.rpl_neighbor_set_preferred_parent
                0x000000000020d3fc       0x5c build/zoul/firefly/obj/rpl-neighbor.o
                0x000000000020d3fc                rpl_neighbor_set_preferred_parent
 .text.rpl_neighbor_remove_all
                0x000000000020d458       0x30 build/zoul/firefly/obj/rpl-neighbor.o
                0x000000000020d458                rpl_neighbor_remove_all
 .text.rpl_neighbor_get_from_ipaddr
                0x000000000020d488       0x1c build/zoul/firefly/obj/rpl-neighbor.o
                0x000000000020d488                rpl_neighbor_get_from_ipaddr
 .text.rpl_neighbor_select_best
                0x000000000020d4a4       0x54 build/zoul/firefly/obj/rpl-neighbor.o
                0x000000000020d4a4                rpl_neighbor_select_best
 .text.rpl_neighbor_init
                0x000000000020d4f8       0x1c build/zoul/firefly/obj/rpl-neighbor.o
                0x000000000020d4f8                rpl_neighbor_init
 .text.init_dag
                0x000000000020d514       0x74 build/zoul/firefly/obj/rpl-dag.o
 .text.process_dio_init_dag
                0x000000000020d588       0x88 build/zoul/firefly/obj/rpl-dag.o
 .text.rpl_dag_get_root_ipaddr
                0x000000000020d610       0x30 build/zoul/firefly/obj/rpl-dag.o
                0x000000000020d610                rpl_dag_get_root_ipaddr
 .text.rpl_dag_leave
                0x000000000020d640       0x50 build/zoul/firefly/obj/rpl-dag.o
                0x000000000020d640                rpl_dag_leave
 .text.rpl_dag_poison_and_leave
                0x000000000020d690       0x10 build/zoul/firefly/obj/rpl-dag.o
                0x000000000020d690                rpl_dag_poison_and_leave
 .text.rpl_dag_periodic
                0x000000000020d6a0       0x44 build/zoul/firefly/obj/rpl-dag.o
                0x000000000020d6a0                rpl_dag_periodic
 .text.rpl_is_addr_in_our_dag
                0x000000000020d6e4       0x24 build/zoul/firefly/obj/rpl-dag.o
                0x000000000020d6e4                rpl_is_addr_in_our_dag
 .text.rpl_refresh_routes
                0x000000000020d708       0x20 build/zoul/firefly/obj/rpl-dag.o
                0x000000000020d708                rpl_refresh_routes
 .text.rpl_local_repair
                0x000000000020d728       0x34 build/zoul/firefly/obj/rpl-dag.o
                0x000000000020d728                rpl_local_repair
 .text.rpl_global_repair
                0x000000000020d75c       0x38 build/zoul/firefly/obj/rpl-dag.o
                0x000000000020d75c                rpl_global_repair
 .text.rpl_dag_ready_to_advertise
                0x000000000020d794       0x24 build/zoul/firefly/obj/rpl-dag.o
                0x000000000020d794                rpl_dag_ready_to_advertise
 .text.rpl_dag_update_state
                0x000000000020d7b8      0x12c build/zoul/firefly/obj/rpl-dag.o
                0x000000000020d7b8                rpl_dag_update_state
 .text.rpl_process_dio
                0x000000000020d8e4      0x170 build/zoul/firefly/obj/rpl-dag.o
                0x000000000020d8e4                rpl_process_dio
 .text.rpl_process_dis
                0x000000000020da54       0x2c build/zoul/firefly/obj/rpl-dag.o
                0x000000000020da54                rpl_process_dis
 .text.rpl_process_dao
                0x000000000020da80       0x4c build/zoul/firefly/obj/rpl-dag.o
                0x000000000020da80                rpl_process_dao
 .text.rpl_process_dao_ack
                0x000000000020dacc       0x50 build/zoul/firefly/obj/rpl-dag.o
                0x000000000020dacc                rpl_process_dao_ack
 .text.rpl_dag_init_root
                0x000000000020db1c       0xa0 build/zoul/firefly/obj/rpl-dag.o
                0x000000000020db1c                rpl_dag_init_root
 .text.rpl_dag_init
                0x000000000020dbbc       0x10 build/zoul/firefly/obj/rpl-dag.o
                0x000000000020dbbc                rpl_dag_init
 .text.schedule_dao_retransmission
                0x000000000020dbcc       0x30 build/zoul/firefly/obj/rpl-timers.o
 .text.new_dio_interval
                0x000000000020dbfc       0x68 build/zoul/firefly/obj/rpl-timers.o
 .text.handle_unicast_dio_timer
                0x000000000020dc64       0x1c build/zoul/firefly/obj/rpl-timers.o
 .text.send_new_dao
                0x000000000020dc80       0x34 build/zoul/firefly/obj/rpl-timers.o
 .text.resend_dao
                0x000000000020dcb4       0x38 build/zoul/firefly/obj/rpl-timers.o
 .text.handle_dao_ack_timer
                0x000000000020dcec       0x14 build/zoul/firefly/obj/rpl-timers.o
 .text.handle_leaving_timer
                0x000000000020dd00       0x10 build/zoul/firefly/obj/rpl-timers.o
 .text.handle_dio_timer
                0x000000000020dd10       0x70 build/zoul/firefly/obj/rpl-timers.o
 .text.rpl_timers_schedule_periodic_dis
                0x000000000020dd80       0x38 build/zoul/firefly/obj/rpl-timers.o
                0x000000000020dd80                rpl_timers_schedule_periodic_dis
 .text.handle_dis_timer
                0x000000000020ddb8       0x34 build/zoul/firefly/obj/rpl-timers.o
 .text.handle_periodic_timer
                0x000000000020ddec       0x48 build/zoul/firefly/obj/rpl-timers.o
 .text.rpl_timers_dio_reset
                0x000000000020de34       0x34 build/zoul/firefly/obj/rpl-timers.o
                0x000000000020de34                rpl_timers_dio_reset
 .text.rpl_timers_schedule_unicast_dio
                0x000000000020de68       0x28 build/zoul/firefly/obj/rpl-timers.o
                0x000000000020de68                rpl_timers_schedule_unicast_dio
 .text.rpl_timers_schedule_dao
                0x000000000020de90       0x34 build/zoul/firefly/obj/rpl-timers.o
                0x000000000020de90                rpl_timers_schedule_dao
 .text.rpl_timers_schedule_dao_ack
                0x000000000020dec4       0x48 build/zoul/firefly/obj/rpl-timers.o
                0x000000000020dec4                rpl_timers_schedule_dao_ack
 .text.rpl_timers_notify_dao_ack
                0x000000000020df0c       0x50 build/zoul/firefly/obj/rpl-timers.o
                0x000000000020df0c                rpl_timers_notify_dao_ack
 .text.get_probing_target
                0x000000000020df5c       0xb0 build/zoul/firefly/obj/rpl-timers.o
                0x000000000020df5c                get_probing_target
 .text.rpl_schedule_probing
                0x000000000020e00c       0x28 build/zoul/firefly/obj/rpl-timers.o
                0x000000000020e00c                rpl_schedule_probing
 .text.rpl_schedule_probing_now
                0x000000000020e034       0x2c build/zoul/firefly/obj/rpl-timers.o
                0x000000000020e034                rpl_schedule_probing_now
 .text.rpl_timers_unschedule_leaving
                0x000000000020e060       0x24 build/zoul/firefly/obj/rpl-timers.o
                0x000000000020e060                rpl_timers_unschedule_leaving
 .text.rpl_timers_schedule_leaving
                0x000000000020e084       0x30 build/zoul/firefly/obj/rpl-timers.o
                0x000000000020e084                rpl_timers_schedule_leaving
 .text.rpl_timers_init
                0x000000000020e0b4       0x20 build/zoul/firefly/obj/rpl-timers.o
                0x000000000020e0b4                rpl_timers_init
 .text.rpl_timers_stop_dag_timers
                0x000000000020e0d4       0x44 build/zoul/firefly/obj/rpl-timers.o
                0x000000000020e0d4                rpl_timers_stop_dag_timers
 .text.rpl_timers_unschedule_state_update
                0x000000000020e118       0x14 build/zoul/firefly/obj/rpl-timers.o
                0x000000000020e118                rpl_timers_unschedule_state_update
 .text.rpl_timers_schedule_state_update
                0x000000000020e12c       0x1c build/zoul/firefly/obj/rpl-timers.o
                0x000000000020e12c                rpl_timers_schedule_state_update
 .text.update_hbh_header
                0x000000000020e148       0x54 build/zoul/firefly/obj/rpl-ext-header.o
 .text.rpl_ext_header_srh_get_next_hop
                0x000000000020e19c       0x84 build/zoul/firefly/obj/rpl-ext-header.o
                0x000000000020e19c                rpl_ext_header_srh_get_next_hop
 .text.rpl_ext_header_srh_update
                0x000000000020e220       0xb0 build/zoul/firefly/obj/rpl-ext-header.o
                0x000000000020e220                rpl_ext_header_srh_update
 .text.rpl_ext_header_hbh_update
                0x000000000020e2d0       0x84 build/zoul/firefly/obj/rpl-ext-header.o
                0x000000000020e2d0                rpl_ext_header_hbh_update
 .text.rpl_ext_header_remove
                0x000000000020e354       0xb0 build/zoul/firefly/obj/rpl-ext-header.o
                0x000000000020e354                rpl_ext_header_remove
 .text.rpl_ext_header_update
                0x000000000020e404      0x23c build/zoul/firefly/obj/rpl-ext-header.o
                0x000000000020e404                rpl_ext_header_update
 .text.rpl_has_joined
                0x000000000020e640       0x18 build/zoul/firefly/obj/rpl.o
                0x000000000020e640                rpl_has_joined
 .text.rpl_is_reachable
                0x000000000020e658       0x18 build/zoul/firefly/obj/rpl.o
                0x000000000020e658                rpl_is_reachable
 .text.rpl_get_leaf_only
                0x000000000020e670        0xc build/zoul/firefly/obj/rpl.o
                0x000000000020e670                rpl_get_leaf_only
 .text.set_ip_from_prefix
                0x000000000020e67c       0x2c build/zoul/firefly/obj/rpl.o
 .text.init     0x000000000020e6a8       0x40 build/zoul/firefly/obj/rpl.o
 .text.rpl_link_callback
                0x000000000020e6e8       0x2c build/zoul/firefly/obj/rpl.o
                0x000000000020e6e8                rpl_link_callback
 .text.get_sr_node_ipaddr
                0x000000000020e714       0x2c build/zoul/firefly/obj/rpl.o
 .text.rpl_get_global_address
                0x000000000020e740       0x68 build/zoul/firefly/obj/rpl.o
                0x000000000020e740                rpl_get_global_address
 .text.rpl_reset_prefix
                0x000000000020e7a8       0x28 build/zoul/firefly/obj/rpl.o
                0x000000000020e7a8                rpl_reset_prefix
 .text.rpl_set_prefix_from_addr
                0x000000000020e7d0       0x68 build/zoul/firefly/obj/rpl.o
                0x000000000020e7d0                rpl_set_prefix_from_addr
 .text.update_metric_container
                0x000000000020e838        0xc build/zoul/firefly/obj/rpl-mrhof.o
 .text.within_hysteresis
                0x000000000020e844       0x3c build/zoul/firefly/obj/rpl-mrhof.o
 .text.rank_via_nbr
                0x000000000020e880       0x30 build/zoul/firefly/obj/rpl-mrhof.o
 .text.best_parent
                0x000000000020e8b0       0x68 build/zoul/firefly/obj/rpl-mrhof.o
 .text.dao_ack_input
                0x000000000020e918       0x38 build/zoul/firefly/obj/rpl-icmp6.o
 .text.dao_input
                0x000000000020e950      0x138 build/zoul/firefly/obj/rpl-icmp6.o
 .text.dio_input
                0x000000000020ea88      0x21c build/zoul/firefly/obj/rpl-icmp6.o
 .text.dis_input
                0x000000000020eca4       0x2c build/zoul/firefly/obj/rpl-icmp6.o
 .text.rpl_icmp6_dis_output
                0x000000000020ecd0       0x38 build/zoul/firefly/obj/rpl-icmp6.o
                0x000000000020ecd0                rpl_icmp6_dis_output
 .text.rpl_icmp6_dio_output
                0x000000000020ed08      0x1d8 build/zoul/firefly/obj/rpl-icmp6.o
                0x000000000020ed08                rpl_icmp6_dio_output
 .text.rpl_icmp6_dao_output
                0x000000000020eee0       0xc4 build/zoul/firefly/obj/rpl-icmp6.o
                0x000000000020eee0                rpl_icmp6_dao_output
 .text.rpl_icmp6_dao_ack_output
                0x000000000020efa4       0x40 build/zoul/firefly/obj/rpl-icmp6.o
                0x000000000020efa4                rpl_icmp6_dao_ack_output
 .text.rpl_icmp6_init
                0x000000000020efe4       0x30 build/zoul/firefly/obj/rpl-icmp6.o
                0x000000000020efe4                rpl_icmp6_init
 .text.rpl_dag_root_set_prefix
                0x000000000020f014       0x68 build/zoul/firefly/obj/rpl-dag-root.o
                0x000000000020f014                rpl_dag_root_set_prefix
 .text.rpl_dag_root_start
                0x000000000020f07c       0x68 build/zoul/firefly/obj/rpl-dag-root.o
                0x000000000020f07c                rpl_dag_root_start
 .text.rpl_dag_root_is_root
                0x000000000020f0e4       0x18 build/zoul/firefly/obj/rpl-dag-root.o
                0x000000000020f0e4                rpl_dag_root_is_root
 .text.process_thread_udp_client_process
                0x000000000020f0fc      0x138 udp-client.o
 .text          0x000000000020f234      0x21c /usr/lib/gcc/arm-none-eabi/9.2.1/thumb/v7-m/nofp/libgcc.a(_arm_addsubsf3.o)
                0x000000000020f234                __aeabi_frsub
                0x000000000020f23c                __subsf3
                0x000000000020f23c                __aeabi_fsub
                0x000000000020f240                __aeabi_fadd
                0x000000000020f240                __addsf3
                0x000000000020f3a0                __aeabi_ui2f
                0x000000000020f3a0                __floatunsisf
                0x000000000020f3a8                __aeabi_i2f
                0x000000000020f3a8                __floatsisf
                0x000000000020f3c4                __floatundisf
                0x000000000020f3c4                __aeabi_ul2f
                0x000000000020f3d4                __floatdisf
                0x000000000020f3d4                __aeabi_l2f
 .text          0x000000000020f450       0xec /usr/lib/gcc/arm-none-eabi/9.2.1/thumb/v7-m/nofp/libgcc.a(_arm_cmpsf2.o)
                0x000000000020f450                __gtsf2
                0x000000000020f450                __gesf2
                0x000000000020f458                __lesf2
                0x000000000020f458                __ltsf2
                0x000000000020f460                __nesf2
                0x000000000020f460                __eqsf2
                0x000000000020f460                __cmpsf2
                0x000000000020f4c0                __aeabi_cfrcmple
                0x000000000020f4c8                __aeabi_cfcmple
                0x000000000020f4c8                __aeabi_cfcmpeq
                0x000000000020f4d8                __aeabi_fcmpeq
                0x000000000020f4ec                __aeabi_fcmplt
                0x000000000020f500                __aeabi_fcmple
                0x000000000020f514                __aeabi_fcmpge
                0x000000000020f528                __aeabi_fcmpgt
 .text          0x000000000020f53c       0xa0 /usr/lib/gcc/arm-none-eabi/9.2.1/thumb/v7-m/nofp/libgcc.a(_aeabi_ldivmod.o)
                0x000000000020f53c                __aeabi_ldivmod
 .text          0x000000000020f5dc       0x30 /usr/lib/gcc/arm-none-eabi/9.2.1/thumb/v7-m/nofp/libgcc.a(_aeabi_uldivmod.o)
                0x000000000020f5dc                __aeabi_uldivmod
 .text          0x000000000020f60c      0x2c4 /usr/lib/gcc/arm-none-eabi/9.2.1/thumb/v7-m/nofp/libgcc.a(_udivmoddi4.o)
                0x000000000020f60c                __udivmoddi4
 .text          0x000000000020f8d0        0x4 /usr/lib/gcc/arm-none-eabi/9.2.1/thumb/v7-m/nofp/libgcc.a(_dvmd_tls.o)
                0x000000000020f8d0                __aeabi_ldiv0
                0x000000000020f8d0                __aeabi_idiv0
 .text          0x000000000020f8d4       0x60 /usr/lib/gcc/arm-none-eabi/9.2.1/../../../arm-none-eabi/lib/thumb/v7-m/nofp/libc.a(lib_a-memcmp.o)
                0x000000000020f8d4                memcmp
 .text          0x000000000020f934       0xec /usr/lib/gcc/arm-none-eabi/9.2.1/../../../arm-none-eabi/lib/thumb/v7-m/nofp/libc.a(lib_a-memcpy.o)
                0x000000000020f934                memcpy
 .text          0x000000000020fa20       0xcc /usr/lib/gcc/arm-none-eabi/9.2.1/../../../arm-none-eabi/lib/thumb/v7-m/nofp/libc.a(lib_a-memmove.o)
                0x000000000020fa20                memmove
 .text          0x000000000020faec       0xa0 /usr/lib/gcc/arm-none-eabi/9.2.1/../../../arm-none-eabi/lib/thumb/v7-m/nofp/libc.a(lib_a-memset.o)
                0x000000000020faec                memset
 .text          0x000000000020fb8c       0x40 /usr/lib/gcc/arm-none-eabi/9.2.1/../../../arm-none-eabi/lib/thumb/v7-m/nofp/libc.a(lib_a-strcat.o)
                0x000000000020fb8c                strcat
 .text          0x000000000020fbcc       0xc8 /usr/lib/gcc/arm-none-eabi/9.2.1/../../../arm-none-eabi/lib/thumb/v7-m/nofp/libc.a(lib_a-strchr.o)
                0x000000000020fbcc                strchr
 .text          0x000000000020fc94      0x1bc /usr/lib/gcc/arm-none-eabi/9.2.1/../../../arm-none-eabi/lib/thumb/v7-m/nofp/libc.a(lib_a-strcmp.o)
                0x000000000020fc94                strcmp
 .text          0x000000000020fe50       0xbc /usr/lib/gcc/arm-none-eabi/9.2.1/../../../arm-none-eabi/lib/thumb/v7-m/nofp/libc.a(lib_a-strcpy.o)
                0x000000000020fe50                strcpy
 .text          0x000000000020ff0c       0x5c /usr/lib/gcc/arm-none-eabi/9.2.1/../../../arm-none-eabi/lib/thumb/v7-m/nofp/libc.a(lib_a-strlen-stub.o)
                0x000000000020ff0c                strlen
 .text          0x000000000020ff68      0x164 /usr/lib/gcc/arm-none-eabi/9.2.1/../../../arm-none-eabi/lib/thumb/v7-m/nofp/libc.a(lib_a-strtol.o)
                0x00000000002100a0                _strtol_r
                0x00000000002100a4                strtol_l
                0x00000000002100b8                strtol
 .text          0x00000000002100cc        0xc /usr/lib/gcc/arm-none-eabi/9.2.1/../../../arm-none-eabi/lib/thumb/v7-m/nofp/libc.a(lib_a-errno.o)
                0x00000000002100cc                __errno
 .text.default_handler
                0x00000000002100d8        0x2 build/zoul/firefly/obj/startup-gcc.o
                0x00000000002100d8                default_handler
 .text.nmi_handler
                0x00000000002100da        0x6 build/zoul/firefly/obj/startup-gcc.o
                0x00000000002100da                nmi_handler
 .text.fade     0x00000000002100e0       0x58 build/zoul/firefly/obj/platform.o
 .text.platform_init_stage_one
                0x0000000000210138       0x14 build/zoul/firefly/obj/platform.o
                0x0000000000210138                platform_init_stage_one
 .text.platform_idle
                0x000000000021014c        0x4 build/zoul/firefly/obj/platform.o
                0x000000000021014c                platform_idle
 .text.board_init
                0x0000000000210150        0x2 build/zoul/firefly/obj/board.o
                0x0000000000210150                board_init
 .text.soc_init
                0x0000000000210152       0x22 build/zoul/firefly/obj/soc.o
                0x0000000000210152                soc_init
 .text.clock_isr
                0x0000000000210174        0x4 build/zoul/firefly/obj/clock.o
                0x0000000000210174                clock_isr
 .text.rtimer_arch_init
                0x0000000000210178        0x2 build/zoul/firefly/obj/rtimer-arch.o
                0x0000000000210178                rtimer_arch_init
 .text.uart0_isr
                0x000000000021017a        0x6 build/zoul/firefly/obj/uart.o
                0x000000000021017a                uart0_isr
 .text.uart1_isr
                0x0000000000210180        0x6 build/zoul/firefly/obj/uart.o
                0x0000000000210180                uart1_isr
 .text.gpio_port_a_isr
                0x0000000000210186        0x6 build/zoul/firefly/obj/gpio.o
                0x0000000000210186                gpio_port_a_isr
 .text.gpio_port_b_isr
                0x000000000021018c        0x6 build/zoul/firefly/obj/gpio.o
                0x000000000021018c                gpio_port_b_isr
 .text.gpio_port_c_isr
                0x0000000000210192        0x6 build/zoul/firefly/obj/gpio.o
                0x0000000000210192                gpio_port_c_isr
 .text.gpio_port_d_isr
                0x0000000000210198        0x6 build/zoul/firefly/obj/gpio.o