Archive member included because of file (symbol)

build/z1/contiki-ng-z1.a(uart0-putchar.o)
                              build/z1/obj/contiki-main.o (putchar)
build/z1/contiki-ng-z1.a(platform.o)
                              build/z1/obj/contiki-main.o (platform_init_stage_one)
build/z1/contiki-ng-z1.a(msp430.o)
                              build/z1/contiki-ng-z1.a(platform.o) (msp430_dco_required)
build/z1/contiki-ng-z1.a(clock.o)
                              build/z1/obj/contiki-main.o (clock_init)
build/z1/contiki-ng-z1.a(watchdog.o)
                              build/z1/obj/contiki-main.o (watchdog_start)
build/z1/contiki-ng-z1.a(serial-shell.o)
                              build/z1/obj/contiki-main.o (serial_shell_init)
build/z1/contiki-ng-z1.a(autostart.o)
                              build/z1/obj/contiki-main.o (autostart_start)
build/z1/contiki-ng-z1.a(ctimer.o)
                              build/z1/obj/contiki-main.o (ctimer_init)
build/z1/contiki-ng-z1.a(energest.o)
                              build/z1/obj/contiki-main.o (energest_init)
build/z1/contiki-ng-z1.a(etimer.o)
                              build/z1/contiki-ng-z1.a(clock.o) (etimer_request_poll)
build/z1/contiki-ng-z1.a(log.o)
                              build/z1/obj/contiki-main.o (log_6addr)
build/z1/contiki-ng-z1.a(rtimer.o)
                              build/z1/obj/contiki-main.o (rtimer_init)
build/z1/contiki-ng-z1.a(node-id.o)
                              build/z1/obj/contiki-main.o (node_id_init)
build/z1/contiki-ng-z1.a(process.o)
                              build/z1/contiki-ng-z1.a(ctimer.o) (process_current)
build/z1/contiki-ng-z1.a(timer.o)
                              build/z1/contiki-ng-z1.a(etimer.o) (timer_set)
build/z1/contiki-ng-z1.a(stack-check.o)
                              build/z1/obj/contiki-main.o (stack_check_init)
build/z1/contiki-ng-z1.a(list.o)
                              build/z1/contiki-ng-z1.a(ctimer.o) (list_init)
build/z1/contiki-ng-z1.a(random.o)
                              build/z1/contiki-ng-z1.a(platform.o) (random_init)
build/z1/contiki-ng-z1.a(serial-line.o)
                              build/z1/contiki-ng-z1.a(serial-shell.o) (serial_line_event_message)
build/z1/contiki-ng-z1.a(queuebuf.o)
                              build/z1/obj/contiki-main.o (queuebuf_init)
build/z1/contiki-ng-z1.a(packetbuf.o)
                              build/z1/contiki-ng-z1.a(queuebuf.o) (packetbuf_copyto)
build/z1/contiki-ng-z1.a(netstack.o)
                              build/z1/obj/contiki-main.o (netstack_init)
build/z1/contiki-ng-z1.a(linkaddr.o)
                              build/z1/contiki-ng-z1.a(platform.o) (linkaddr_copy)
build/z1/contiki-ng-z1.a(tsch.o)
                              udp-server.o (tschmac_driver)
build/z1/contiki-ng-z1.a(tsch-queue.o)
                              build/z1/contiki-ng-z1.a(tsch.o) (tsch_queue_get_nbr)
build/z1/contiki-ng-z1.a(tsch-schedule.o)
                              build/z1/contiki-ng-z1.a(tsch.o) (tsch_schedule_get_slotframe_by_handle)
build/z1/contiki-ng-z1.a(tsch-slot-opera)
                              build/z1/contiki-ng-z1.a(tsch.o) (dequeued_ringbuf)
build/z1/contiki-ng-z1.a(tsch-packet.o)
                              build/z1/contiki-ng-z1.a(tsch-slot-opera) (tsch_packet_create_eack)
build/z1/contiki-ng-z1.a(tsch-security.o)
                              build/z1/contiki-ng-z1.a(tsch.o) (tsch_security_set_packetbuf_attr)
build/z1/contiki-ng-z1.a(tsch-rpl.o)
                              build/z1/contiki-ng-z1.a(tsch.o) (tsch_rpl_callback_ka_sent)
build/z1/contiki-ng-z1.a(tsch-adaptive-t)
                              build/z1/contiki-ng-z1.a(tsch-slot-opera) (tsch_timesync_adaptive_compensate)
build/z1/contiki-ng-z1.a(uip-ds6.o)
                              build/z1/obj/contiki-main.o (uip_ds6_get_link_local)
build/z1/contiki-ng-z1.a(uiplib.o)
                              build/z1/contiki-ng-z1.a(log.o) (uiplib_ipaddr_snprint)
build/z1/contiki-ng-z1.a(uip-ds6-route.o)
                              build/z1/contiki-ng-z1.a(uip-ds6.o) (uip_ds6_route_init)
build/z1/contiki-ng-z1.a(tcpip.o)
                              build/z1/obj/contiki-main.o (tcpip_process)
build/z1/contiki-ng-z1.a(uip6.o)
                              build/z1/contiki-ng-z1.a(tcpip.o) (uip_aligned_buf)
build/z1/contiki-ng-z1.a(uip-ds6-nbr.o)
                              build/z1/contiki-ng-z1.a(uip-ds6.o) (uip_ds6_neighbors_init)
build/z1/contiki-ng-z1.a(uip-nd6.o)
                              build/z1/contiki-ng-z1.a(uip6.o) (uip_nd6_init)
build/z1/contiki-ng-z1.a(simple-udp.o)
                              udp-server.o (simple_udp_register)
build/z1/contiki-ng-z1.a(sicslowpan.o)
                              build/z1/obj/contiki-main.o (sicslowpan_driver)
build/z1/contiki-ng-z1.a(rpl-neighbor.o)
                              build/z1/contiki-ng-z1.a(tsch-rpl.o) (rpl_neighbor_get_ipaddr)
build/z1/contiki-ng-z1.a(rpl-dag.o)
[...]
Memory Configuration

Name             Origin             Length             Attributes
sfr              0x0000000000000000 0x0000000000000010
peripheral_8bit  0x0000000000000010 0x00000000000000f0
peripheral_16bit 0x0000000000000100 0x0000000000000100
ram_mirror       0x0000000000000200 0x0000000000000800 xw
infomem          0x0000000000001000 0x0000000000000100
infod            0x0000000000001000 0x0000000000000040
infoc            0x0000000000001040 0x0000000000000040
infob            0x0000000000001080 0x0000000000000040
infoa            0x00000000000010c0 0x0000000000000040
ram              0x0000000000001100 0x0000000000002000 xw
rom              0x0000000000003100 0x000000000000cebe xr
vectors          0x000000000000ffc0 0x0000000000000040
far_rom          0x0000000000010000 0x000000000000a000
bsl              0x0000000000000000 0x0000000000000000
ram2             0x0000000000000000 0x0000000000000000 xw
usbram           0x0000000000000000 0x0000000000000000 xw
*default*        0x0000000000000000 0xffffffffffffffff

Linker script and memory map

LOAD /opt/compiler/mspgcc-4.7.3/bin/../lib/gcc/msp430/4.7.3/mcpu-430x/mmpy-16/msr20/mc20/crt0ivtbl32.o
                0x0000000000000041                __P1SEL2 = 0x41
                0x0000000000000045                __P5SEL2 = 0x45
                0x0000000000002c3e                _stack = _end
LOAD udp-server.o
LOAD build/z1/obj/contiki-main.o
LOAD build/z1/contiki-ng-z1.a
LOAD /opt/compiler/mspgcc-4.7.3/bin/../lib/gcc/msp430/4.7.3/mcpu-430x/mmpy-16/msr20/mc20/libgcc.a
LOAD /opt/compiler/mspgcc-4.7.3/bin/../lib/gcc/msp430/4.7.3/../../../../msp430/lib/mcpu-430x/mmpy-16/msr20/mc20/libc.a
LOAD /opt/compiler/mspgcc-4.7.3/bin/../lib/gcc/msp430/4.7.3/mcpu-430x/mmpy-16/msr20/mc20/libgcc.a
LOAD /opt/compiler/mspgcc-4.7.3/bin/../lib/gcc/msp430/4.7.3/mcpu-430x/mmpy-16/msr20/mc20/libcrt0.a
                0x0000000000000040                PROVIDE (__info_segment_size, 0x40)
                0x0000000000001000                PROVIDE (__infod, 0x1000)
                0x0000000000001040                PROVIDE (__infoc, 0x1040)
                0x0000000000001080                PROVIDE (__infob, 0x1080)
                0x00000000000010c0                PROVIDE (__infoa, 0x10c0)
                0x0000000000000000                __IE1 = 0x0
                0x0000000000000002                __IFG1 = 0x2
                0x0000000000000001                __IE2 = 0x1
                0x0000000000000003                __IFG2 = 0x3
                0x0000000000000006                __UC1IE = 0x6
                0x0000000000000007                __UC1IFG = 0x7
                0x00000000000001a0                __ADC12CTL0 = 0x1a0
                0x00000000000001a2                __ADC12CTL1 = 0x1a2
                0x00000000000001a4                __ADC12IFG = 0x1a4
                0x00000000000001a6                __ADC12IE = 0x1a6
                0x00000000000001a8                __ADC12IV = 0x1a8
                0x0000000000000140                __ADC12MEM0 = 0x140
                0x0000000000000142                __ADC12MEM1 = 0x142
                0x0000000000000144                __ADC12MEM2 = 0x144
                0x0000000000000146                __ADC12MEM3 = 0x146
                0x0000000000000148                __ADC12MEM4 = 0x148
                0x000000000000014a                __ADC12MEM5 = 0x14a
                0x000000000000014c                __ADC12MEM6 = 0x14c
                0x000000000000014e                __ADC12MEM7 = 0x14e
                0x0000000000000150                __ADC12MEM8 = 0x150
                0x0000000000000152                __ADC12MEM9 = 0x152
                0x0000000000000154                __ADC12MEM10 = 0x154
                0x0000000000000156                __ADC12MEM11 = 0x156
                0x0000000000000158                __ADC12MEM12 = 0x158
                0x000000000000015a                __ADC12MEM13 = 0x15a
                0x000000000000015c                __ADC12MEM14 = 0x15c
                0x000000000000015e                __ADC12MEM15 = 0x15e
                0x0000000000000080                __ADC12MCTL0 = 0x80
                0x0000000000000081                __ADC12MCTL1 = 0x81
                0x0000000000000082                __ADC12MCTL2 = 0x82
                0x0000000000000083                __ADC12MCTL3 = 0x83
                0x0000000000000084                __ADC12MCTL4 = 0x84
                0x0000000000000085                __ADC12MCTL5 = 0x85
                0x0000000000000086                __ADC12MCTL6 = 0x86
                0x0000000000000087                __ADC12MCTL7 = 0x87
                0x0000000000000088                __ADC12MCTL8 = 0x88
                0x0000000000000089                __ADC12MCTL9 = 0x89
                0x000000000000008a                __ADC12MCTL10 = 0x8a
                0x000000000000008b                __ADC12MCTL11 = 0x8b
                0x000000000000008c                __ADC12MCTL12 = 0x8c
                0x000000000000008d                __ADC12MCTL13 = 0x8d
                0x000000000000008e                __ADC12MCTL14 = 0x8e
                0x000000000000008f                __ADC12MCTL15 = 0x8f
                0x0000000000000056                __DCOCTL = 0x56
                0x0000000000000057                __BCSCTL1 = 0x57
                0x0000000000000058                __BCSCTL2 = 0x58
                0x0000000000000053                __BCSCTL3 = 0x53
                0x0000000000000059                __CACTL1 = 0x59
                0x000000000000005a                __CACTL2 = 0x5a
                0x000000000000005b                __CAPD = 0x5b
                0x00000000000001c0                __DAC12_0CTL = 0x1c0
                0x00000000000001c2                __DAC12_1CTL = 0x1c2
                0x00000000000001c8                __DAC12_0DAT = 0x1c8
                0x00000000000001ca                __DAC12_1DAT = 0x1ca
                0x0000000000000122                __DMACTL0 = 0x122
                0x0000000000000124                __DMACTL1 = 0x124
                0x0000000000000126                __DMAIV = 0x126
                0x00000000000001d0                __DMA0CTL = 0x1d0
                0x00000000000001dc                __DMA1CTL = 0x1dc
                0x00000000000001e8                __DMA2CTL = 0x1e8
                0x00000000000001d2                __DMA0SA = 0x1d2
                0x00000000000001d2                __DMA0SAL = 0x1d2
                0x00000000000001d6                __DMA0DA = 0x1d6
                0x00000000000001d6                __DMA0DAL = 0x1d6
                0x00000000000001da                __DMA0SZ = 0x1da
                0x00000000000001de                __DMA1SA = 0x1de
                0x00000000000001de                __DMA1SAL = 0x1de
                0x00000000000001e2                __DMA1DA = 0x1e2
                0x00000000000001e2                __DMA1DAL = 0x1e2
                0x00000000000001e6                __DMA1SZ = 0x1e6
                0x00000000000001ea                __DMA2SA = 0x1ea
                0x00000000000001ea                __DMA2SAL = 0x1ea
                0x00000000000001ee                __DMA2DA = 0x1ee
                0x00000000000001ee                __DMA2DAL = 0x1ee
                0x00000000000001f2                __DMA2SZ = 0x1f2
                0x0000000000000128                __FCTL1 = 0x128
                0x000000000000012a                __FCTL2 = 0x12a
                0x000000000000012c                __FCTL3 = 0x12c
                0x00000000000001be                __FCTL4 = 0x1be
                0x0000000000000130                __MPY = 0x130
                0x0000000000000132                __MPYS = 0x132
                0x0000000000000134                __MAC = 0x134
                0x0000000000000136                __MACS = 0x136
                0x0000000000000138                __OP2 = 0x138
                0x000000000000013a                __RESLO = 0x13a
                0x000000000000013c                __RESHI = 0x13c
                0x000000000000013e                __SUMEXT = 0x13e
                0x0000000000000020                __P1IN = 0x20
                0x0000000000000021                __P1OUT = 0x21
                0x0000000000000022                __P1DIR = 0x22
                0x0000000000000023                __P1IFG = 0x23
                0x0000000000000024                __P1IES = 0x24
                0x0000000000000025                __P1IE = 0x25
                0x0000000000000026                __P1SEL = 0x26
                0x0000000000000027                __P1REN = 0x27
                0x0000000000000028                __P2IN = 0x28
                0x0000000000000029                __P2OUT = 0x29
                0x000000000000002a                __P2DIR = 0x2a
                0x000000000000002b                __P2IFG = 0x2b
                0x000000000000002c                __P2IES = 0x2c
                0x000000000000002d                __P2IE = 0x2d
                0x000000000000002e                __P2SEL = 0x2e
                0x000000000000002f                __P2REN = 0x2f
                0x0000000000000018                __P3IN = 0x18
                0x0000000000000019                __P3OUT = 0x19
                0x000000000000001a                __P3DIR = 0x1a
                0x000000000000001b                __P3SEL = 0x1b
                0x0000000000000010                __P3REN = 0x10
                0x000000000000001c                __P4IN = 0x1c
                0x000000000000001d                __P4OUT = 0x1d
                0x000000000000001e                __P4DIR = 0x1e
                0x000000000000001f                __P4SEL = 0x1f
                0x0000000000000011                __P4REN = 0x11
                0x0000000000000030                __P5IN = 0x30
                0x0000000000000031                __P5OUT = 0x31
                0x0000000000000032                __P5DIR = 0x32
                0x0000000000000033                __P5SEL = 0x33
                0x0000000000000012                __P5REN = 0x12
                0x0000000000000034                __P6IN = 0x34
                0x0000000000000035                __P6OUT = 0x35
                0x0000000000000036                __P6DIR = 0x36
                0x0000000000000037                __P6SEL = 0x37
                0x0000000000000013                __P6REN = 0x13
                0x0000000000000038                __P7IN = 0x38
                0x000000000000003a                __P7OUT = 0x3a
                0x000000000000003c                __P7DIR = 0x3c
                0x000000000000003e                __P7SEL = 0x3e
                0x0000000000000014                __P7REN = 0x14
                0x0000000000000039                __P8IN = 0x39
                0x000000000000003b                __P8OUT = 0x3b
                0x000000000000003d                __P8DIR = 0x3d
                0x000000000000003f                __P8SEL = 0x3f
                0x0000000000000015                __P8REN = 0x15
                0x0000000000000038                __PAIN = 0x38
                0x000000000000003a                __PAOUT = 0x3a
                0x000000000000003c                __PADIR = 0x3c
                0x000000000000003e                __PASEL = 0x3e
                0x0000000000000014                __PAREN = 0x14
                0x0000000000000055                __SVSCTL = 0x55
                0x000000000000012e                __TAIV = 0x12e
                0x0000000000000160                __TACTL = 0x160
                0x0000000000000162                __TACCTL0 = 0x162
                0x0000000000000164                __TACCTL1 = 0x164
                0x0000000000000166                __TACCTL2 = 0x166
                0x0000000000000170                __TAR = 0x170
                0x0000000000000172                __TACCR0 = 0x172
                0x0000000000000174                __TACCR1 = 0x174
                0x0000000000000176                __TACCR2 = 0x176
                0x000000000000011e                __TBIV = 0x11e
                0x0000000000000180                __TBCTL = 0x180
                0x0000000000000182                __TBCCTL0 = 0x182
                0x0000000000000184                __TBCCTL1 = 0x184
                0x0000000000000186                __TBCCTL2 = 0x186
                0x0000000000000188                __TBCCTL3 = 0x188
                0x000000000000018a                __TBCCTL4 = 0x18a
                0x000000000000018c                __TBCCTL5 = 0x18c
                0x000000000000018e                __TBCCTL6 = 0x18e
                0x0000000000000190                __TBR = 0x190
                0x0000000000000192                __TBCCR0 = 0x192
                0x0000000000000194                __TBCCR1 = 0x194
                0x0000000000000196                __TBCCR2 = 0x196
                0x0000000000000198                __TBCCR3 = 0x198
                0x000000000000019a                __TBCCR4 = 0x19a
                0x000000000000019c                __TBCCR5 = 0x19c
                0x000000000000019e                __TBCCR6 = 0x19e
                0x0000000000000060                __UCA0CTL0 = 0x60
                0x0000000000000061                __UCA0CTL1 = 0x61
                0x0000000000000062                __UCA0BR0 = 0x62
                0x0000000000000063                __UCA0BR1 = 0x63
                0x0000000000000064                __UCA0MCTL = 0x64
                0x0000000000000065                __UCA0STAT = 0x65
                0x0000000000000066                __UCA0RXBUF = 0x66
                0x0000000000000067                __UCA0TXBUF = 0x67
                0x000000000000005d                __UCA0ABCTL = 0x5d
                0x000000000000005e                __UCA0IRTCTL = 0x5e
                0x000000000000005f                __UCA0IRRCTL = 0x5f
                0x0000000000000068                __UCB0CTL0 = 0x68
                0x0000000000000069                __UCB0CTL1 = 0x69
                0x000000000000006a                __UCB0BR0 = 0x6a
                0x000000000000006b                __UCB0BR1 = 0x6b
                0x000000000000006c                __UCB0I2CIE = 0x6c
                0x000000000000006d                __UCB0STAT = 0x6d
                0x000000000000006e                __UCB0RXBUF = 0x6e
                0x000000000000006f                __UCB0TXBUF = 0x6f
                0x0000000000000118                __UCB0I2COA = 0x118
                0x000000000000011a                __UCB0I2CSA = 0x11a
                0x00000000000000d0                __UCA1CTL0 = 0xd0
                0x00000000000000d1                __UCA1CTL1 = 0xd1
                0x00000000000000d2                __UCA1BR0 = 0xd2
                0x00000000000000d3                __UCA1BR1 = 0xd3
                0x00000000000000d4                __UCA1MCTL = 0xd4
                0x00000000000000d5                __UCA1STAT = 0xd5
                0x00000000000000d6                __UCA1RXBUF = 0xd6
                0x00000000000000d7                __UCA1TXBUF = 0xd7
                0x00000000000000cd                __UCA1ABCTL = 0xcd
                0x00000000000000ce                __UCA1IRTCTL = 0xce
                0x00000000000000cf                __UCA1IRRCTL = 0xcf
                0x00000000000000d8                __UCB1CTL0 = 0xd8
                0x00000000000000d9                __UCB1CTL1 = 0xd9
                0x00000000000000da                __UCB1BR0 = 0xda
                0x00000000000000db                __UCB1BR1 = 0xdb
                0x00000000000000dc                __UCB1I2CIE = 0xdc
                0x00000000000000dd                __UCB1STAT = 0xdd
                0x00000000000000de                __UCB1RXBUF = 0xde
                0x00000000000000df                __UCB1TXBUF = 0xdf
                0x000000000000017c                __UCB1I2COA = 0x17c
                0x000000000000017e                __UCB1I2CSA = 0x17e
                0x0000000000000120                __WDTCTL = 0x120
                0x00000000000010c0                __TLV_CHECKSUM = 0x10c0
                0x00000000000010f6                __TLV_DCO_30_TAG = 0x10f6
                0x00000000000010f7                __TLV_DCO_30_LEN = 0x10f7
                0x00000000000010da                __TLV_ADC12_1_TAG = 0x10da
                0x00000000000010db                __TLV_ADC12_1_LEN = 0x10db
                0x00000000000010f8                __CALDCO_16MHZ = 0x10f8
                0x00000000000010f9                __CALBC1_16MHZ = 0x10f9
                0x00000000000010fa                __CALDCO_12MHZ = 0x10fa
                0x00000000000010fb                __CALBC1_12MHZ = 0x10fb
                0x00000000000010fc                __CALDCO_8MHZ = 0x10fc
                0x00000000000010fd                __CALBC1_8MHZ = 0x10fd
                0x00000000000010fe                __CALDCO_1MHZ = 0x10fe
                0x00000000000010ff                __CALBC1_1MHZ = 0x10ff

.hash
 *(.hash)

.dynsym
 *(.dynsym)

.dynstr
 *(.dynstr)

.gnu.version
 *(.gnu.version)

.gnu.version_d
 *(.gnu.version_d)

.gnu.version_r
 *(.gnu.version_r)

.rel.init
 *(.rel.init)

.rela.init
 *(.rela.init)

.rel.fini
 *(.rel.fini)

.rela.fini
 *(.rela.fini)

.rel.text
 *(.rel.text .rel.text.* .rel.gnu.linkonce.t.*)

.rela.text
 *(.rela.text .rela.text.* .rela.gnu.linkonce.t.*)

.rel.rodata
 *(.rel.rodata .rel.rodata.* .rel.gnu.linkonce.r.*)

.rela.rodata
 *(.rela.rodata .rela.rodata.* .rela.gnu.linkonce.r.*)

.rel.data
 *(.rel.data .rel.data.* .rel.gnu.linkonce.d.*)

.rela.data
 *(.rela.data .rela.data.* .rela.gnu.linkonce.d.*)

.rel.bss
 *(.rel.bss .rel.bss.* .rel.gnu.linkonce.b.*)

.rela.bss
 *(.rela.bss .rela.bss.* .rela.gnu.linkonce.b.*)

.rel.ctors
 *(.rel.ctors)

.rela.ctors
 *(.rela.ctors)

.rel.dtors
 *(.rel.dtors)

.rela.dtors
 *(.rela.dtors)

.rel.got
 *(.rel.got)

.rela.got
 *(.rela.got)

.rel.plt
 *(.rel.plt)

.rela.plt
 *(.rela.plt)

.text           0x0000000000003100     0xb602
                0x0000000000003100                . = ALIGN (0x2)
 *(.init .init.*)
 *(.init0)
 .init0         0x0000000000003100        0x0 /opt/compiler/mspgcc-4.7.3/bin/../lib/gcc/msp430/4.7.3/mcpu-430x/mmpy-16/msr20/mc20/libcrt0.a(_reset_vector__.o)
                0x0000000000003100                _reset_vector__
 *(.init1)
 .init1         0x0000000000003100        0xc /opt/compiler/mspgcc-4.7.3/bin/../lib/gcc/msp430/4.7.3/mcpu-430x/mmpy-16/msr20/mc20/libcrt0.a(__watchdog_support.o)
                0x0000000000003100                __watchdog_support
 *(.init2)
 .init2         0x000000000000310c        0x4 /opt/compiler/mspgcc-4.7.3/bin/../lib/gcc/msp430/4.7.3/mcpu-430x/mmpy-16/msr20/mc20/libcrt0.a(__init_stack.o)
                0x000000000000310c                __init_stack
 *(.init3)
 .init3         0x0000000000003110        0x0 /opt/compiler/mspgcc-4.7.3/bin/../lib/gcc/msp430/4.7.3/mcpu-430x/mmpy-16/msr20/mc20/libcrt0.a(__low_level_init.o)
                0x0000000000003110                __low_level_init
 *(.init4)
 .init4         0x0000000000003110       0x18 /opt/compiler/mspgcc-4.7.3/bin/../lib/gcc/msp430/4.7.3/mcpu-430x/mmpy-16/msr20/mc20/libcrt0.a(_copy_data.o)
                0x0000000000003110                __do_copy_data
 .init4         0x0000000000003128       0x16 /opt/compiler/mspgcc-4.7.3/bin/../lib/gcc/msp430/4.7.3/mcpu-430x/mmpy-16/msr20/mc20/libcrt0.a(_clear_bss.o)
                0x0000000000003128                __do_clear_bss
 *(.init5)
 *(.init6)
 *(.init7)
 *(.init8)
 *(.init9)
 .init9         0x000000000000313e      0x234 build/z1/obj/contiki-main.o
                0x000000000000313e                main
 *(.fini9)
 .fini9         0x0000000000003372        0x0 /opt/compiler/mspgcc-4.7.3/bin/../lib/gcc/msp430/4.7.3/mcpu-430x/mmpy-16/msr20/mc20/libcrt0.a(__stop_progExec__.o)
                0x0000000000003372                __stop_progExec__
 *(.fini8)
 *(.fini7)
 *(.fini6)
 *(.fini5)
 *(.fini4)
 *(.fini3)
 *(.fini2)
 *(.fini1)
 *(.fini0)
 .fini0         0x0000000000003372        0x6 /opt/compiler/mspgcc-4.7.3/bin/../lib/gcc/msp430/4.7.3/mcpu-430x/mmpy-16/msr20/mc20/libcrt0.a(_endless_loop__.o)
                0x0000000000003372                _endless_loop__
 *(.fini .fini.*)
                0x0000000000003378                . = ALIGN (0x2)
                0x0000000000003378                __ctors_start = .
 *(.ctors)
                0x0000000000003378                __ctors_end = .
                0x0000000000003378                __dtors_start = .
 *(.dtors)
                0x0000000000003378                __dtors_end = .
                0x0000000000003378                . = ALIGN (0x2)
 *(.text .text.* .gnu.linkonce.t.*)
 .text          0x0000000000003378        0x4 /opt/compiler/mspgcc-4.7.3/bin/../lib/gcc/msp430/4.7.3/mcpu-430x/mmpy-16/msr20/mc20/crt0ivtbl32.o
                0x0000000000003378                __isr_14
                0x0000000000003378                __isr_4
                0x0000000000003378                __isr_29
                0x0000000000003378                __isr_11
                0x0000000000003378                __isr_5
                0x0000000000003378                __isr_2
                0x0000000000003378                __isr_10
                0x0000000000003378                __isr_7
                0x0000000000003378                __isr_0
                0x0000000000003378                __isr_8
                0x0000000000003378                __isr_20
                0x0000000000003378                __isr_3
                0x0000000000003378                __isr_12
                0x0000000000003378                __isr_13
                0x0000000000003378                __isr_27
                0x0000000000003378                __isr_9
                0x0000000000003378                __isr_30
                0x0000000000003378                __isr_6
                0x0000000000003378                __isr_22
                0x0000000000003378                __isr_1
                0x0000000000003378                __isr_15
                0x0000000000003378                __isr_21
 .text.libgcc   0x000000000000337c       0x26 /opt/compiler/mspgcc-4.7.3/bin/../lib/gcc/msp430/4.7.3/mcpu-430x/mmpy-16/msr20/mc20/libgcc.a(_mulsi3.o)
                0x000000000000337c                __mulsi3
 .text.libgcc   0x00000000000033a2       0x26 /opt/compiler/mspgcc-4.7.3/bin/../lib/gcc/msp430/4.7.3/mcpu-430x/mmpy-16/msr20/mc20/libgcc.a(_mulsidi3.o)
                0x00000000000033a2                __mulsidi3
 .text.libgcc   0x00000000000033c8       0x58 /opt/compiler/mspgcc-4.7.3/bin/../lib/gcc/msp430/4.7.3/mcpu-430x/mmpy-16/msr20/mc20/libgcc.a(_muldi3.o)
                0x00000000000033c8                __muldi3
                0x00000000000033e2                __xabi_muldi3
 .text.libgcc   0x0000000000003420       0x22 /opt/compiler/mspgcc-4.7.3/bin/../lib/gcc/msp430/4.7.3/mcpu-430x/mmpy-16/msr20/mc20/libgcc.a(_udivmod16.o)
                0x0000000000003420                __udivhi3
                0x0000000000003420                __ext_udivmod16
                0x000000000000343a                __umodhi3
 .text.libgcc   0x0000000000003442       0x3a /opt/compiler/mspgcc-4.7.3/bin/../lib/gcc/msp430/4.7.3/mcpu-430x/mmpy-16/msr20/mc20/libgcc.a(_divmod16.o)
                0x0000000000003442                __ext_divmod16
                0x0000000000003442                __divhi3
                0x0000000000003474                __modhi3
 .text.libgcc   0x000000000000347c       0x38 /opt/compiler/mspgcc-4.7.3/bin/../lib/gcc/msp430/4.7.3/mcpu-430x/mmpy-16/msr20/mc20/libgcc.a(_udivmod32.o)
                0x000000000000347c                __udivsi3
                0x000000000000347c                __ext_udivmod32
                0x00000000000034aa                __umodsi3
 .text.libgcc   0x00000000000034b4       0x4c /opt/compiler/mspgcc-4.7.3/bin/../lib/gcc/msp430/4.7.3/mcpu-430x/mmpy-16/msr20/mc20/libgcc.a(_divmod32.o)
                0x00000000000034b4                __ext_divmod32
                0x00000000000034b4                __divsi3
                0x00000000000034f6                __modsi3
 .text.libgcc   0x0000000000003500       0x9e /opt/compiler/mspgcc-4.7.3/bin/../lib/gcc/msp430/4.7.3/mcpu-430x/mmpy-16/msr20/mc20/libgcc.a(_divmod64.o)
                0x0000000000003500                __xabi_divmod64
                0x0000000000003562                __divdi3
                0x000000000000357c                __moddi3
 .text.libgcc   0x000000000000359e       0xbc /opt/compiler/mspgcc-4.7.3/bin/../lib/gcc/msp430/4.7.3/mcpu-430x/mmpy-16/msr20/mc20/libgcc.a(_udivmod64.o)
                0x000000000000359e                __xabi_udivmod64
                0x00000000000035f0                __udivdi3
                0x000000000000360a                __umoddi3
                0x000000000000362c                __udivmoddi4
 .text.ldiv     0x000000000000365a       0x12 /opt/compiler/mspgcc-4.7.3/bin/../lib/gcc/msp430/4.7.3/../../../../msp430/lib/mcpu-430x/mmpy-16/msr20/mc20/libc.a(ldiv.o)
                0x000000000000365a                ldiv
 .text.crt0     0x000000000000366c        0x2 /opt/compiler/mspgcc-4.7.3/bin/../lib/gcc/msp430/4.7.3/mcpu-430x/mmpy-16/msr20/mc20/libcrt0.a(_unexpected_.o)
                0x000000000000366c                _unexpected_
 *(.near.text .near.text.*)
 .near.text.timera1
                0x000000000000366e       0xd0 build/z1/contiki-ng-z1.a(clock.o)
                0x000000000000366e                __isr_24
                0x000000000000366e                timera1
 .near.text.watchdog_interrupt
                0x000000000000373e        0x6 build/z1/contiki-ng-z1.a(watchdog.o)
                0x000000000000373e                __isr_26
                0x000000000000373e                watchdog_interrupt
 .near.text.cc2420_timerb1_interrupt
                0x0000000000003744       0x26 build/z1/contiki-ng-z1.a(cc2420-arch-sfd)
                0x0000000000003744                cc2420_timerb1_interrupt
                0x0000000000003744                __isr_28
 .near.text.uart0_rx_interrupt
                0x000000000000376a       0x2a build/z1/contiki-ng-z1.a(uart0.o)
                0x000000000000376a                __isr_23
                0x000000000000376a                uart0_rx_interrupt
 .near.text.port1_isr
                0x0000000000003794       0x84 build/z1/contiki-ng-z1.a(adxl345.o)
                0x0000000000003794                port1_isr
                0x0000000000003794                __isr_18
 .near.text.timera0
                0x0000000000003818       0x22 build/z1/contiki-ng-z1.a(rtimer-arch.o)
                0x0000000000003818                __isr_25
                0x0000000000003818                timera0
 .near.text.i2c_tx_interrupt
                0x000000000000383a       0x84 build/z1/contiki-ng-z1.a(i2cmaster.o)
                0x000000000000383a                __isr_16
                0x000000000000383a                i2c_tx_interrupt
 .near.text.i2c_rx_interrupt
                0x00000000000038be       0x14 build/z1/contiki-ng-z1.a(i2cmaster.o)
                0x00000000000038be                i2c_rx_interrupt
                0x00000000000038be                __isr_17
 .near.text.irq_p2
                0x00000000000038d2       0x3c build/z1/contiki-ng-z1.a(button-sensor.o)
                0x00000000000038d2                irq_p2
                0x00000000000038d2                __isr_19
 .any.text.process_thread_udp_server_process
                0x000000000000390e       0x38 udp-server.o
 .any.text.udp_rx_callback
                0x0000000000003946       0x44 udp-server.o
 .any.text.putchar
                0x000000000000398a       0x10 build/z1/contiki-ng-z1.a(uart0-putchar.o)
                0x000000000000398a                putchar
 .any.text.platform_init_stage_one
                0x000000000000399a       0x12 build/z1/contiki-ng-z1.a(platform.o)
                0x000000000000399a                platform_init_stage_one
 .any.text.platform_init_stage_two
                0x00000000000039ac       0xba build/z1/contiki-ng-z1.a(platform.o)
                0x00000000000039ac                platform_init_stage_two
 .any.text.platform_init_stage_three
                0x0000000000003a66       0x64 build/z1/contiki-ng-z1.a(platform.o)
                0x0000000000003a66                platform_init_stage_three
 .any.text.platform_idle
                0x0000000000003aca       0x38 build/z1/contiki-ng-z1.a(platform.o)
                0x0000000000003aca                platform_idle
 .any.text.msp430_init_dco
                0x0000000000003b02       0x28 build/z1/contiki-ng-z1.a(msp430.o)
                0x0000000000003b02                msp430_init_dco
 .any.text.splhigh_
                0x0000000000003b2a        0x8 build/z1/contiki-ng-z1.a(msp430.o)
                0x0000000000003b2a                splhigh_
 .any.text.msp430_sync_dco
                0x0000000000003b32       0x6e build/z1/contiki-ng-z1.a(msp430.o)
                0x0000000000003b32                msp430_sync_dco
 .any.text.msp430_cpu_init
                0x0000000000003ba0       0x2e build/z1/contiki-ng-z1.a(msp430.o)
                0x0000000000003ba0                msp430_cpu_init
 .any.text.clock_time
                0x0000000000003bce       0x1a build/z1/contiki-ng-z1.a(clock.o)
                0x0000000000003bce                clock_time
 .any.text.clock_init
                0x0000000000003be8       0x28 build/z1/contiki-ng-z1.a(clock.o)
                0x0000000000003be8                clock_init
 .any.text.clock_delay
                0x0000000000003c10        0xc build/z1/contiki-ng-z1.a(clock.o)
                0x0000000000003c10                clock_delay
 .any.text.clock_wait
                0x0000000000003c1c       0x24 build/z1/contiki-ng-z1.a(clock.o)
                0x0000000000003c1c                clock_wait
 .any.text.clock_seconds
                0x0000000000003c40       0x1a build/z1/contiki-ng-z1.a(clock.o)
                0x0000000000003c40                clock_seconds
 .any.text.watchdog_start
                0x0000000000003c5a       0x14 build/z1/contiki-ng-z1.a(watchdog.o)
                0x0000000000003c5a                watchdog_start
 .any.text.watchdog_periodic
                0x0000000000003c6e       0x12 build/z1/contiki-ng-z1.a(watchdog.o)
                0x0000000000003c6e                watchdog_periodic
 .any.text.watchdog_stop
                0x0000000000003c80       0x16 build/z1/contiki-ng-z1.a(watchdog.o)
                0x0000000000003c80                watchdog_stop
 .any.text.watchdog_init
                0x0000000000003c96       0x12 build/z1/contiki-ng-z1.a(watchdog.o)
                0x0000000000003c96                watchdog_init
 .any.text.watchdog_reboot
                0x0000000000003ca8        0x6 build/z1/contiki-ng-z1.a(watchdog.o)
                0x0000000000003ca8                watchdog_reboot
 .any.text.process_thread_serial_shell_process
                0x0000000000003cae       0x62 build/z1/contiki-ng-z1.a(serial-shell.o)
 .any.text.serial_shell_output
                0x0000000000003d10        0xe build/z1/contiki-ng-z1.a(serial-shell.o)
 .any.text.serial_shell_init
                0x0000000000003d1e        0xc build/z1/contiki-ng-z1.a(serial-shell.o)
                0x0000000000003d1e                serial_shell_init
 .any.text.autostart_start
                0x0000000000003d2a       0x16 build/z1/contiki-ng-z1.a(autostart.o)
                0x0000000000003d2a                autostart_start
 .any.text.process_thread_ctimer_process
                0x0000000000003d40       0xa0 build/z1/contiki-ng-z1.a(ctimer.o)
 .any.text.ctimer_init
                0x0000000000003de0       0x18 build/z1/contiki-ng-z1.a(ctimer.o)
                0x0000000000003de0                ctimer_init
 .any.text.ctimer_set_with_process
                0x0000000000003df8       0x4a build/z1/contiki-ng-z1.a(ctimer.o)
                0x0000000000003df8                ctimer_set_with_process
 .any.text.ctimer_set
                0x0000000000003e42       0x10 build/z1/contiki-ng-z1.a(ctimer.o)
                0x0000000000003e42                ctimer_set
 .any.text.ctimer_reset
                0x0000000000003e52       0x2c build/z1/contiki-ng-z1.a(ctimer.o)
                0x0000000000003e52                ctimer_reset
 .any.text.ctimer_stop
                0x0000000000003e7e       0x28 build/z1/contiki-ng-z1.a(ctimer.o)
                0x0000000000003e7e                ctimer_stop
 .any.text.ctimer_expired
                0x0000000000003ea6       0x30 build/z1/contiki-ng-z1.a(ctimer.o)
                0x0000000000003ea6                ctimer_expired
 .any.text.energest_init
                0x0000000000003ed6        0x2 build/z1/contiki-ng-z1.a(energest.o)
                0x0000000000003ed6                energest_init
 .any.text.energest_flush
                0x0000000000003ed8        0x2 build/z1/contiki-ng-z1.a(energest.o)
                0x0000000000003ed8                energest_flush
 .any.text.update_time
                0x0000000000003eda       0x70 build/z1/contiki-ng-z1.a(etimer.o)
 .any.text.etimer_request_poll
                0x0000000000003f4a        0xa build/z1/contiki-ng-z1.a(etimer.o)
                0x0000000000003f4a                etimer_request_poll
 .any.text.process_thread_etimer_process
                0x0000000000003f54       0xc4 build/z1/contiki-ng-z1.a(etimer.o)
 .any.text.add_timer
                0x0000000000004018       0x40 build/z1/contiki-ng-z1.a(etimer.o)
 .any.text.etimer_set
                0x0000000000004058       0x12 build/z1/contiki-ng-z1.a(etimer.o)
                0x0000000000004058                etimer_set
 .any.text.etimer_reset
                0x000000000000406a       0x12 build/z1/contiki-ng-z1.a(etimer.o)
                0x000000000000406a                etimer_reset
 .any.text.etimer_expired
                0x000000000000407c        0xe build/z1/contiki-ng-z1.a(etimer.o)
                0x000000000000407c                etimer_expired
 .any.text.etimer_pending
                0x000000000000408a        0xc build/z1/contiki-ng-z1.a(etimer.o)
                0x000000000000408a                etimer_pending
 .any.text.etimer_next_expiration_time
                0x0000000000004096       0x16 build/z1/contiki-ng-z1.a(etimer.o)
                0x0000000000004096                etimer_next_expiration_time
 .any.text.etimer_stop
                0x00000000000040ac       0x3e build/z1/contiki-ng-z1.a(etimer.o)
                0x00000000000040ac                etimer_stop
 .any.text.log_6addr
                0x00000000000040ea       0x32 build/z1/contiki-ng-z1.a(log.o)
                0x00000000000040ea                log_6addr
 .any.text.log_lladdr
                0x000000000000411c       0x40 build/z1/contiki-ng-z1.a(log.o)
                0x000000000000411c                log_lladdr
 .any.text.log_set_level
                0x000000000000415c       0x4c build/z1/contiki-ng-z1.a(log.o)
                0x000000000000415c                log_set_level
 .any.text.log_get_level
                0x00000000000041a8       0x42 build/z1/contiki-ng-z1.a(log.o)
                0x00000000000041a8                log_get_level
 .any.text.log_level_to_str
                0x00000000000041ea       0x14 build/z1/contiki-ng-z1.a(log.o)
                0x00000000000041ea                log_level_to_str
 .any.text.rtimer_init
                0x00000000000041fe        0x6 build/z1/contiki-ng-z1.a(rtimer.o)
                0x00000000000041fe                rtimer_init
 .any.text.rtimer_set
                0x0000000000004204       0x24 build/z1/contiki-ng-z1.a(rtimer.o)
                0x0000000000004204                rtimer_set
 .any.text.rtimer_run_next
                0x0000000000004228       0x26 build/z1/contiki-ng-z1.a(rtimer.o)
                0x0000000000004228                rtimer_run_next
 .any.text.node_id_init
                0x000000000000424e       0x14 build/z1/contiki-ng-z1.a(node-id.o)
                0x000000000000424e                node_id_init
 .any.text.call_process
                0x0000000000004262       0x40 build/z1/contiki-ng-z1.a(process.o)
 .any.text.exit_process
                0x00000000000042a2       0x88 build/z1/contiki-ng-z1.a(process.o)
 .any.text.do_poll
                0x000000000000432a       0x30 build/z1/contiki-ng-z1.a(process.o)
 .any.text.process_alloc_event
                0x000000000000435a        0xe build/z1/contiki-ng-z1.a(process.o)
                0x000000000000435a                process_alloc_event
 .any.text.process_init
                0x0000000000004368       0x1c build/z1/contiki-ng-z1.a(process.o)
                0x0000000000004368                process_init
 .any.text.process_run
                0x0000000000004384       0x8c build/z1/contiki-ng-z1.a(process.o)
                0x0000000000004384                process_run
 .any.text.process_nevents
                0x0000000000004410        0xe build/z1/contiki-ng-z1.a(process.o)
                0x0000000000004410                process_nevents
 .any.text.process_post
                0x000000000000441e       0x4a build/z1/contiki-ng-z1.a(process.o)
                0x000000000000441e                process_post
 .any.text.process_post_synch
                0x0000000000004468       0x12 build/z1/contiki-ng-z1.a(process.o)
                0x0000000000004468                process_post_synch
 .any.text.process_start
                0x000000000000447a       0x36 build/z1/contiki-ng-z1.a(process.o)
                0x000000000000447a                process_start
 .any.text.process_poll
                0x00000000000044b0       0x18 build/z1/contiki-ng-z1.a(process.o)
                0x00000000000044b0                process_poll
 .any.text.timer_set
                0x00000000000044c8       0x1c build/z1/contiki-ng-z1.a(timer.o)
                0x00000000000044c8                timer_set
 .any.text.timer_expired
                0x00000000000044e4       0x2a build/z1/contiki-ng-z1.a(timer.o)
                0x00000000000044e4                timer_expired
 .any.text.timer_reset
                0x000000000000450e       0x1c build/z1/contiki-ng-z1.a(timer.o)
                0x000000000000450e                timer_reset
 .any.text.stack_check_init
                0x000000000000452a       0x2e build/z1/contiki-ng-z1.a(stack-check.o)
                0x000000000000452a                stack_check_init
 .any.text.stack_check_get_usage
                0x0000000000004558       0x54 build/z1/contiki-ng-z1.a(stack-check.o)
                0x0000000000004558                stack_check_get_usage
 .any.text.process_thread_stack_check_process
                0x00000000000045ac       0xd2 build/z1/contiki-ng-z1.a(stack-check.o)
 .any.text.list_init
                0x000000000000467e        0x6 build/z1/contiki-ng-z1.a(list.o)
                0x000000000000467e                list_init
 .any.text.list_head
                0x0000000000004684        0x4 build/z1/contiki-ng-z1.a(list.o)
                0x0000000000004684                list_head
 .any.text.list_tail
                0x0000000000004688       0x12 build/z1/contiki-ng-z1.a(list.o)
                0x0000000000004688                list_tail
 .any.text.list_remove
                0x000000000000469a       0x34 build/z1/contiki-ng-z1.a(list.o)
                0x000000000000469a                list_remove
 .any.text.list_push
                0x00000000000046ce       0x16 build/z1/contiki-ng-z1.a(list.o)
                0x00000000000046ce                list_push
 .any.text.list_add
                0x00000000000046e4       0x26 build/z1/contiki-ng-z1.a(list.o)
                0x00000000000046e4                list_add
 .any.text.list_item_next
                0x000000000000470a        0xc build/z1/contiki-ng-z1.a(list.o)
                0x000000000000470a                list_item_next
 .any.text.random_init
                0x0000000000004716        0x6 build/z1/contiki-ng-z1.a(random.o)
                0x0000000000004716                random_init
 .any.text.random_rand
                0x000000000000471c        0x6 build/z1/contiki-ng-z1.a(random.o)
                0x000000000000471c                random_rand
 .any.text.queuebuf_init
                0x0000000000004722       0x12 build/z1/contiki-ng-z1.a(queuebuf.o)
                0x0000000000004722                queuebuf_init
 .any.text.queuebuf_new_from_packetbuf
                0x0000000000004734       0x4e build/z1/contiki-ng-z1.a(queuebuf.o)
                0x0000000000004734                queuebuf_new_from_packetbuf
 .any.text.queuebuf_free
                0x0000000000004782       0x2a build/z1/contiki-ng-z1.a(queuebuf.o)
                0x0000000000004782                queuebuf_free
 .any.text.queuebuf_to_packetbuf
                0x00000000000047ac       0x32 build/z1/contiki-ng-z1.a(queuebuf.o)
                0x00000000000047ac                queuebuf_to_packetbuf
 .any.text.queuebuf_dataptr
                0x00000000000047de       0x1c build/z1/contiki-ng-z1.a(queuebuf.o)
                0x00000000000047de                queuebuf_dataptr
 .any.text.queuebuf_datalen
                0x00000000000047fa        0x8 build/z1/contiki-ng-z1.a(queuebuf.o)
                0x00000000000047fa                queuebuf_datalen
 .any.text.packetbuf_hdrreduce
                0x0000000000004802       0x1a build/z1/contiki-ng-z1.a(packetbuf.o)
                0x0000000000004802                packetbuf_hdrreduce
 .any.text.packetbuf_set_datalen
                0x000000000000481c        0x6 build/z1/contiki-ng-z1.a(packetbuf.o)
                0x000000000000481c                packetbuf_set_datalen
 .any.text.packetbuf_hdrptr
                0x0000000000004822        0x6 build/z1/contiki-ng-z1.a(packetbuf.o)
                0x0000000000004822                packetbuf_hdrptr
 .any.text.packetbuf_datalen
                0x0000000000004828        0x6 build/z1/contiki-ng-z1.a(packetbuf.o)
                0x0000000000004828                packetbuf_datalen
 .any.text.packetbuf_hdrlen
                0x000000000000482e        0xa build/z1/contiki-ng-z1.a(packetbuf.o)
                0x000000000000482e                packetbuf_hdrlen
 .any.text.packetbuf_dataptr
                0x0000000000004838        0xc build/z1/contiki-ng-z1.a(packetbuf.o)
                0x0000000000004838                packetbuf_dataptr
 .any.text.packetbuf_copyto
                0x0000000000004844       0x3a build/z1/contiki-ng-z1.a(packetbuf.o)
                0x0000000000004844                packetbuf_copyto
 .any.text.packetbuf_totlen
                0x000000000000487e        0xc build/z1/contiki-ng-z1.a(packetbuf.o)
                0x000000000000487e                packetbuf_totlen
 .any.text.packetbuf_hdralloc
                0x000000000000488a       0x3c build/z1/contiki-ng-z1.a(packetbuf.o)
                0x000000000000488a                packetbuf_hdralloc
 .any.text.packetbuf_remaininglen
                0x00000000000048c6        0xe build/z1/contiki-ng-z1.a(packetbuf.o)
                0x00000000000048c6                packetbuf_remaininglen
 .any.text.packetbuf_attr_clear
                0x00000000000048d4       0x28 build/z1/contiki-ng-z1.a(packetbuf.o)
                0x00000000000048d4                packetbuf_attr_clear
 .any.text.packetbuf_clear
                0x00000000000048fc       0x12 build/z1/contiki-ng-z1.a(packetbuf.o)
                0x00000000000048fc                packetbuf_clear
 .any.text.packetbuf_copyfrom
                0x000000000000490e       0x2a build/z1/contiki-ng-z1.a(packetbuf.o)
                0x000000000000490e                packetbuf_copyfrom
 .any.text.packetbuf_attr_copyto
                0x0000000000004938       0x22 build/z1/contiki-ng-z1.a(packetbuf.o)
                0x0000000000004938                packetbuf_attr_copyto
 .any.text.packetbuf_attr_copyfrom
                0x000000000000495a       0x24 build/z1/contiki-ng-z1.a(packetbuf.o)
                0x000000000000495a                packetbuf_attr_copyfrom
 .any.text.packetbuf_set_attr
                0x000000000000497e        0xc build/z1/contiki-ng-z1.a(packetbuf.o)
                0x000000000000497e                packetbuf_set_attr
 .any.text.packetbuf_attr
                0x000000000000498a        0xa build/z1/contiki-ng-z1.a(packetbuf.o)
                0x000000000000498a                packetbuf_attr
 .any.text.packetbuf_set_addr
                0x0000000000004994       0x14 build/z1/contiki-ng-z1.a(packetbuf.o)
                0x0000000000004994                packetbuf_set_addr
 .any.text.packetbuf_addr
                0x00000000000049a8        0xe build/z1/contiki-ng-z1.a(packetbuf.o)
                0x00000000000049a8                packetbuf_addr
 .any.text.packetbuf_holds_broadcast
                0x00000000000049b6        0xe build/z1/contiki-ng-z1.a(packetbuf.o)
                0x00000000000049b6                packetbuf_holds_broadcast
 .any.text.netstack_process_ip_callback
                0x00000000000049c4       0x46 build/z1/contiki-ng-z1.a(netstack.o)
                0x00000000000049c4                netstack_process_ip_callback
 .any.text.netstack_init
                0x0000000000004a0a        0xe build/z1/contiki-ng-z1.a(netstack.o)
                0x0000000000004a0a                netstack_init
 .any.text.linkaddr_copy
                0x0000000000004a18        0x8 build/z1/contiki-ng-z1.a(linkaddr.o)
                0x0000000000004a18                linkaddr_copy
 .any.text.linkaddr_cmp
                0x0000000000004a20       0x12 build/z1/contiki-ng-z1.a(linkaddr.o)
                0x0000000000004a20                linkaddr_cmp
 .any.text.linkaddr_set_node_addr
                0x0000000000004a32        0xc build/z1/contiki-ng-z1.a(linkaddr.o)
                0x0000000000004a32                linkaddr_set_node_addr
 .any.text.turn_off
                0x0000000000004a3e        0x8 build/z1/contiki-ng-z1.a(tsch.o)
 .any.text.max_payload
                0x0000000000004a46       0x36 build/z1/contiki-ng-z1.a(tsch.o)
 .any.text.send_packet
                0x0000000000004a7c       0xa8 build/z1/contiki-ng-z1.a(tsch.o)
 .any.text.tsch_reset
                0x0000000000004b24       0xa2 build/z1/contiki-ng-z1.a(tsch.o)
 .any.text.process_thread_tsch_send_eb_process
                0x0000000000004bc6      0x162 build/z1/contiki-ng-z1.a(tsch.o)
 .any.text.turn_on
                0x0000000000004d28       0x36 build/z1/contiki-ng-z1.a(tsch.o)
 .any.text.tsch_init
                0x0000000000004d5e       0xb2 build/z1/contiki-ng-z1.a(tsch.o)
 .any.text.packet_input
                0x0000000000004e10       0x26 build/z1/contiki-ng-z1.a(tsch.o)
 .any.text.keepalive_send
                0x0000000000004e36       0x38 build/z1/contiki-ng-z1.a(tsch.o)
 .any.text.convert_slots_to_rate
                0x0000000000004e6e       0x3a build/z1/contiki-ng-z1.a(tsch.o)
                0x0000000000004e6e                convert_slots_to_rate
 .any.text.tsch_set_coordinator
                0x0000000000004ea8       0x1a build/z1/contiki-ng-z1.a(tsch.o)
                0x0000000000004ea8                tsch_set_coordinator
 .any.text.tsch_set_pan_secured
                0x0000000000004ec2        0x6 build/z1/contiki-ng-z1.a(tsch.o)
                0x0000000000004ec2                tsch_set_pan_secured
 .any.text.tsch_set_join_priority
                0x0000000000004ec8        0x6 build/z1/contiki-ng-z1.a(tsch.o)
                0x0000000000004ec8                tsch_set_join_priority
 .any.text.tsch_set_eb_period
                0x0000000000004ece       0x1a build/z1/contiki-ng-z1.a(tsch.o)
                0x0000000000004ece                tsch_set_eb_period
 .any.text.tsch_schedule_keepalive
                0x0000000000004ee8       0x20 build/z1/contiki-ng-z1.a(tsch.o)
                0x0000000000004ee8                tsch_schedule_keepalive
 .any.text.tsch_set_ka_timeout
                0x0000000000004f08       0x10 build/z1/contiki-ng-z1.a(tsch.o)
                0x0000000000004f08                tsch_set_ka_timeout
 .any.text.tsch_disassociate
                0x0000000000004f18       0x18 build/z1/contiki-ng-z1.a(tsch.o)
                0x0000000000004f18                tsch_disassociate
 .any.text.process_thread_tsch_pending_events_process
                0x0000000000004f30      0x2d0 build/z1/contiki-ng-z1.a(tsch.o)
 .any.text.keepalive_packet_sent
                0x0000000000005200       0x86 build/z1/contiki-ng-z1.a(tsch.o)
 .any.text.tsch_scan
                0x0000000000005286      0x36e build/z1/contiki-ng-z1.a(tsch.o)
                0x0000000000005286                tsch_scan
 .any.text.process_thread_tsch_process
                0x00000000000055f4       0xba build/z1/contiki-ng-z1.a(tsch.o)
 .any.text.tsch_queue_get_nbr
                0x00000000000056ae       0x3c build/z1/contiki-ng-z1.a(tsch-queue.o)
                0x00000000000056ae                tsch_queue_get_nbr
 .any.text.tsch_queue_add_nbr
                0x00000000000056ea       0x88 build/z1/contiki-ng-z1.a(tsch-queue.o)
                0x00000000000056ea                tsch_queue_add_nbr
 .any.text.tsch_queue_get_time_source
                0x0000000000005772       0x28 build/z1/contiki-ng-z1.a(tsch-queue.o)
                0x0000000000005772                tsch_queue_get_time_source
 .any.text.tsch_queue_update_time_source
                0x000000000000579a       0x60 build/z1/contiki-ng-z1.a(tsch-queue.o)
                0x000000000000579a                tsch_queue_update_time_source
 .any.text.tsch_queue_add_packet
                0x00000000000057fa       0x8c build/z1/contiki-ng-z1.a(tsch-queue.o)
                0x00000000000057fa                tsch_queue_add_packet
 .any.text.tsch_queue_packet_count
                0x0000000000005886       0x26 build/z1/contiki-ng-z1.a(tsch-queue.o)
                0x0000000000005886                tsch_queue_packet_count
 .any.text.tsch_queue_remove_packet_from_queue
                0x00000000000058ac       0x32 build/z1/contiki-ng-z1.a(tsch-queue.o)
                0x00000000000058ac                tsch_queue_remove_packet_from_queue
 .any.text.tsch_queue_free_packet
                0x00000000000058de       0x1c build/z1/contiki-ng-z1.a(tsch-queue.o)
                0x00000000000058de                tsch_queue_free_packet
 .any.text.tsch_queue_is_empty
                0x00000000000058fa       0x2c build/z1/contiki-ng-z1.a(tsch-queue.o)
                0x00000000000058fa                tsch_queue_is_empty
 .any.text.tsch_queue_flush_nbr_queue
                0x0000000000005926       0x3c build/z1/contiki-ng-z1.a(tsch-queue.o)
 .any.text.tsch_queue_reset
                0x0000000000005962       0x36 build/z1/contiki-ng-z1.a(tsch-queue.o)
                0x0000000000005962                tsch_queue_reset
 .any.text.tsch_queue_free_unused_neighbors
                0x0000000000005998       0x64 build/z1/contiki-ng-z1.a(tsch-queue.o)
                0x0000000000005998                tsch_queue_free_unused_neighbors
 .any.text.tsch_queue_get_packet_for_nbr
                0x00000000000059fc       0x4e build/z1/contiki-ng-z1.a(tsch-queue.o)
                0x00000000000059fc                tsch_queue_get_packet_for_nbr
 .any.text.tsch_queue_get_unicast_packet_for_any
                0x0000000000005a4a       0x50 build/z1/contiki-ng-z1.a(tsch-queue.o)
                0x0000000000005a4a                tsch_queue_get_unicast_packet_for_any
 .any.text.tsch_queue_backoff_inc
                0x0000000000005a9a       0x44 build/z1/contiki-ng-z1.a(tsch-queue.o)
                0x0000000000005a9a                tsch_queue_backoff_inc
 .any.text.tsch_queue_packet_sent
                0x0000000000005ade       0x6e build/z1/contiki-ng-z1.a(tsch-queue.o)
                0x0000000000005ade                tsch_queue_packet_sent
 .any.text.tsch_queue_update_all_backoff_windows
                0x0000000000005b4c       0x56 build/z1/contiki-ng-z1.a(tsch-queue.o)
                0x0000000000005b4c                tsch_queue_update_all_backoff_windows
 .any.text.tsch_queue_init
                0x0000000000005ba2       0x36 build/z1/contiki-ng-z1.a(tsch-queue.o)
                0x0000000000005ba2                tsch_queue_init
 .any.text.tsch_schedule_get_slotframe_by_handle
                0x0000000000005bd8       0x2e build/z1/contiki-ng-z1.a(tsch-schedule.o)
                0x0000000000005bd8                tsch_schedule_get_slotframe_by_handle
 .any.text.tsch_schedule_add_slotframe
                0x0000000000005c06       0x74 build/z1/contiki-ng-z1.a(tsch-schedule.o)
                0x0000000000005c06                tsch_schedule_add_slotframe
 .any.text.tsch_schedule_remove_link
                0x0000000000005c7a       0x76 build/z1/contiki-ng-z1.a(tsch-schedule.o)
                0x0000000000005c7a                tsch_schedule_remove_link
 .any.text.tsch_schedule_remove_slotframe
                0x0000000000005cf0       0x4e build/z1/contiki-ng-z1.a(tsch-schedule.o)
                0x0000000000005cf0                tsch_schedule_remove_slotframe
 .any.text.tsch_schedule_remove_all_slotframes
                0x0000000000005d3e       0x1e build/z1/contiki-ng-z1.a(tsch-schedule.o)
                0x0000000000005d3e                tsch_schedule_remove_all_slotframes
 .any.text.tsch_schedule_get_link_by_just_timeslot
                0x0000000000005d5c       0x34 build/z1/contiki-ng-z1.a(tsch-schedule.o)
                0x0000000000005d5c                tsch_schedule_get_link_by_just_timeslot
 .any.text.tsch_schedule_get_link_by_timeslot
                0x0000000000005d90       0x44 build/z1/contiki-ng-z1.a(tsch-schedule.o)
                0x0000000000005d90                tsch_schedule_get_link_by_timeslot
 .any.text.tsch_schedule_remove_link_by_timeslot
                0x0000000000005dd4       0x14 build/z1/contiki-ng-z1.a(tsch-schedule.o)
                0x0000000000005dd4                tsch_schedule_remove_link_by_timeslot
 .any.text.dtsf_check_TX_timeslot
                0x0000000000005de8       0x54 build/z1/contiki-ng-z1.a(tsch-schedule.o)
                0x0000000000005de8                dtsf_check_TX_timeslot
 .any.text.tsch_schedule_add_link
                0x0000000000005e3c      0x210 build/z1/contiki-ng-z1.a(tsch-schedule.o)
                0x0000000000005e3c                tsch_schedule_add_link
 .any.text.tsch_schedule_get_next_active_link
                0x000000000000604c      0x19e build/z1/contiki-ng-z1.a(tsch-schedule.o)
                0x000000000000604c                tsch_schedule_get_next_active_link
 .any.text.tsch_schedule_init
                0x00000000000061ea       0x2c build/z1/contiki-ng-z1.a(tsch-schedule.o)
                0x00000000000061ea                tsch_schedule_init
 .any.text.tsch_schedule_create_minimal
                0x0000000000006216       0x4a build/z1/contiki-ng-z1.a(tsch-schedule.o)
                0x0000000000006216                tsch_schedule_create_minimal
 .any.text.tsch_schedule_slotframe_head
                0x0000000000006260        0xa build/z1/contiki-ng-z1.a(tsch-schedule.o)
                0x0000000000006260                tsch_schedule_slotframe_head
 .any.text.tsch_schedule_slotframe_next
                0x000000000000626a        0x6 build/z1/contiki-ng-z1.a(tsch-schedule.o)
                0x000000000000626a                tsch_schedule_slotframe_next
 .any.text.tsch_radio_on.part.0
                0x0000000000006270        0x6 build/z1/contiki-ng-z1.a(tsch-slot-opera)
 .any.text.tsch_radio_off.part.1
                0x0000000000006276        0x6 build/z1/contiki-ng-z1.a(tsch-slot-opera)
 .any.text.tsch_schedule_slot_operation.isra.2
                0x000000000000627c       0x5e build/z1/contiki-ng-z1.a(tsch-slot-opera)
 .any.text.get_packet_and_neighbor_for_link.constprop.5
                0x00000000000062da       0x68 build/z1/contiki-ng-z1.a(tsch-slot-opera)
 .any.text.tsch_tx_slot.constprop.4
                0x0000000000006342      0x45c build/z1/contiki-ng-z1.a(tsch-slot-opera)
 .any.text.tsch_is_locked
                0x000000000000679e        0x6 build/z1/contiki-ng-z1.a(tsch-slot-opera)
                0x000000000000679e                tsch_is_locked
 .any.text.tsch_get_lock
                0x00000000000067a4       0x42 build/z1/contiki-ng-z1.a(tsch-slot-opera)
                0x00000000000067a4                tsch_get_lock
 .any.text.tsch_release_lock
                0x00000000000067e6        0x6 build/z1/contiki-ng-z1.a(tsch-slot-opera)
                0x00000000000067e6                tsch_release_lock
 .any.text.tsch_calculate_channel
                0x00000000000067ec       0x54 build/z1/contiki-ng-z1.a(tsch-slot-opera)
                0x00000000000067ec                tsch_calculate_channel
 .any.text.tsch_slot_operation
                0x0000000000006840      0x6b0 build/z1/contiki-ng-z1.a(tsch-slot-opera)
 .any.text.tsch_get_network_uptime_ticks
                0x0000000000006ef0       0xa0 build/z1/contiki-ng-z1.a(tsch-slot-opera)
                0x0000000000006ef0                tsch_get_network_uptime_ticks
 .any.text.tsch_slot_operation_start
                0x0000000000006f90       0x86 build/z1/contiki-ng-z1.a(tsch-slot-opera)
                0x0000000000006f90                tsch_slot_operation_start
 .any.text.tsch_slot_operation_sync
                0x0000000000007016       0x42 build/z1/contiki-ng-z1.a(tsch-slot-opera)
                0x0000000000007016                tsch_slot_operation_sync
 .any.text.tsch_packet_eackbuf_attr
                0x0000000000007058        0xa build/z1/contiki-ng-z1.a(tsch-packet.o)
                0x0000000000007058                tsch_packet_eackbuf_attr
 .any.text.tsch_packet_create_eack
                0x0000000000007062       0xb6 build/z1/contiki-ng-z1.a(tsch-packet.o)
                0x0000000000007062                tsch_packet_create_eack
 .any.text.tsch_packet_parse_eack
                0x0000000000007118       0xb6 build/z1/contiki-ng-z1.a(tsch-packet.o)
                0x0000000000007118                tsch_packet_parse_eack
 .any.text.tsch_packet_create_eb
                0x00000000000071ce      0x17a build/z1/contiki-ng-z1.a(tsch-packet.o)
                0x00000000000071ce                tsch_packet_create_eb
 .any.text.tsch_packet_update_eb
                0x0000000000007348       0x42 build/z1/contiki-ng-z1.a(tsch-packet.o)
                0x0000000000007348                tsch_packet_update_eb
 .any.text.tsch_packet_parse_eb
                0x000000000000738a       0x7c build/z1/contiki-ng-z1.a(tsch-packet.o)
                0x000000000000738a                tsch_packet_parse_eb
 .any.text.tsch_packet_set_frame_pending
                0x0000000000007406        0x8 build/z1/contiki-ng-z1.a(tsch-packet.o)
                0x0000000000007406                tsch_packet_set_frame_pending
 .any.text.tsch_packet_get_frame_pending
                0x000000000000740e        0x8 build/z1/contiki-ng-z1.a(tsch-packet.o)
                0x000000000000740e                tsch_packet_get_frame_pending
 .any.text.tsch_security_set_packetbuf_attr
                0x0000000000007416        0x2 build/z1/contiki-ng-z1.a(tsch-security.o)
                0x0000000000007416                tsch_security_set_packetbuf_attr
 .any.text.tsch_rpl_callback_ka_sent
                0x0000000000007418       0x1a build/z1/contiki-ng-z1.a(tsch-rpl.o)
                0x0000000000007418                tsch_rpl_callback_ka_sent
 .any.text.tsch_rpl_callback_joining_network
                0x0000000000007432        0x2 build/z1/contiki-ng-z1.a(tsch-rpl.o)
                0x0000000000007432                tsch_rpl_callback_joining_network
 .any.text.tsch_rpl_callback_leaving_network
                0x0000000000007434        0xe build/z1/contiki-ng-z1.a(tsch-rpl.o)
                0x0000000000007434                tsch_rpl_callback_leaving_network
 .any.text.tsch_rpl_callback_new_dio_interval
                0x0000000000007442       0x46 build/z1/contiki-ng-z1.a(tsch-rpl.o)
                0x0000000000007442                tsch_rpl_callback_new_dio_interval
 .any.text.tsch_rpl_callback_parent_switch
                0x0000000000007488       0x1a build/z1/contiki-ng-z1.a(tsch-rpl.o)
                0x0000000000007488                tsch_rpl_callback_parent_switch
 .any.text.tsch_rpl_check_dodag_joined
                0x00000000000074a2        0x6 build/z1/contiki-ng-z1.a(tsch-rpl.o)
                0x00000000000074a2                tsch_rpl_check_dodag_joined
 .any.text.tsch_adaptive_timesync_get_drift_ppm
                0x00000000000074a8       0x22 build/z1/contiki-ng-z1.a(tsch-adaptive-t)
                0x00000000000074a8                tsch_adaptive_timesync_get_drift_ppm
 .any.text.tsch_timesync_adaptive_compensate
                0x00000000000074ca      0x20c build/z1/contiki-ng-z1.a(tsch-adaptive-t)
                0x00000000000074ca                tsch_timesync_adaptive_compensate
 .any.text.tsch_adaptive_timesync_reset
                0x00000000000076d6       0x22 build/z1/contiki-ng-z1.a(tsch-adaptive-t)
                0x00000000000076d6                tsch_adaptive_timesync_reset
 .any.text.tsch_timesync_update
                0x00000000000076f8      0x184 build/z1/contiki-ng-z1.a(tsch-adaptive-t)
                0x00000000000076f8                tsch_timesync_update
 .any.text.uip_ds6_default_prefix
                0x000000000000787c        0x6 build/z1/contiki-ng-z1.a(uip-ds6.o)
                0x000000000000787c                uip_ds6_default_prefix
 .any.text.uip_ds6_list_loop
                0x0000000000007882       0x72 build/z1/contiki-ng-z1.a(uip-ds6.o)
                0x0000000000007882                uip_ds6_list_loop
 .any.text.uip_ds6_prefix_add
                0x00000000000078f4       0x70 build/z1/contiki-ng-z1.a(uip-ds6.o)
                0x00000000000078f4                uip_ds6_prefix_add
 .any.text.uip_ds6_is_addr_onlink
                0x0000000000007964       0x42 build/z1/contiki-ng-z1.a(uip-ds6.o)
                0x0000000000007964                uip_ds6_is_addr_onlink
 .any.text.uip_ds6_addr_lookup
                0x00000000000079a6       0x2a build/z1/contiki-ng-z1.a(uip-ds6.o)
                0x00000000000079a6                uip_ds6_addr_lookup
 .any.text.uip_ds6_get_link_local
                0x00000000000079d0       0x3e build/z1/contiki-ng-z1.a(uip-ds6.o)
                0x00000000000079d0                uip_ds6_get_link_local
 .any.text.uip_ds6_maddr_add
                0x0000000000007a0e       0x48 build/z1/contiki-ng-z1.a(uip-ds6.o)
                0x0000000000007a0e                uip_ds6_maddr_add
 .any.text.uip_ds6_addr_add
                0x0000000000007a56       0xb4 build/z1/contiki-ng-z1.a(uip-ds6.o)
                0x0000000000007a56                uip_ds6_addr_add
 .any.text.uip_ds6_maddr_rm
                0x0000000000007b0a        0xa build/z1/contiki-ng-z1.a(uip-ds6.o)
                0x0000000000007b0a                uip_ds6_maddr_rm
 .any.text.uip_ds6_maddr_lookup
                0x0000000000007b14       0x2a build/z1/contiki-ng-z1.a(uip-ds6.o)
                0x0000000000007b14                uip_ds6_maddr_lookup
 .any.text.uip_ds6_addr_rm
                0x0000000000007b3e       0x54 build/z1/contiki-ng-z1.a(uip-ds6.o)
                0x0000000000007b3e                uip_ds6_addr_rm
 .any.text.uip_ds6_periodic
                0x0000000000007b92       0x46 build/z1/contiki-ng-z1.a(uip-ds6.o)
                0x0000000000007b92                uip_ds6_periodic
 .any.text.uip_ds6_set_addr_iid
                0x0000000000007bd8       0x14 build/z1/contiki-ng-z1.a(uip-ds6.o)
                0x0000000000007bd8                uip_ds6_set_addr_iid
 .any.text.uip_ds6_set_lladdr_from_iid
                0x0000000000007bec       0x14 build/z1/contiki-ng-z1.a(uip-ds6.o)
                0x0000000000007bec                uip_ds6_set_lladdr_from_iid
 .any.text.get_match_length
                0x0000000000007c00       0x3c build/z1/contiki-ng-z1.a(uip-ds6.o)
                0x0000000000007c00                get_match_length
 .any.text.uip_ds6_select_src
                0x0000000000007c3c       0x9a build/z1/contiki-ng-z1.a(uip-ds6.o)
                0x0000000000007c3c                uip_ds6_select_src
 .any.text.uip_ds6_compute_reachable_time
                0x0000000000007cd6       0x36 build/z1/contiki-ng-z1.a(uip-ds6.o)
                0x0000000000007cd6                uip_ds6_compute_reachable_time
 .any.text.uip_ds6_init
                0x0000000000007d0c      0x164 build/z1/contiki-ng-z1.a(uip-ds6.o)
                0x0000000000007d0c                uip_ds6_init
 .any.text.uiplib_ip6addrconv
                0x0000000000007e70       0xfa build/z1/contiki-ng-z1.a(uiplib.o)
                0x0000000000007e70                uiplib_ip6addrconv
 .any.text.uiplib_ipaddr_snprint
                0x0000000000007f6a      0x114 build/z1/contiki-ng-z1.a(uiplib.o)
                0x0000000000007f6a                uiplib_ipaddr_snprint
 .any.text.uip_ds6_route_init
                0x000000000000807e       0x12 build/z1/contiki-ng-z1.a(uip-ds6-route.o)
                0x000000000000807e                uip_ds6_route_init
 .any.text.uip_ds6_route_nexthop
                0x0000000000008090        0x4 build/z1/contiki-ng-z1.a(uip-ds6-route.o)
                0x0000000000008090                uip_ds6_route_nexthop
 .any.text.uip_ds6_route_lookup
                0x0000000000008094        0x4 build/z1/contiki-ng-z1.a(uip-ds6-route.o)
                0x0000000000008094                uip_ds6_route_lookup
 .any.text.uip_ds6_route_rm
                0x0000000000008098        0x2 build/z1/contiki-ng-z1.a(uip-ds6-route.o)
                0x0000000000008098                uip_ds6_route_rm
 .any.text.uip_ds6_defrt_rm
                0x000000000000809a       0x38 build/z1/contiki-ng-z1.a(uip-ds6-route.o)
                0x000000000000809a                uip_ds6_defrt_rm
 .any.text.uip_ds6_defrt_lookup
                0x00000000000080d2       0x3c build/z1/contiki-ng-z1.a(uip-ds6-route.o)
                0x00000000000080d2                uip_ds6_defrt_lookup
 .any.text.uip_ds6_defrt_add
                0x000000000000810e       0x66 build/z1/contiki-ng-z1.a(uip-ds6-route.o)
                0x000000000000810e                uip_ds6_defrt_add
 .any.text.uip_ds6_defrt_choose
                0x0000000000008174       0x36 build/z1/contiki-ng-z1.a(uip-ds6-route.o)
                0x0000000000008174                uip_ds6_defrt_choose
 .any.text.uip_ds6_defrt_periodic
                0x00000000000081aa       0x38 build/z1/contiki-ng-z1.a(uip-ds6-route.o)
                0x00000000000081aa                uip_ds6_defrt_periodic
 .any.text.tcpip_output
                0x00000000000081e2       0x22 build/z1/contiki-ng-z1.a(tcpip.o)
                0x00000000000081e2                tcpip_output
 .any.text.udp_new
                0x0000000000008204       0x1a build/z1/contiki-ng-z1.a(tcpip.o)
                0x0000000000008204                udp_new
 .any.text.tcpip_input
                0x000000000000821e       0x1e build/z1/contiki-ng-z1.a(tcpip.o)
                0x000000000000821e                tcpip_input
 .any.text.tcpip_ipv6_output
                0x000000000000823c      0x112 build/z1/contiki-ng-z1.a(tcpip.o)
                0x000000000000823c                tcpip_ipv6_output
 .any.text.packet_input.part.3
                0x000000000000834e       0x12 build/z1/contiki-ng-z1.a(tcpip.o)
 .any.text.process_thread_tcpip_process
                0x0000000000008360       0xc2 build/z1/contiki-ng-z1.a(tcpip.o)
 .any.text.tcpip_uipcall
                0x0000000000008422       0x2a build/z1/contiki-ng-z1.a(tcpip.o)
                0x0000000000008422                tcpip_uipcall
 .any.text.chksum
                0x000000000000844c       0x32 build/z1/contiki-ng-z1.a(uip6.o)
 .any.text.upper_layer_chksum
                0x000000000000847e       0x54 build/z1/contiki-ng-z1.a(uip6.o)
 .any.text.ext_hdr_options_process
                0x00000000000084d2       0x92 build/z1/contiki-ng-z1.a(uip6.o)
 .any.text.uip_check_mtu
                0x0000000000008564       0x1e build/z1/contiki-ng-z1.a(uip6.o)
 .any.text.uip_update_ttl
                0x0000000000008582       0x24 build/z1/contiki-ng-z1.a(uip6.o)
 .any.text.uip_icmp6chksum
                0x00000000000085a6        0xa build/z1/contiki-ng-z1.a(uip6.o)
                0x00000000000085a6                uip_icmp6chksum
 .any.text.uip_udpchksum
                0x00000000000085b0        0xa build/z1/contiki-ng-z1.a(uip6.o)
                0x00000000000085b0                uip_udpchksum
 .any.text.uip_init
                0x00000000000085ba       0x24 build/z1/contiki-ng-z1.a(uip6.o)
                0x00000000000085ba                uip_init
 .any.text.uip_remove_ext_hdr
                0x00000000000085de       0x5e build/z1/contiki-ng-z1.a(uip6.o)
                0x00000000000085de                uip_remove_ext_hdr
 .any.text.uip_udp_new
                0x000000000000863c       0x84 build/z1/contiki-ng-z1.a(uip6.o)
                0x000000000000863c                uip_udp_new
 .any.text.uip_process
                0x00000000000086c0      0x4b6 build/z1/contiki-ng-z1.a(uip6.o)
                0x00000000000086c0                uip_process
 .any.text.uip_htonl
                0x0000000000008b76       0x2a build/z1/contiki-ng-z1.a(uip6.o)
                0x0000000000008b76                uip_htonl
 .any.text.uip_ds6_nbr_rm
                0x0000000000008ba0       0x1e build/z1/contiki-ng-z1.a(uip-ds6-nbr.o)
                0x0000000000008ba0                uip_ds6_nbr_rm
 .any.text.uip_ds6_neighbors_init
                0x0000000000008bbe       0x12 build/z1/contiki-ng-z1.a(uip-ds6-nbr.o)
                0x0000000000008bbe                uip_ds6_neighbors_init
 .any.text.uip_ds6_nbr_add
                0x0000000000008bd0       0x36 build/z1/contiki-ng-z1.a(uip-ds6-nbr.o)
                0x0000000000008bd0                uip_ds6_nbr_add
 .any.text.uip_ds6_nbr_get_ipaddr
                0x0000000000008c06        0x2 build/z1/contiki-ng-z1.a(uip-ds6-nbr.o)
                0x0000000000008c06                uip_ds6_nbr_get_ipaddr
 .any.text.uip_ds6_nbr_get_ll
                0x0000000000008c08        0xc build/z1/contiki-ng-z1.a(uip-ds6-nbr.o)
                0x0000000000008c08                uip_ds6_nbr_get_ll
 .any.text.uip_ds6_nbr_head
                0x0000000000008c14        0xa build/z1/contiki-ng-z1.a(uip-ds6-nbr.o)
                0x0000000000008c14                uip_ds6_nbr_head
 .any.text.uip_ds6_nbr_next
                0x0000000000008c1e        0xc build/z1/contiki-ng-z1.a(uip-ds6-nbr.o)
                0x0000000000008c1e                uip_ds6_nbr_next
 .any.text.uip_ds6_nbr_lookup
                0x0000000000008c2a       0x36 build/z1/contiki-ng-z1.a(uip-ds6-nbr.o)
                0x0000000000008c2a                uip_ds6_nbr_lookup
 .any.text.uip_ds6_nbr_ll_lookup
                0x0000000000008c60        0xc build/z1/contiki-ng-z1.a(uip-ds6-nbr.o)
                0x0000000000008c60                uip_ds6_nbr_ll_lookup
 .any.text.uip_ds6_nbr_update_ll
                0x0000000000008c6c       0x6e build/z1/contiki-ng-z1.a(uip-ds6-nbr.o)
                0x0000000000008c6c                uip_ds6_nbr_update_ll
 .any.text.uip_ds6_nbr_ipaddr_from_lladdr
                0x0000000000008cda        0x6 build/z1/contiki-ng-z1.a(uip-ds6-nbr.o)
                0x0000000000008cda                uip_ds6_nbr_ipaddr_from_lladdr
 .any.text.uip_ds6_nbr_lladdr_from_ipaddr
                0x0000000000008ce0       0x12 build/z1/contiki-ng-z1.a(uip-ds6-nbr.o)
                0x0000000000008ce0                uip_ds6_nbr_lladdr_from_ipaddr
 .any.text.uip_ds6_link_callback
                0x0000000000008cf2        0x2 build/z1/contiki-ng-z1.a(uip-ds6-nbr.o)
                0x0000000000008cf2                uip_ds6_link_callback
 .any.text.ns_input
                0x0000000000008cf4      0x27e build/z1/contiki-ng-z1.a(uip-nd6.o)
 .any.text.uip_nd6_init
                0x0000000000008f72        0xa build/z1/contiki-ng-z1.a(uip-nd6.o)
                0x0000000000008f72                uip_nd6_init
 .any.text.process_thread_simple_udp_process
                0x0000000000008f7c       0xa8 build/z1/contiki-ng-z1.a(simple-udp.o)
 .any.text.simple_udp_register
                0x0000000000009024       0x88 build/z1/contiki-ng-z1.a(simple-udp.o)
                0x0000000000009024                simple_udp_register
 .any.text.addr_context_lookup_by_number
                0x00000000000090ac       0x16 build/z1/contiki-ng-z1.a(sicslowpan.o)
 .any.text.sicslowpan_init
                0x00000000000090c2       0x18 build/z1/contiki-ng-z1.a(sicslowpan.o)
                0x00000000000090c2                sicslowpan_init
 .any.text.set_packet_attrs
                0x00000000000090da       0x66 build/z1/contiki-ng-z1.a(sicslowpan.o)
 .any.text.compress_addr_64
                0x0000000000009140       0x9a build/z1/contiki-ng-z1.a(sicslowpan.o)
 .any.text.addr_context_lookup_by_prefix
                0x00000000000091da       0x20 build/z1/contiki-ng-z1.a(sicslowpan.o)
 .any.text.output
                0x00000000000091fa      0x67e build/z1/contiki-ng-z1.a(sicslowpan.o)
 .any.text.packet_sent
                0x0000000000009878       0x4e build/z1/contiki-ng-z1.a(sicslowpan.o)
 .any.text.uncompress_addr
                0x00000000000098c6       0x96 build/z1/contiki-ng-z1.a(sicslowpan.o)
 .any.text.input
                0x000000000000995c      0x586 build/z1/contiki-ng-z1.a(sicslowpan.o)
 .any.text.remove_neighbor
                0x0000000000009ee2       0x24 build/z1/contiki-ng-z1.a(rpl-neighbor.o)
 .any.text.rpl_neighbor_count
                0x0000000000009f06       0x2c build/z1/contiki-ng-z1.a(rpl-neighbor.o)
                0x0000000000009f06                rpl_neighbor_count
 .any.text.rpl_neighbor_get_from_lladdr
                0x0000000000009f32        0xc build/z1/contiki-ng-z1.a(rpl-neighbor.o)
                0x0000000000009f32                rpl_neighbor_get_from_lladdr
 .any.text.rpl_neighbor_is_acceptable_parent
                0x0000000000009f3e       0x20 build/z1/contiki-ng-z1.a(rpl-neighbor.o)
                0x0000000000009f3e                rpl_neighbor_is_acceptable_parent
 .any.text.rpl_neighbor_get_link_metric
                0x0000000000009f5e       0x18 build/z1/contiki-ng-z1.a(rpl-neighbor.o)
                0x0000000000009f5e                rpl_neighbor_get_link_metric
 .any.text.rpl_neighbor_rank_via_nbr
                0x0000000000009f76       0x18 build/z1/contiki-ng-z1.a(rpl-neighbor.o)
                0x0000000000009f76                rpl_neighbor_rank_via_nbr
 .any.text.rpl_neighbor_get_lladdr
                0x0000000000009f8e        0xc build/z1/contiki-ng-z1.a(rpl-neighbor.o)
                0x0000000000009f8e                rpl_neighbor_get_lladdr
 .any.text.rpl_neighbor_get_ipaddr
                0x0000000000009f9a        0xa build/z1/contiki-ng-z1.a(rpl-neighbor.o)
                0x0000000000009f9a                rpl_neighbor_get_ipaddr
 .any.text.rpl_neighbor_get_link_stats
                0x0000000000009fa4        0xa build/z1/contiki-ng-z1.a(rpl-neighbor.o)
                0x0000000000009fa4                rpl_neighbor_get_link_stats
 .any.text.rpl_neighbor_is_fresh
                0x0000000000009fae        0xa build/z1/contiki-ng-z1.a(rpl-neighbor.o)
                0x0000000000009fae                rpl_neighbor_is_fresh
 .any.text.best_parent
                0x0000000000009fb8       0x9c build/z1/contiki-ng-z1.a(rpl-neighbor.o)
 .any.text.rpl_neighbor_snprint
                0x000000000000a054      0x1f0 build/z1/contiki-ng-z1.a(rpl-neighbor.o)
                0x000000000000a054                rpl_neighbor_snprint
 .any.text.rpl_neighbor_is_parent
                0x000000000000a244       0x18 build/z1/contiki-ng-z1.a(rpl-neighbor.o)
                0x000000000000a244                rpl_neighbor_is_parent
 .any.text.rpl_neighbor_set_preferred_parent
                0x000000000000a25c       0x56 build/z1/contiki-ng-z1.a(rpl-neighbor.o)
                0x000000000000a25c                rpl_neighbor_set_preferred_parent
 .any.text.rpl_neighbor_remove_all
                0x000000000000a2b2       0x30 build/z1/contiki-ng-z1.a(rpl-neighbor.o)
                0x000000000000a2b2                rpl_neighbor_remove_all
 .any.text.rpl_neighbor_get_from_ipaddr
                0x000000000000a2e2       0x14 build/z1/contiki-ng-z1.a(rpl-neighbor.o)
                0x000000000000a2e2                rpl_neighbor_get_from_ipaddr
 .any.text.rpl_neighbor_select_best
                0x000000000000a2f6       0x54 build/z1/contiki-ng-z1.a(rpl-neighbor.o)
                0x000000000000a2f6                rpl_neighbor_select_best
 .any.text.rpl_neighbor_init
                0x000000000000a34a       0x12 build/z1/contiki-ng-z1.a(rpl-neighbor.o)
                0x000000000000a34a                rpl_neighbor_init
 .any.text.init_dag
                0x000000000000a35c       0x78 build/z1/contiki-ng-z1.a(rpl-dag.o)
 .any.text.process_dio_init_dag
                0x000000000000a3d4       0xb0 build/z1/contiki-ng-z1.a(rpl-dag.o)
 .any.text.rpl_dag_get_root_ipaddr
                0x000000000000a484       0x1e build/z1/contiki-ng-z1.a(rpl-dag.o)
                0x000000000000a484                rpl_dag_get_root_ipaddr
 .any.text.rpl_dag_leave
                0x000000000000a4a2       0x4a build/z1/contiki-ng-z1.a(rpl-dag.o)
                0x000000000000a4a2                rpl_dag_leave
 .any.text.rpl_dag_poison_and_leave
                0x000000000000a4ec        0xc build/z1/contiki-ng-z1.a(rpl-dag.o)
                0x000000000000a4ec                rpl_dag_poison_and_leave
 .any.text.rpl_dag_periodic
                0x000000000000a4f8       0x6a build/z1/contiki-ng-z1.a(rpl-dag.o)
                0x000000000000a4f8                rpl_dag_periodic
 .any.text.rpl_is_addr_in_our_dag
                0x000000000000a562       0x26 build/z1/contiki-ng-z1.a(rpl-dag.o)
                0x000000000000a562                rpl_is_addr_in_our_dag
 .any.text.rpl_refresh_routes
                0x000000000000a588       0x20 build/z1/contiki-ng-z1.a(rpl-dag.o)
                0x000000000000a588                rpl_refresh_routes
 .any.text.rpl_local_repair
                0x000000000000a5a8       0x2a build/z1/contiki-ng-z1.a(rpl-dag.o)
                0x000000000000a5a8                rpl_local_repair
 .any.text.rpl_global_repair
                0x000000000000a5d2       0x2e build/z1/contiki-ng-z1.a(rpl-dag.o)
                0x000000000000a5d2                rpl_global_repair
 .any.text.rpl_dag_ready_to_advertise
                0x000000000000a600       0x22 build/z1/contiki-ng-z1.a(rpl-dag.o)
                0x000000000000a600                rpl_dag_ready_to_advertise
 .any.text.rpl_dag_update_state
                0x000000000000a622      0x138 build/z1/contiki-ng-z1.a(rpl-dag.o)
                0x000000000000a622                rpl_dag_update_state
 .any.text.rpl_process_dio
                0x000000000000a75a      0x19e build/z1/contiki-ng-z1.a(rpl-dag.o)
                0x000000000000a75a                rpl_process_dio
 .any.text.rpl_process_dis
                0x000000000000a8f8       0x2a build/z1/contiki-ng-z1.a(rpl-dag.o)
                0x000000000000a8f8                rpl_process_dis
 .any.text.rpl_process_dao
                0x000000000000a922       0x66 build/z1/contiki-ng-z1.a(rpl-dag.o)
                0x000000000000a922                rpl_process_dao
 .any.text.rpl_process_dao_ack
                0x000000000000a988       0x50 build/z1/contiki-ng-z1.a(rpl-dag.o)
                0x000000000000a988                rpl_process_dao_ack
 .any.text.rpl_process_hbh
                0x000000000000a9d8       0x26 build/z1/contiki-ng-z1.a(rpl-dag.o)
                0x000000000000a9d8                rpl_process_hbh
 .any.text.rpl_dag_init_root
                0x000000000000a9fe       0xac build/z1/contiki-ng-z1.a(rpl-dag.o)
                0x000000000000a9fe                rpl_dag_init_root
 .any.text.rpl_dag_init
                0x000000000000aaaa       0x10 build/z1/contiki-ng-z1.a(rpl-dag.o)
                0x000000000000aaaa                rpl_dag_init
 .any.text.handle_state_update
                0x000000000000aaba        0x6 build/z1/contiki-ng-z1.a(rpl-timers.o)
 .any.text.handle_leaving_timer
                0x000000000000aac0        0xc build/z1/contiki-ng-z1.a(rpl-timers.o)
 .any.text.schedule_dao_retransmission
                0x000000000000aacc       0x30 build/z1/contiki-ng-z1.a(rpl-timers.o)
 .any.text.handle_unicast_dio_timer
                0x000000000000aafc       0x12 build/z1/contiki-ng-z1.a(rpl-timers.o)
 .any.text.send_new_dao
                0x000000000000ab0e       0x28 build/z1/contiki-ng-z1.a(rpl-timers.o)
 .any.text.resend_dao
                0x000000000000ab36       0x24 build/z1/contiki-ng-z1.a(rpl-timers.o)
 .any.text.handle_dao_ack_timer
                0x000000000000ab5a       0x12 build/z1/contiki-ng-z1.a(rpl-timers.o)
 .any.text.new_dio_interval
                0x000000000000ab6c       0xae build/z1/contiki-ng-z1.a(rpl-timers.o)
 .any.text.handle_dio_timer
                0x000000000000ac1a       0x6e build/z1/contiki-ng-z1.a(rpl-timers.o)
 .any.text.rpl_timers_schedule_periodic_dis
                0x000000000000ac88       0x3c build/z1/contiki-ng-z1.a(rpl-timers.o)
                0x000000000000ac88                rpl_timers_schedule_periodic_dis
 .any.text.handle_periodic_timer
                0x000000000000acc4       0x3a build/z1/contiki-ng-z1.a(rpl-timers.o)
 .any.text.handle_dis_timer
                0x000000000000acfe       0x26 build/z1/contiki-ng-z1.a(rpl-timers.o)
 .any.text.rpl_timers_dio_reset
                0x000000000000ad24       0x2e build/z1/contiki-ng-z1.a(rpl-timers.o)
                0x000000000000ad24                rpl_timers_dio_reset
 .any.text.rpl_timers_schedule_unicast_dio
                0x000000000000ad52       0x20 build/z1/contiki-ng-z1.a(rpl-timers.o)
                0x000000000000ad52                rpl_timers_schedule_unicast_dio
 .any.text.rpl_timers_schedule_dao
                0x000000000000ad72       0x38 build/z1/contiki-ng-z1.a(rpl-timers.o)
                0x000000000000ad72                rpl_timers_schedule_dao
 .any.text.rpl_timers_schedule_dao_ack
                0x000000000000adaa       0x34 build/z1/contiki-ng-z1.a(rpl-timers.o)
                0x000000000000adaa                rpl_timers_schedule_dao_ack
 .any.text.rpl_timers_notify_dao_ack
                0x000000000000adde       0x7e build/z1/contiki-ng-z1.a(rpl-timers.o)
                0x000000000000adde                rpl_timers_notify_dao_ack
 .any.text.get_probing_delay
                0x000000000000ae5c       0x1c build/z1/contiki-ng-z1.a(rpl-timers.o)
                0x000000000000ae5c                get_probing_delay
 .any.text.get_probing_target
                0x000000000000ae78       0xda build/z1/contiki-ng-z1.a(rpl-timers.o)
                0x000000000000ae78                get_probing_target
 .any.text.rpl_schedule_probing
                0x000000000000af52       0x20 build/z1/contiki-ng-z1.a(rpl-timers.o)
                0x000000000000af52                rpl_schedule_probing
 .any.text.handle_probing_timer
                0x000000000000af72       0x26 build/z1/contiki-ng-z1.a(rpl-timers.o)
 .any.text.rpl_schedule_probing_now
                0x000000000000af98       0x24 build/z1/contiki-ng-z1.a(rpl-timers.o)
                0x000000000000af98                rpl_schedule_probing_now
 .any.text.rpl_timers_unschedule_leaving
                0x000000000000afbc       0x1c build/z1/contiki-ng-z1.a(rpl-timers.o)
                0x000000000000afbc                rpl_timers_unschedule_leaving
 .any.text.rpl_timers_schedule_leaving
                0x000000000000afd8       0x2a build/z1/contiki-ng-z1.a(rpl-timers.o)
                0x000000000000afd8                rpl_timers_schedule_leaving
 .any.text.rpl_timers_init
                0x000000000000b002       0x1c build/z1/contiki-ng-z1.a(rpl-timers.o)
                0x000000000000b002                rpl_timers_init
 .any.text.rpl_timers_stop_dag_timers
                0x000000000000b01e       0x4c build/z1/contiki-ng-z1.a(rpl-timers.o)
                0x000000000000b01e                rpl_timers_stop_dag_timers
 .any.text.rpl_timers_unschedule_state_update
                0x000000000000b06a       0x10 build/z1/contiki-ng-z1.a(rpl-timers.o)
                0x000000000000b06a                rpl_timers_unschedule_state_update
 .any.text.rpl_timers_schedule_state_update
                0x000000000000b07a       0x1c build/z1/contiki-ng-z1.a(rpl-timers.o)
                0x000000000000b07a                rpl_timers_schedule_state_update
 .any.text.rpl_has_joined
                0x000000000000b096       0x12 build/z1/contiki-ng-z1.a(rpl.o)
                0x000000000000b096                rpl_has_joined
 .any.text.rpl_is_reachable
                0x000000000000b0a8       0x12 build/z1/contiki-ng-z1.a(rpl.o)
                0x000000000000b0a8                rpl_is_reachable
 .any.text.neighbor_state_changed
                0x000000000000b0ba        0x2 build/z1/contiki-ng-z1.a(rpl.o)
 .any.text.drop_route
                0x000000000000b0bc        0x2 build/z1/contiki-ng-z1.a(rpl.o)
 .any.text.rpl_get_leaf_only
                0x000000000000b0be        0x6 build/z1/contiki-ng-z1.a(rpl.o)
                0x000000000000b0be                rpl_get_leaf_only
 .any.text.get_sr_node_ipaddr
                0x000000000000b0c4       0x30 build/z1/contiki-ng-z1.a(rpl.o)
 .any.text.init
                0x000000000000b0f4       0x42 build/z1/contiki-ng-z1.a(rpl.o)
 .any.text.set_ip_from_prefix
                0x000000000000b136       0x30 build/z1/contiki-ng-z1.a(rpl.o)
 .any.text.rpl_link_callback
                0x000000000000b166       0x1e build/z1/contiki-ng-z1.a(rpl.o)
                0x000000000000b166                rpl_link_callback
 .any.text.rpl_lollipop_greater_than
                0x000000000000b184       0x3c build/z1/contiki-ng-z1.a(rpl.o)
                0x000000000000b184                rpl_lollipop_greater_than
 .any.text.rpl_get_global_address
                0x000000000000b1c0       0x8c build/z1/contiki-ng-z1.a(rpl.o)
                0x000000000000b1c0                rpl_get_global_address
 .any.text.rpl_reset_prefix
                0x000000000000b24c       0x24 build/z1/contiki-ng-z1.a(rpl.o)
                0x000000000000b24c                rpl_reset_prefix
 .any.text.rpl_set_prefix_from_addr
                0x000000000000b270       0x80 build/z1/contiki-ng-z1.a(rpl.o)
                0x000000000000b270                rpl_set_prefix_from_addr
 .any.text.reset
                0x000000000000b2f0        0x2 build/z1/contiki-ng-z1.a(rpl-mrhof.o)
 .any.text.update_metric_container
                0x000000000000b2f2        0x6 build/z1/contiki-ng-z1.a(rpl-mrhof.o)
 .any.text.nbr_link_metric
                0x000000000000b2f8       0x12 build/z1/contiki-ng-z1.a(rpl-mrhof.o)
 .any.text.nbr_has_usable_link
                0x000000000000b30a       0x14 build/z1/contiki-ng-z1.a(rpl-mrhof.o)
 .any.text.nbr_path_cost
                0x000000000000b31e       0x34 build/z1/contiki-ng-z1.a(rpl-mrhof.o)
 .any.text.within_hysteresis
                0x000000000000b352       0x4c build/z1/contiki-ng-z1.a(rpl-mrhof.o)
 .any.text.nbr_is_acceptable_parent
                0x000000000000b39e       0x28 build/z1/contiki-ng-z1.a(rpl-mrhof.o)
 .any.text.rank_via_nbr
                0x000000000000b3c6       0x40 build/z1/contiki-ng-z1.a(rpl-mrhof.o)
 .any.text.best_parent
                0x000000000000b406       0x74 build/z1/contiki-ng-z1.a(rpl-mrhof.o)
 .any.text.get32
                0x000000000000b47a       0x3e build/z1/contiki-ng-z1.a(rpl-icmp6.o)
 .any.text.set32
                0x000000000000b4b8       0x2a build/z1/contiki-ng-z1.a(rpl-icmp6.o)
 .any.text.get16
                0x000000000000b4e2        0xe build/z1/contiki-ng-z1.a(rpl-icmp6.o)
 .any.text.set16
                0x000000000000b4f0       0x10 build/z1/contiki-ng-z1.a(rpl-icmp6.o)
 .any.text.dao_ack_input
                0x000000000000b500       0x30 build/z1/contiki-ng-z1.a(rpl-icmp6.o)
 .any.text.dao_input
                0x000000000000b530      0x166 build/z1/contiki-ng-z1.a(rpl-icmp6.o)
 .any.text.dio_input
                0x000000000000b696      0x294 build/z1/contiki-ng-z1.a(rpl-icmp6.o)
 .any.text.dis_input
                0x000000000000b92a       0x1e build/z1/contiki-ng-z1.a(rpl-icmp6.o)
 .any.text.rpl_icmp6_update_nbr_table
                0x000000000000b948       0x2e build/z1/contiki-ng-z1.a(rpl-icmp6.o)
                0x000000000000b948                rpl_icmp6_update_nbr_table
 .any.text.rpl_icmp6_dis_output
                0x000000000000b976       0x34 build/z1/contiki-ng-z1.a(rpl-icmp6.o)
                0x000000000000b976                rpl_icmp6_dis_output
 .any.text.rpl_icmp6_dio_output
                0x000000000000b9aa      0x228 build/z1/contiki-ng-z1.a(rpl-icmp6.o)
                0x000000000000b9aa                rpl_icmp6_dio_output
 .any.text.rpl_icmp6_dao_output
                0x000000000000bbd2       0xd6 build/z1/contiki-ng-z1.a(rpl-icmp6.o)
                0x000000000000bbd2                rpl_icmp6_dao_output
 .any.text.rpl_icmp6_dao_ack_output
                0x000000000000bca8       0x46 build/z1/contiki-ng-z1.a(rpl-icmp6.o)
                0x000000000000bca8                rpl_icmp6_dao_ack_output
 .any.text.rpl_icmp6_init
                0x000000000000bcee       0x22 build/z1/contiki-ng-z1.a(rpl-icmp6.o)
                0x000000000000bcee                rpl_icmp6_init
 .any.text.rpl_dag_root_set_prefix
                0x000000000000bd10       0x5e build/z1/contiki-ng-z1.a(rpl-dag-root.o)
                0x000000000000bd10                rpl_dag_root_set_prefix
 .any.text.rpl_dag_root_start
                0x000000000000bd6e       0x82 build/z1/contiki-ng-z1.a(rpl-dag-root.o)
                0x000000000000bd6e                rpl_dag_root_start
 .any.text.rpl_dag_root_is_root
                0x000000000000bdf0       0x14 build/z1/contiki-ng-z1.a(rpl-dag-root.o)
                0x000000000000bdf0                rpl_dag_root_is_root
 .any.text.init_platform
                0x000000000000be04        0xc build/z1/contiki-ng-z1.a(contiki-z1-plat)
                0x000000000000be04                init_platform
 .any.text.leds_init
                0x000000000000be10        0x6 build/z1/contiki-ng-z1.a(leds.o)
                0x000000000000be10                leds_init
 .any.text.leds_on
                0x000000000000be16       0x12 build/z1/contiki-ng-z1.a(leds.o)
                0x000000000000be16                leds_on
 .any.text.leds_off
                0x000000000000be28       0x12 build/z1/contiki-ng-z1.a(leds.o)
                0x000000000000be28                leds_off
 .any.text.wait_ready
                0x000000000000be3a       0x46 build/z1/contiki-ng-z1.a(xmem.o)
 .any.text.xmem_init
                0x000000000000be80       0x1e build/z1/contiki-ng-z1.a(xmem.o)
                0x000000000000be80                xmem_init
 .any.text.xmem_pread
                0x000000000000be9e       0x88 build/z1/contiki-ng-z1.a(xmem.o)
                0x000000000000be9e                xmem_pread
 .any.text.spi_init
                0x000000000000bf26       0x32 build/z1/contiki-ng-z1.a(spi-legacy.o)
                0x000000000000bf26                spi_init
 .any.text.set_object
                0x000000000000bf58        0x4 build/z1/contiki-ng-z1.a(cc2420.o)
 .any.text.strobe
                0x000000000000bf5c       0x1a build/z1/contiki-ng-z1.a(cc2420.o)
 .any.text.getreg
                0x000000000000bf76       0x46 build/z1/contiki-ng-z1.a(cc2420.o)
 .any.text.setreg
                0x000000000000bfbc       0x44 build/z1/contiki-ng-z1.a(cc2420.o)
 .any.text.write_ram
                0x000000000000c000       0x72 build/z1/contiki-ng-z1.a(cc2420.o)
 .any.text.write_fifo_buf
                0x000000000000c072       0x38 build/z1/contiki-ng-z1.a(cc2420.o)
 .any.text.get_status
                0x000000000000c0aa       0x1e build/z1/contiki-ng-z1.a(cc2420.o)
 .any.text.on   0x000000000000c0c8       0x1a build/z1/contiki-ng-z1.a(cc2420.o)
 .any.text.cc2420_receiving_packet
                0x000000000000c0e2        0xa build/z1/contiki-ng-z1.a(cc2420.o)
 .any.text.pending_packet
                0x000000000000c0ec        0xa build/z1/contiki-ng-z1.a(cc2420.o)
 .any.text.wait_for_transmission
                0x000000000000c0f6       0x22 build/z1/contiki-ng-z1.a(cc2420.o)
 .any.text.wait_for_status
                0x000000000000c118       0x24 build/z1/contiki-ng-z1.a(cc2420.o)
 .any.text.getrxdata
                0x000000000000c13c       0x4c build/z1/contiki-ng-z1.a(cc2420.o)
 .any.text.flushrx
                0x000000000000c188       0x1a build/z1/contiki-ng-z1.a(cc2420.o)
 .any.text.off  0x000000000000c1a2       0x28 build/z1/contiki-ng-z1.a(cc2420.o)
 .any.text.RELEASE_LOCK
                0x000000000000c1ca       0x28 build/z1/contiki-ng-z1.a(cc2420.o)
 .any.text.set_frame_filtering
                0x000000000000c1f2       0x30 build/z1/contiki-ng-z1.a(cc2420.o)
 .any.text.set_auto_ack
                0x000000000000c222       0x30 build/z1/contiki-ng-z1.a(cc2420.o)
 .any.text.set_poll_mode
                0x000000000000c252       0x2c build/z1/contiki-ng-z1.a(cc2420.o)
 .any.text.get_object
                0x000000000000c27e       0x20 build/z1/contiki-ng-z1.a(cc2420.o)
 .any.text.cc2420_prepare
                0x000000000000c29e       0x42 build/z1/contiki-ng-z1.a(cc2420.o)
 .any.text.cc2420_on
                0x000000000000c2e0       0x22 build/z1/contiki-ng-z1.a(cc2420.o)
                0x000000000000c2e0                cc2420_on
 .any.text.cc2420_transmit
                0x000000000000c302       0x66 build/z1/contiki-ng-z1.a(cc2420.o)
 .any.text.cc2420_send
                0x000000000000c368       0x12 build/z1/contiki-ng-z1.a(cc2420.o)
 .any.text.cc2420_off
                0x000000000000c37a       0x30 build/z1/contiki-ng-z1.a(cc2420.o)
                0x000000000000c37a                cc2420_off
 .any.text.cc2420_cca
                0x000000000000c3aa       0x54 build/z1/contiki-ng-z1.a(cc2420.o)
 .any.text.cc2420_read
                0x000000000000c3fe       0xba build/z1/contiki-ng-z1.a(cc2420.o)
 .any.text.process_thread_cc2420_process
                0x000000000000c4b8       0x62 build/z1/contiki-ng-z1.a(cc2420.o)
 .any.text.cc2420_set_channel